<html>
<body>
<pre>
<h1>礦ision Build Log</h1>
<h2>Project:</h2>
E:\A04学习\STM32F103学习\洋桃1号开发板教学视频示例程序\1-2-100-模拟I2C总线驱动OLED屏\YT32B1_STM32F103_demo.uvproj
Project File Date:  05/26/2021

<h2>Output:</h2>
Build target 'Target 1'
compiling core_cm3.c...
compiling system_stm32f10x.c...
compiling misc.c...
compiling stm32f10x_gpio.c...
compiling stm32f10x_rcc.c...
compiling stm32f10x_usart.c...
compiling stm32f10x_bkp.c...
compiling stm32f10x_pwr.c...
compiling stm32f10x_rtc.c...
compiling stm32f10x_flash.c...
compiling stm32f10x_i2c.c...
compiling main.c...
User\main.c(25): warning:  #177-D: variable "buffer" was declared but never referenced
compiling stm32f10x_it.c...
compiling delay.c...
compiling sys.c...
compiling flash.c...
compiling usart.c...
compiling rtc.c...
compiling i2c.c...
compiling led.c...
compiling key.c...
compiling buzzer.c...
compiling touch_key.c...
compiling TM1640.c...
compiling encoder.c...
compiling lm75a.c...
compiling oled0561.c...
linking...
Program Size: Code=15644 RO-data=2344 RW-data=60 ZI-data=1836  
FromELF: creating hex file...
"YT32B1_STM32F103_demo.axf" - 0 Error(s), 1 Warning(s).
Build target 'Target 1'
compiling io_i2c.c...
Basic\i2c\io_i2c.c(69): warning:  #61-D: integer operation result is out of range
Basic\i2c\io_i2c.c(69): warning:  #68-D: integer conversion resulted in a change of sign
Basic\i2c\io_i2c.c(137): warning:  #61-D: integer operation result is out of range
Basic\i2c\io_i2c.c(137): warning:  #68-D: integer conversion resulted in a change of sign
linking...
Program Size: Code=14956 RO-data=2344 RW-data=60 ZI-data=1836  
FromELF: creating hex file...
"YT32B1_STM32F103_demo.axf" - 0 Error(s), 4 Warning(s).
Build target 'Target 1'
compiling io_i2c.c...
Basic\i2c\io_i2c.c(69): warning:  #61-D: integer operation result is out of range
Basic\i2c\io_i2c.c(69): warning:  #68-D: integer conversion resulted in a change of sign
Basic\i2c\io_i2c.c(137): warning:  #61-D: integer operation result is out of range
Basic\i2c\io_i2c.c(137): warning:  #68-D: integer conversion resulted in a change of sign
linking...
Program Size: Code=14956 RO-data=2344 RW-data=60 ZI-data=1836  
FromELF: creating hex file...
"YT32B1_STM32F103_demo.axf" - 0 Error(s), 4 Warning(s).
Build target 'Target 1'
compiling main.c...
.\Basic\i2c\io_i2c.h(24): error:  #147: declaration is incompatible with "void I2C_SAND_BYTE(u8, u8, u8)" (declared at line 15 of ".\Basic\i2c\i2c.h")
.\Basic\i2c\io_i2c.h(27): error:  #147: declaration is incompatible with "void I2C_SAND_BUFFER(u8, u8, u8 *, u16)" (declared at line 14 of ".\Basic\i2c\i2c.h")
.\Basic\i2c\io_i2c.h(29): error:  #147-D: declaration is incompatible with "u8 I2C_READ_BYTE(u8, u8)" (declared at line 17 of ".\Basic\i2c\i2c.h")
.\Basic\i2c\io_i2c.h(32): error:  #147: declaration is incompatible with "void I2C_READ_BUFFER(u8, u8, u8 *, u16)" (declared at line 16 of ".\Basic\i2c\i2c.h")
User\main.c(25): warning:  #177-D: variable "buffer" was declared but never referenced
Target not created
Rebuild target 'Target 1'
compiling core_cm3.c...
compiling system_stm32f10x.c...
compiling misc.c...
compiling stm32f10x_gpio.c...
compiling stm32f10x_rcc.c...
compiling stm32f10x_usart.c...
compiling stm32f10x_bkp.c...
compiling stm32f10x_pwr.c...
compiling stm32f10x_rtc.c...
compiling stm32f10x_flash.c...
compiling stm32f10x_i2c.c...
assembling startup_stm32f10x_md.s...
compiling main.c...
.\Basic\i2c\io_i2c.h(24): error:  #147: declaration is incompatible with "void I2C_SAND_BYTE(u8, u8, u8)" (declared at line 15 of ".\Basic\i2c\i2c.h")
.\Basic\i2c\io_i2c.h(27): error:  #147: declaration is incompatible with "void I2C_SAND_BUFFER(u8, u8, u8 *, u16)" (declared at line 14 of ".\Basic\i2c\i2c.h")
.\Basic\i2c\io_i2c.h(29): error:  #147-D: declaration is incompatible with "u8 I2C_READ_BYTE(u8, u8)" (declared at line 17 of ".\Basic\i2c\i2c.h")
.\Basic\i2c\io_i2c.h(32): error:  #147: declaration is incompatible with "void I2C_READ_BUFFER(u8, u8, u8 *, u16)" (declared at line 16 of ".\Basic\i2c\i2c.h")
User\main.c(25): warning:  #177-D: variable "buffer" was declared but never referenced
compiling stm32f10x_it.c...
compiling delay.c...
compiling sys.c...
compiling flash.c...
compiling usart.c...
compiling rtc.c...
compiling io_i2c.c...
Basic\i2c\io_i2c.c(69): warning:  #61-D: integer operation result is out of range
Basic\i2c\io_i2c.c(69): warning:  #68-D: integer conversion resulted in a change of sign
Basic\i2c\io_i2c.c(137): warning:  #61-D: integer operation result is out of range
Basic\i2c\io_i2c.c(137): warning:  #68-D: integer conversion resulted in a change of sign
compiling led.c...
compiling key.c...
compiling buzzer.c...
compiling touch_key.c...
compiling TM1640.c...
compiling encoder.c...
compiling lm75a.c...
compiling oled0561.c...
Target not created
Build target 'Target 1'
compiling main.c...
.\Basic\i2c\i2c.h(14): error:  #147: declaration is incompatible with "u8 I2C_SAND_BUFFER(u8, u8, u8 *, u16)" (declared at line 27 of ".\Basic\i2c\io_i2c.h")
.\Basic\i2c\i2c.h(15): error:  #147: declaration is incompatible with "u8 I2C_SAND_BYTE(u8, u8, u8)" (declared at line 24 of ".\Basic\i2c\io_i2c.h")
.\Basic\i2c\i2c.h(16): error:  #147: declaration is incompatible with "u8 I2C_READ_BUFFER(u8, u8, u8 *, u16)" (declared at line 32 of ".\Basic\i2c\io_i2c.h")
.\Basic\i2c\i2c.h(17): error:  #147-D: declaration is incompatible with "u8 I2C_READ_BYTE(u8, u8, u8 *)" (declared at line 29 of ".\Basic\i2c\io_i2c.h")
User\main.c(24): warning:  #177-D: variable "buffer" was declared but never referenced
Target not created
Build target 'Target 1'
compiling core_cm3.c...
compiling system_stm32f10x.c...
compiling misc.c...
compiling stm32f10x_gpio.c...
compiling stm32f10x_rcc.c...
compiling stm32f10x_usart.c...
compiling stm32f10x_bkp.c...
compiling stm32f10x_pwr.c...
compiling stm32f10x_rtc.c...
compiling stm32f10x_flash.c...
compiling main.c...
.\Basic\i2c\i2c.h(14): error:  #147: declaration is incompatible with "u8 I2C_SAND_BUFFER(u8, u8, u8 *, u16)" (declared at line 27 of ".\Basic\i2c\io_i2c.h")
.\Basic\i2c\i2c.h(15): error:  #147: declaration is incompatible with "u8 I2C_SAND_BYTE(u8, u8, u8)" (declared at line 24 of ".\Basic\i2c\io_i2c.h")
.\Basic\i2c\i2c.h(16): error:  #147: declaration is incompatible with "u8 I2C_READ_BUFFER(u8, u8, u8 *, u16)" (declared at line 32 of ".\Basic\i2c\io_i2c.h")
.\Basic\i2c\i2c.h(17): error:  #147-D: declaration is incompatible with "u8 I2C_READ_BYTE(u8, u8, u8 *)" (declared at line 29 of ".\Basic\i2c\io_i2c.h")
User\main.c(24): warning:  #177-D: variable "buffer" was declared but never referenced
compiling stm32f10x_it.c...
compiling delay.c...
compiling sys.c...
compiling flash.c...
compiling usart.c...
compiling io_i2c.c...
Basic\i2c\io_i2c.c(69): warning:  #61-D: integer operation result is out of range
Basic\i2c\io_i2c.c(69): warning:  #68-D: integer conversion resulted in a change of sign
Basic\i2c\io_i2c.c(137): warning:  #61-D: integer operation result is out of range
Basic\i2c\io_i2c.c(137): warning:  #68-D: integer conversion resulted in a change of sign
compiling led.c...
compiling key.c...
compiling buzzer.c...
compiling touch_key.c...
compiling oled0561.c...
Target not created
Build target 'Target 1'
compiling main.c...
.\Basic\i2c\i2c.h(14): error:  #147: declaration is incompatible with "u8 I2C_SAND_BUFFER(u8, u8, u8 *, u16)" (declared at line 27 of ".\Basic\i2c\io_i2c.h")
.\Basic\i2c\i2c.h(15): error:  #147: declaration is incompatible with "u8 I2C_SAND_BYTE(u8, u8, u8)" (declared at line 24 of ".\Basic\i2c\io_i2c.h")
.\Basic\i2c\i2c.h(16): error:  #147: declaration is incompatible with "u8 I2C_READ_BUFFER(u8, u8, u8 *, u16)" (declared at line 32 of ".\Basic\i2c\io_i2c.h")
.\Basic\i2c\i2c.h(17): error:  #147-D: declaration is incompatible with "u8 I2C_READ_BYTE(u8, u8, u8 *)" (declared at line 29 of ".\Basic\i2c\io_i2c.h")
User\main.c(24): warning:  #177-D: variable "buffer" was declared but never referenced
Target not created
Build target 'Target 1'
compiling main.c...
User\main.c(24): warning:  #177-D: variable "buffer" was declared but never referenced
compiling oled0561.c...
linking...
Program Size: Code=13428 RO-data=2320 RW-data=48 ZI-data=1832  
FromELF: creating hex file...
"YT32B1_STM32F103_demo.axf" - 0 Error(s), 1 Warning(s).
Build target 'Target 1'
compiling main.c...
linking...
Program Size: Code=13428 RO-data=2320 RW-data=48 ZI-data=1832  
FromELF: creating hex file...
"YT32B1_STM32F103_demo.axf" - 0 Error(s), 0 Warning(s).
Build target 'Target 1'
compiling main.c...
linking...
Program Size: Code=13436 RO-data=2320 RW-data=48 ZI-data=1832  
FromELF: creating hex file...
"YT32B1_STM32F103_demo.axf" - 0 Error(s), 0 Warning(s).
Build target 'Target 1'
compiling main.c...
compiling io_i2c.c...
Basic\i2c\io_i2c.c(69): warning:  #61-D: integer operation result is out of range
Basic\i2c\io_i2c.c(69): warning:  #68-D: integer conversion resulted in a change of sign
Basic\i2c\io_i2c.c(137): warning:  #61-D: integer operation result is out of range
Basic\i2c\io_i2c.c(137): warning:  #68-D: integer conversion resulted in a change of sign
compiling oled0561.c...
linking...
Program Size: Code=13404 RO-data=2320 RW-data=48 ZI-data=1832  
FromELF: creating hex file...
"YT32B1_STM32F103_demo.axf" - 0 Error(s), 4 Warning(s).
Build target 'Target 1'
linking...
Program Size: Code=13404 RO-data=2320 RW-data=48 ZI-data=1832  
FromELF: creating hex file...
"YT32B1_STM32F103_demo.axf" - 0 Error(s), 0 Warning(s).
Build target 'Target 1'
compiling io_i2c.c...
Basic\i2c\io_i2c.c(70): warning:  #61-D: integer operation result is out of range
Basic\i2c\io_i2c.c(70): warning:  #68-D: integer conversion resulted in a change of sign
Basic\i2c\io_i2c.c(138): warning:  #61-D: integer operation result is out of range
Basic\i2c\io_i2c.c(138): warning:  #68-D: integer conversion resulted in a change of sign
linking...
Program Size: Code=13436 RO-data=2320 RW-data=48 ZI-data=1832  
FromELF: creating hex file...
"YT32B1_STM32F103_demo.axf" - 0 Error(s), 4 Warning(s).
Build target 'Target 1'
compiling io_i2c.c...
Basic\i2c\io_i2c.c(70): warning:  #61-D: integer operation result is out of range
Basic\i2c\io_i2c.c(70): warning:  #68-D: integer conversion resulted in a change of sign
Basic\i2c\io_i2c.c(138): warning:  #61-D: integer operation result is out of range
Basic\i2c\io_i2c.c(138): warning:  #68-D: integer conversion resulted in a change of sign
linking...
Program Size: Code=13444 RO-data=2320 RW-data=48 ZI-data=1832  
FromELF: creating hex file...
"YT32B1_STM32F103_demo.axf" - 0 Error(s), 4 Warning(s).
Build target 'Target 1'
compiling main.c...
compiling io_i2c.c...
Basic\i2c\io_i2c.c(70): warning:  #61-D: integer operation result is out of range
Basic\i2c\io_i2c.c(70): warning:  #68-D: integer conversion resulted in a change of sign
Basic\i2c\io_i2c.c(138): warning:  #61-D: integer operation result is out of range
Basic\i2c\io_i2c.c(138): warning:  #68-D: integer conversion resulted in a change of sign
compiling oled0561.c...
linking...
Program Size: Code=13412 RO-data=2320 RW-data=48 ZI-data=1832  
FromELF: creating hex file...
"YT32B1_STM32F103_demo.axf" - 0 Error(s), 4 Warning(s).
Build target 'Target 1'
linking...
Program Size: Code=13412 RO-data=2320 RW-data=48 ZI-data=1832  
FromELF: creating hex file...
"YT32B1_STM32F103_demo.axf" - 0 Error(s), 0 Warning(s).
