<html>
<body>
<pre>
<h1>礦ision Build Log</h1>
<h2>Project:</h2>
C:\Users\DYS7\Desktop\100步\1-2-44-独立看门狗测试程序\YT32B1_STM32F103_demo.uvproj
Project File Date:  07/14/2018

<h2>Output:</h2>
Build target 'Target 1'
compiling core_cm3.c...
compiling system_stm32f10x.c...
compiling misc.c...
compiling stm32f10x_gpio.c...
compiling stm32f10x_rcc.c...
compiling stm32f10x_usart.c...
compiling stm32f10x_pwr.c...
compiling stm32f10x_i2c.c...
compiling stm32f10x_rtc.c...
compiling stm32f10x_flash.c...
compiling stm32f10x_exti.c...
compiling main.c...
compiling stm32f10x_it.c...
compiling delay.c...
compiling sys.c...
compiling i2c.c...
compiling iwdg.c...
compiling relay.c...
compiling oled0561.c...
compiling led.c...
linking...
Program Size: Code=7288 RO-data=2956 RW-data=40 ZI-data=1632  
FromELF: creating hex file...
"YT32B1_STM32F103_demo.axf" - 0 Error(s), 0 Warning(s).
Build target 'Target 1'
compiling main.c...
compiling iwdg.c...
Basic\iwdg\iwdg.c(25): error:  #18: expected a ")"
Basic\iwdg\iwdg.c:   void IWDG_Init(u8 prer,u16 rlr){ //初始化独立看门狗
Basic\iwdg\iwdg.c:                              ^
Basic\iwdg\iwdg.c(25): error:  #141-D: unnamed prototyped parameters not allowed when body is present
Basic\iwdg\iwdg.c:   void IWDG_Init(u8 prer,u16 rlr){ //初始化独立看门狗
Basic\iwdg\iwdg.c:        ^
Basic\iwdg\iwdg.c: Basic\iwdg\iwdg.c: 0 warnings, 2 errors
Target not created
Build target 'Target 1'
compiling main.c...
compiling iwdg.c...
linking...
YT32B1_STM32F103_demo.axf: Error: L6218E: Undefined symbol IWDG_Enable (referred from iwdg.o).
YT32B1_STM32F103_demo.axf: Error: L6218E: Undefined symbol IWDG_ReloadCounter (referred from iwdg.o).
YT32B1_STM32F103_demo.axf: Error: L6218E: Undefined symbol IWDG_SetPrescaler (referred from iwdg.o).
YT32B1_STM32F103_demo.axf: Error: L6218E: Undefined symbol IWDG_SetReload (referred from iwdg.o).
YT32B1_STM32F103_demo.axf: Error: L6218E: Undefined symbol IWDG_WriteAccessCmd (referred from iwdg.o).
YT32B1_STM32F103_demo.axf: Not enough information to list image symbols.
YT32B1_STM32F103_demo.axf: Finished: 1 information, 0 warning and 5 error messages.
Target not created
compiling iwdg.c...
Basic\iwdg\iwdg.c - 0 Error(s), 0 Warning(s).
Build target 'Target 1'
compiling stm32f10x_iwdg.c...
linking...
Program Size: Code=7288 RO-data=2956 RW-data=40 ZI-data=1632  
FromELF: creating hex file...
"YT32B1_STM32F103_demo.axf" - 0 Error(s), 0 Warning(s).
Build target 'Target 1'
linking...
Program Size: Code=7288 RO-data=2956 RW-data=40 ZI-data=1632  
FromELF: creating hex file...
"YT32B1_STM32F103_demo.axf" - 0 Error(s), 0 Warning(s).
Build target 'Target 1'
compiling main.c...
compiling iwdg.c...
linking...
Program Size: Code=7404 RO-data=2956 RW-data=40 ZI-data=1632  
FromELF: creating hex file...
"YT32B1_STM32F103_demo.axf" - 0 Error(s), 0 Warning(s).
Build target 'Target 1'
compiling core_cm3.c...
compiling system_stm32f10x.c...
compiling misc.c...
compiling stm32f10x_gpio.c...
compiling stm32f10x_rcc.c...
compiling stm32f10x_usart.c...
compiling stm32f10x_pwr.c...
compiling stm32f10x_i2c.c...
compiling stm32f10x_rtc.c...
compiling stm32f10x_flash.c...
compiling stm32f10x_exti.c...
compiling stm32f10x_iwdg.c...
compiling main.c...
User\main.c(32): warning:  #223-D: function "KEY_Init" declared implicitly
User\main.c:    KEY_Init();//KEY
User\main.c:    ^
User\main.c: User\main.c: 1 warning, 0 errors
compiling stm32f10x_it.c...
compiling delay.c...
compiling sys.c...
compiling i2c.c...
compiling iwdg.c...
compiling relay.c...
compiling oled0561.c...
compiling led.c...
compiling key.c...
linking...
Program Size: Code=7444 RO-data=2956 RW-data=40 ZI-data=1632  
FromELF: creating hex file...
"YT32B1_STM32F103_demo.axf" - 0 Error(s), 1 Warning(s).
Build target 'Target 1'
compiling main.c...
User\main.c(32): warning:  #223-D: function "KEY_Init" declared implicitly
User\main.c:    KEY_Init();//KEY
User\main.c:    ^
User\main.c(47): error:  #20: identifier "KEYPORT" is undefined
User\main.c:            if(GPIO_ReadInputDataBit(KEYPORT,KEY1)){
User\main.c:                                     ^
User\main.c(47): error:  #20: identifier "KEY1" is undefined
User\main.c:            if(GPIO_ReadInputDataBit(KEYPORT,KEY1)){
User\main.c:                                             ^
User\main.c: User\main.c: 1 warning, 2 errors
Target not created
Build target 'Target 1'
compiling main.c...
linking...
Program Size: Code=7528 RO-data=2956 RW-data=40 ZI-data=1632  
FromELF: creating hex file...
"YT32B1_STM32F103_demo.axf" - 0 Error(s), 0 Warning(s).
Build target 'Target 1'
compiling main.c...
compiling iwdg.c...
linking...
Program Size: Code=7528 RO-data=2956 RW-data=40 ZI-data=1632  
FromELF: creating hex file...
"YT32B1_STM32F103_demo.axf" - 0 Error(s), 0 Warning(s).
Build target 'Target 1'
compiling main.c...
linking...
Program Size: Code=7528 RO-data=2956 RW-data=40 ZI-data=1632  
FromELF: creating hex file...
"YT32B1_STM32F103_demo.axf" - 0 Error(s), 0 Warning(s).
