Component: ARM Compiler 5.06 update 6 (build 750) Tool: armlink [4d35ed]

==============================================================================

Section Cross References

    startup_stm32l053xx.o(RESET) refers to startup_stm32l053xx.o(STACK) for __initial_sp
    startup_stm32l053xx.o(RESET) refers to startup_stm32l053xx.o(.text) for Reset_Handler
    startup_stm32l053xx.o(RESET) refers to main.o(i.NMI_Handler) for NMI_Handler
    startup_stm32l053xx.o(RESET) refers to main.o(i.HardFault_Handler) for HardFault_Handler
    startup_stm32l053xx.o(RESET) refers to main.o(i.SVC_Handler) for SVC_Handler
    startup_stm32l053xx.o(RESET) refers to main.o(i.PendSV_Handler) for PendSV_Handler
    startup_stm32l053xx.o(RESET) refers to main.o(i.SysTick_Handler) for SysTick_Handler
    startup_stm32l053xx.o(RESET) refers to main.o(i.RTC_IRQHandler) for RTC_IRQHandler
    startup_stm32l053xx.o(RESET) refers to main.o(i.EXTI0_1_IRQHandler) for EXTI0_1_IRQHandler
    startup_stm32l053xx.o(RESET) refers to main.o(i.USART1_IRQHandler) for USART1_IRQHandler
    startup_stm32l053xx.o(.text) refers to system_stm32l0xx.o(i.SystemInit) for SystemInit
    startup_stm32l053xx.o(.text) refers to entry.o(.ARM.Collect$$$$00000000) for __main
    system_stm32l0xx.o(i.SystemCoreClockUpdate) refers to uidiv.o(.text) for __aeabi_uidivmod
    system_stm32l0xx.o(i.SystemCoreClockUpdate) refers to system_stm32l0xx.o(.data) for .data
    main.o(i.EXTI0_1_IRQHandler) refers to main.o(.data) for .data
    main.o(i.Process) refers to main.o(i.__ARM_common_switch8) for __ARM_common_switch8
    main.o(i.Process) refers to strcpy.o(.text) for strcpy
    main.o(i.Process) refers to main.o(i.Init_RTC) for Init_RTC
    main.o(i.Process) refers to main.o(.data) for .data
    main.o(i.RTC_IRQHandler) refers to main.o(.data) for .data
    main.o(i.SysTick_Config) refers to main.o(i.NVIC_SetPriority) for NVIC_SetPriority
    main.o(i.SysTick_Handler) refers to main.o(.data) for .data
    main.o(i.USART1_IRQHandler) refers to main.o(.data) for .data
    main.o(i.main) refers to main.o(i.SysTick_Config) for SysTick_Config
    main.o(i.main) refers to main.o(i.SystemClock_Config) for SystemClock_Config
    main.o(i.main) refers to main.o(i.Configure_GPIO_LED) for Configure_GPIO_LED
    main.o(i.main) refers to main.o(i.Configure_GPIO_USART1) for Configure_GPIO_USART1
    main.o(i.main) refers to main.o(i.Configure_USART1) for Configure_USART1
    main.o(i.main) refers to main.o(i.Configure_RTC) for Configure_RTC
    main.o(i.main) refers to main.o(i.Init_RTC) for Init_RTC
    main.o(i.main) refers to main.o(i.Process) for Process
    main.o(i.main) refers to main.o(.data) for .data
    entry.o(.ARM.Collect$$$$00000000) refers (Special) to entry10a.o(.ARM.Collect$$$$0000000D) for __rt_final_cpp
    entry.o(.ARM.Collect$$$$00000000) refers (Special) to entry11a.o(.ARM.Collect$$$$0000000F) for __rt_final_exit
    entry.o(.ARM.Collect$$$$00000000) refers (Special) to entry7b.o(.ARM.Collect$$$$00000008) for _main_clock
    entry.o(.ARM.Collect$$$$00000000) refers (Special) to entry8b.o(.ARM.Collect$$$$0000000A) for _main_cpp_init
    entry.o(.ARM.Collect$$$$00000000) refers (Special) to entry9a.o(.ARM.Collect$$$$0000000B) for _main_init
    entry.o(.ARM.Collect$$$$00000000) refers (Special) to entry5.o(.ARM.Collect$$$$00000004) for _main_scatterload
    entry.o(.ARM.Collect$$$$00000000) refers (Special) to entry2.o(.ARM.Collect$$$$00000001) for _main_stk
    entry2.o(.ARM.Collect$$$$00000001) refers to entry2.o(.ARM.Collect$$$$00002712) for __lit__00000000
    entry2.o(.ARM.Collect$$$$00002712) refers to startup_stm32l053xx.o(STACK) for __initial_sp
    entry2.o(__vectab_stack_and_reset_area) refers to startup_stm32l053xx.o(STACK) for __initial_sp
    entry2.o(__vectab_stack_and_reset_area) refers to entry.o(.ARM.Collect$$$$00000000) for __main
    entry5.o(.ARM.Collect$$$$00000004) refers to init.o(.text) for __scatterload
    entry9a.o(.ARM.Collect$$$$0000000B) refers to main.o(i.main) for main
    entry9b.o(.ARM.Collect$$$$0000000C) refers to main.o(i.main) for main
    init.o(.text) refers to entry5.o(.ARM.Collect$$$$00000004) for __main_after_scatterload
    main.o(i.Configure_RTC) refers to main.o(i.NVIC_SetPriority) for NVIC_SetPriority
    main.o(i.Configure_USART1) refers to main.o(i.NVIC_SetPriority) for NVIC_SetPriority
    main.o(i.SystemClock_Config) refers to main.o(.data) for .data


==============================================================================

Removing Unused input sections from the image.

    Removing startup_stm32l053xx.o(HEAP), (512 bytes).
    Removing system_stm32l0xx.o(.rev16_text), (4 bytes).
    Removing system_stm32l0xx.o(.revsh_text), (4 bytes).
    Removing system_stm32l0xx.o(i.SystemCoreClockUpdate), (132 bytes).
    Removing system_stm32l0xx.o(.data), (29 bytes).
    Removing main.o(.rev16_text), (4 bytes).
    Removing main.o(.revsh_text), (4 bytes).

7 unused section(s) (total 689 bytes) removed from the image.

==============================================================================

Image Symbol Table

    Local Symbols

    Symbol Name                              Value     Ov Type        Size  Object(Section)

    ../../../../Drivers/CMSIS/Device/ST/STM32L0xx/Source/Templates/arm/startup_stm32l053xx.s 0x00000000   Number         0  startup_stm32l053xx.o ABSOLUTE
    ../../../../Drivers/CMSIS/Device/ST/STM32L0xx/Source/Templates/system_stm32l0xx.c 0x00000000   Number         0  system_stm32l0xx.o ABSOLUTE
    ../clib/microlib/division.c              0x00000000   Number         0  uidiv.o ABSOLUTE
    ../clib/microlib/init/entry.s            0x00000000   Number         0  entry.o ABSOLUTE
    ../clib/microlib/init/entry.s            0x00000000   Number         0  entry11b.o ABSOLUTE
    ../clib/microlib/init/entry.s            0x00000000   Number         0  entry10b.o ABSOLUTE
    ../clib/microlib/init/entry.s            0x00000000   Number         0  entry10a.o ABSOLUTE
    ../clib/microlib/init/entry.s            0x00000000   Number         0  entry11a.o ABSOLUTE
    ../clib/microlib/init/entry.s            0x00000000   Number         0  entry9b.o ABSOLUTE
    ../clib/microlib/init/entry.s            0x00000000   Number         0  entry9a.o ABSOLUTE
    ../clib/microlib/init/entry.s            0x00000000   Number         0  entry8b.o ABSOLUTE
    ../clib/microlib/init/entry.s            0x00000000   Number         0  entry2.o ABSOLUTE
    ../clib/microlib/init/entry.s            0x00000000   Number         0  entry8a.o ABSOLUTE
    ../clib/microlib/init/entry.s            0x00000000   Number         0  entry7b.o ABSOLUTE
    ../clib/microlib/init/entry.s            0x00000000   Number         0  entry7a.o ABSOLUTE
    ../clib/microlib/init/entry.s            0x00000000   Number         0  entry5.o ABSOLUTE
    ../clib/microlib/string/strcpy.c         0x00000000   Number         0  strcpy.o ABSOLUTE
    ../main.c                                0x00000000   Number         0  main.o ABSOLUTE
    ..\..\..\..\Drivers\CMSIS\Device\ST\STM32L0xx\Source\Templates\system_stm32l0xx.c 0x00000000   Number         0  system_stm32l0xx.o ABSOLUTE
    ..\main.c                                0x00000000   Number         0  main.o ABSOLUTE
    dc.s                                     0x00000000   Number         0  dc.o ABSOLUTE
    handlers.s                               0x00000000   Number         0  handlers.o ABSOLUTE
    init.s                                   0x00000000   Number         0  init.o ABSOLUTE
    RESET                                    0x08000000   Section      192  startup_stm32l053xx.o(RESET)
    .ARM.Collect$$$$00000000                 0x080000c0   Section        0  entry.o(.ARM.Collect$$$$00000000)
    .ARM.Collect$$$$00000001                 0x080000c0   Section        4  entry2.o(.ARM.Collect$$$$00000001)
    .ARM.Collect$$$$00000004                 0x080000c4   Section        4  entry5.o(.ARM.Collect$$$$00000004)
    .ARM.Collect$$$$00000008                 0x080000c8   Section        0  entry7b.o(.ARM.Collect$$$$00000008)
    .ARM.Collect$$$$0000000A                 0x080000c8   Section        0  entry8b.o(.ARM.Collect$$$$0000000A)
    .ARM.Collect$$$$0000000B                 0x080000c8   Section        8  entry9a.o(.ARM.Collect$$$$0000000B)
    .ARM.Collect$$$$0000000D                 0x080000d0   Section        0  entry10a.o(.ARM.Collect$$$$0000000D)
    .ARM.Collect$$$$0000000F                 0x080000d0   Section        0  entry11a.o(.ARM.Collect$$$$0000000F)
    .ARM.Collect$$$$00002712                 0x080000d0   Section        4  entry2.o(.ARM.Collect$$$$00002712)
    __lit__00000000                          0x080000d0   Data           4  entry2.o(.ARM.Collect$$$$00002712)
    .text                                    0x080000d4   Section       32  startup_stm32l053xx.o(.text)
    .text                                    0x080000f4   Section        0  strcpy.o(.text)
    .text                                    0x08000108   Section       36  init.o(.text)
    i.Configure_GPIO_LED                     0x0800012c   Section        0  main.o(i.Configure_GPIO_LED)
    i.Configure_GPIO_USART1                  0x08000168   Section        0  main.o(i.Configure_GPIO_USART1)
    i.Configure_RTC                          0x0800019c   Section        0  main.o(i.Configure_RTC)
    i.Configure_USART1                       0x08000254   Section        0  main.o(i.Configure_USART1)
    i.EXTI0_1_IRQHandler                     0x080002a0   Section        0  main.o(i.EXTI0_1_IRQHandler)
    i.HardFault_Handler                      0x080002bc   Section        0  main.o(i.HardFault_Handler)
    i.Init_RTC                               0x080002c0   Section        0  main.o(i.Init_RTC)
    i.NMI_Handler                            0x080002f8   Section        0  main.o(i.NMI_Handler)
    i.NVIC_SetPriority                       0x080002fc   Section        0  main.o(i.NVIC_SetPriority)
    NVIC_SetPriority                         0x080002fd   Thumb Code    60  main.o(i.NVIC_SetPriority)
    i.PendSV_Handler                         0x08000340   Section        0  main.o(i.PendSV_Handler)
    i.Process                                0x08000344   Section        0  main.o(i.Process)
    i.RTC_IRQHandler                         0x080005e4   Section        0  main.o(i.RTC_IRQHandler)
    i.SVC_Handler                            0x0800064c   Section        0  main.o(i.SVC_Handler)
    i.SysTick_Config                         0x08000650   Section        0  main.o(i.SysTick_Config)
    SysTick_Config                           0x08000651   Thumb Code    38  main.o(i.SysTick_Config)
    i.SysTick_Handler                        0x08000680   Section        0  main.o(i.SysTick_Handler)
    i.SystemClock_Config                     0x080006f0   Section        0  main.o(i.SystemClock_Config)
    i.SystemInit                             0x08000790   Section        0  system_stm32l0xx.o(i.SystemInit)
    i.USART1_IRQHandler                      0x080007e4   Section        0  main.o(i.USART1_IRQHandler)
    i.__ARM_common_switch8                   0x08000834   Section        0  main.o(i.__ARM_common_switch8)
    i.__scatterload_copy                     0x0800084e   Section       14  handlers.o(i.__scatterload_copy)
    i.__scatterload_null                     0x0800085c   Section        2  handlers.o(i.__scatterload_null)
    i.__scatterload_zeroinit                 0x0800085e   Section       14  handlers.o(i.__scatterload_zeroinit)
    i.main                                   0x0800086c   Section        0  main.o(i.main)
    .data                                    0x20000000   Section       48  main.o(.data)
    error_temp                               0x20000008   Data           2  main.o(.data)
    NewTime                                  0x2000000c   Data           4  main.o(.data)
    long_counter                             0x20000010   Data           4  main.o(.data)
    short_counter                            0x20000014   Data           4  main.o(.data)
    Tick                                     0x20000018   Data           4  main.o(.data)
    STACK                                    0x20000030   Section     1024  startup_stm32l053xx.o(STACK)

    Global Symbols

    Symbol Name                              Value     Ov Type        Size  Object(Section)

    BuildAttributes$$THM_ISAv3M$S$PE$A:L22$X:L11$S22$IEEE1$IW$USESV6$~STKCKD$USESV7$~SHL$OSPACE$EBA8$MICROLIB$REQ8$PRES8$EABIv2 0x00000000   Number         0  anon$$obj.o ABSOLUTE
    __ARM_use_no_argv                        0x00000000   Number         0  main.o ABSOLUTE
    __cpp_initialize__aeabi_                  - Undefined Weak Reference
    __cxa_finalize                            - Undefined Weak Reference
    __decompress                              - Undefined Weak Reference
    _clock_init                               - Undefined Weak Reference
    _microlib_exit                            - Undefined Weak Reference
    __Vectors_Size                           0x000000c0   Number         0  startup_stm32l053xx.o ABSOLUTE
    __Vectors                                0x08000000   Data           4  startup_stm32l053xx.o(RESET)
    __Vectors_End                            0x080000c0   Data           0  startup_stm32l053xx.o(RESET)
    __main                                   0x080000c1   Thumb Code     0  entry.o(.ARM.Collect$$$$00000000)
    _main_stk                                0x080000c1   Thumb Code     0  entry2.o(.ARM.Collect$$$$00000001)
    _main_scatterload                        0x080000c5   Thumb Code     0  entry5.o(.ARM.Collect$$$$00000004)
    __main_after_scatterload                 0x080000c9   Thumb Code     0  entry5.o(.ARM.Collect$$$$00000004)
    _main_clock                              0x080000c9   Thumb Code     0  entry7b.o(.ARM.Collect$$$$00000008)
    _main_cpp_init                           0x080000c9   Thumb Code     0  entry8b.o(.ARM.Collect$$$$0000000A)
    _main_init                               0x080000c9   Thumb Code     0  entry9a.o(.ARM.Collect$$$$0000000B)
    __rt_final_cpp                           0x080000d1   Thumb Code     0  entry10a.o(.ARM.Collect$$$$0000000D)
    __rt_final_exit                          0x080000d1   Thumb Code     0  entry11a.o(.ARM.Collect$$$$0000000F)
    Reset_Handler                            0x080000d5   Thumb Code     8  startup_stm32l053xx.o(.text)
    DebugMon_Handler                         0x080000e3   Thumb Code     2  startup_stm32l053xx.o(.text)
    ADC1_COMP_IRQHandler                     0x080000e9   Thumb Code     0  startup_stm32l053xx.o(.text)
    DMA1_Channel1_IRQHandler                 0x080000e9   Thumb Code     0  startup_stm32l053xx.o(.text)
    DMA1_Channel2_3_IRQHandler               0x080000e9   Thumb Code     0  startup_stm32l053xx.o(.text)
    DMA1_Channel4_5_6_7_IRQHandler           0x080000e9   Thumb Code     0  startup_stm32l053xx.o(.text)
    EXTI2_3_IRQHandler                       0x080000e9   Thumb Code     0  startup_stm32l053xx.o(.text)
    EXTI4_15_IRQHandler                      0x080000e9   Thumb Code     0  startup_stm32l053xx.o(.text)
    FLASH_IRQHandler                         0x080000e9   Thumb Code     0  startup_stm32l053xx.o(.text)
    I2C1_IRQHandler                          0x080000e9   Thumb Code     0  startup_stm32l053xx.o(.text)
    I2C2_IRQHandler                          0x080000e9   Thumb Code     0  startup_stm32l053xx.o(.text)
    LCD_IRQHandler                           0x080000e9   Thumb Code     0  startup_stm32l053xx.o(.text)
    LPTIM1_IRQHandler                        0x080000e9   Thumb Code     0  startup_stm32l053xx.o(.text)
    PVD_IRQHandler                           0x080000e9   Thumb Code     0  startup_stm32l053xx.o(.text)
    RCC_CRS_IRQHandler                       0x080000e9   Thumb Code     0  startup_stm32l053xx.o(.text)
    RNG_LPUART1_IRQHandler                   0x080000e9   Thumb Code     0  startup_stm32l053xx.o(.text)
    SPI1_IRQHandler                          0x080000e9   Thumb Code     0  startup_stm32l053xx.o(.text)
    SPI2_IRQHandler                          0x080000e9   Thumb Code     0  startup_stm32l053xx.o(.text)
    TIM21_IRQHandler                         0x080000e9   Thumb Code     0  startup_stm32l053xx.o(.text)
    TIM22_IRQHandler                         0x080000e9   Thumb Code     0  startup_stm32l053xx.o(.text)
    TIM2_IRQHandler                          0x080000e9   Thumb Code     0  startup_stm32l053xx.o(.text)
    TIM6_DAC_IRQHandler                      0x080000e9   Thumb Code     0  startup_stm32l053xx.o(.text)
    TSC_IRQHandler                           0x080000e9   Thumb Code     0  startup_stm32l053xx.o(.text)
    USART2_IRQHandler                        0x080000e9   Thumb Code     0  startup_stm32l053xx.o(.text)
    USB_IRQHandler                           0x080000e9   Thumb Code     0  startup_stm32l053xx.o(.text)
    WWDG_IRQHandler                          0x080000e9   Thumb Code     0  startup_stm32l053xx.o(.text)
    strcpy                                   0x080000f5   Thumb Code    18  strcpy.o(.text)
    __scatterload                            0x08000109   Thumb Code    28  init.o(.text)
    __scatterload_rt2                        0x08000109   Thumb Code     0  init.o(.text)
    Configure_GPIO_LED                       0x0800012d   Thumb Code    50  main.o(i.Configure_GPIO_LED)
    Configure_GPIO_USART1                    0x08000169   Thumb Code    46  main.o(i.Configure_GPIO_USART1)
    Configure_RTC                            0x0800019d   Thumb Code   156  main.o(i.Configure_RTC)
    Configure_USART1                         0x08000255   Thumb Code    58  main.o(i.Configure_USART1)
    EXTI0_1_IRQHandler                       0x080002a1   Thumb Code    18  main.o(i.EXTI0_1_IRQHandler)
    HardFault_Handler                        0x080002bd   Thumb Code     2  main.o(i.HardFault_Handler)
    Init_RTC                                 0x080002c1   Thumb Code    48  main.o(i.Init_RTC)
    NMI_Handler                              0x080002f9   Thumb Code     2  main.o(i.NMI_Handler)
    PendSV_Handler                           0x08000341   Thumb Code     2  main.o(i.PendSV_Handler)
    Process                                  0x08000345   Thumb Code   520  main.o(i.Process)
    RTC_IRQHandler                           0x080005e5   Thumb Code    76  main.o(i.RTC_IRQHandler)
    SVC_Handler                              0x0800064d   Thumb Code     2  main.o(i.SVC_Handler)
    SysTick_Handler                          0x08000681   Thumb Code   102  main.o(i.SysTick_Handler)
    SystemClock_Config                       0x080006f1   Thumb Code   144  main.o(i.SystemClock_Config)
    SystemInit                               0x08000791   Thumb Code    66  system_stm32l0xx.o(i.SystemInit)
    USART1_IRQHandler                        0x080007e5   Thumb Code    68  main.o(i.USART1_IRQHandler)
    __ARM_common_switch8                     0x08000835   Thumb Code    26  main.o(i.__ARM_common_switch8)
    __scatterload_copy                       0x0800084f   Thumb Code    14  handlers.o(i.__scatterload_copy)
    __scatterload_null                       0x0800085d   Thumb Code     2  handlers.o(i.__scatterload_null)
    __scatterload_zeroinit                   0x0800085f   Thumb Code    14  handlers.o(i.__scatterload_zeroinit)
    main                                     0x0800086d   Thumb Code    58  main.o(i.main)
    Region$$Table$$Base                      0x080008ac   Number         0  anon$$obj.o(Region$$Table)
    Region$$Table$$Limit                     0x080008cc   Number         0  anon$$obj.o(Region$$Table)
    send                                     0x20000000   Data           1  main.o(.data)
    RTC_InitializationMode                   0x20000001   Data           1  main.o(.data)
    CharToReceive                            0x20000002   Data           1  main.o(.data)
    CharReceived                             0x20000003   Data           1  main.o(.data)
    Alarm                                    0x20000004   Data           1  main.o(.data)
    error                                    0x20000006   Data           2  main.o(.data)
    stringtosend                             0x2000001c   Data          20  main.o(.data)
    __initial_sp                             0x20000430   Data           0  startup_stm32l053xx.o(STACK)



==============================================================================

Memory Map of the image

  Image Entry point : 0x080000c1

  Load Region LR_IROM1 (Base: 0x08000000, Size: 0x000008fc, Max: 0x00010000, ABSOLUTE)

    Execution Region ER_IROM1 (Exec base: 0x08000000, Load base: 0x08000000, Size: 0x000008cc, Max: 0x00010000, ABSOLUTE)

    Exec Addr    Load Addr    Size         Type   Attr      Idx    E Section Name        Object

    0x08000000   0x08000000   0x000000c0   Data   RO            3    RESET               startup_stm32l053xx.o
    0x080000c0   0x080000c0   0x00000000   Code   RO          196  * .ARM.Collect$$$$00000000  mc_p.l(entry.o)
    0x080000c0   0x080000c0   0x00000004   Code   RO          203    .ARM.Collect$$$$00000001  mc_p.l(entry2.o)
    0x080000c4   0x080000c4   0x00000004   Code   RO          206    .ARM.Collect$$$$00000004  mc_p.l(entry5.o)
    0x080000c8   0x080000c8   0x00000000   Code   RO          208    .ARM.Collect$$$$00000008  mc_p.l(entry7b.o)
    0x080000c8   0x080000c8   0x00000000   Code   RO          210    .ARM.Collect$$$$0000000A  mc_p.l(entry8b.o)
    0x080000c8   0x080000c8   0x00000008   Code   RO          211    .ARM.Collect$$$$0000000B  mc_p.l(entry9a.o)
    0x080000d0   0x080000d0   0x00000000   Code   RO          213    .ARM.Collect$$$$0000000D  mc_p.l(entry10a.o)
    0x080000d0   0x080000d0   0x00000000   Code   RO          215    .ARM.Collect$$$$0000000F  mc_p.l(entry11a.o)
    0x080000d0   0x080000d0   0x00000004   Code   RO          204    .ARM.Collect$$$$00002712  mc_p.l(entry2.o)
    0x080000d4   0x080000d4   0x00000020   Code   RO            4    .text               startup_stm32l053xx.o
    0x080000f4   0x080000f4   0x00000012   Code   RO          201    .text               mc_p.l(strcpy.o)
    0x08000106   0x08000106   0x00000002   PAD
    0x08000108   0x08000108   0x00000024   Code   RO          217    .text               mc_p.l(init.o)
    0x0800012c   0x0800012c   0x0000003c   Code   RO          169    i.Configure_GPIO_LED  main.o
    0x08000168   0x08000168   0x00000034   Code   RO          163    i.Configure_GPIO_USART1  main.o
    0x0800019c   0x0800019c   0x000000b8   Code   RO          151    i.Configure_RTC     main.o
    0x08000254   0x08000254   0x0000004c   Code   RO          157    i.Configure_USART1  main.o
    0x080002a0   0x080002a0   0x0000001c   Code   RO           63    i.EXTI0_1_IRQHandler  main.o
    0x080002bc   0x080002bc   0x00000002   Code   RO           64    i.HardFault_Handler  main.o
    0x080002be   0x080002be   0x00000002   PAD
    0x080002c0   0x080002c0   0x00000038   Code   RO          145    i.Init_RTC          main.o
    0x080002f8   0x080002f8   0x00000002   Code   RO           65    i.NMI_Handler       main.o
    0x080002fa   0x080002fa   0x00000002   PAD
    0x080002fc   0x080002fc   0x00000044   Code   RO           66    i.NVIC_SetPriority  main.o
    0x08000340   0x08000340   0x00000002   Code   RO           67    i.PendSV_Handler    main.o
    0x08000342   0x08000342   0x00000002   PAD
    0x08000344   0x08000344   0x000002a0   Code   RO           68    i.Process           main.o
    0x080005e4   0x080005e4   0x00000068   Code   RO           69    i.RTC_IRQHandler    main.o
    0x0800064c   0x0800064c   0x00000002   Code   RO           70    i.SVC_Handler       main.o
    0x0800064e   0x0800064e   0x00000002   PAD
    0x08000650   0x08000650   0x00000030   Code   RO           71    i.SysTick_Config    main.o
    0x08000680   0x08000680   0x00000070   Code   RO           72    i.SysTick_Handler   main.o
    0x080006f0   0x080006f0   0x000000a0   Code   RO          175    i.SystemClock_Config  main.o
    0x08000790   0x08000790   0x00000054   Code   RO           13    i.SystemInit        system_stm32l0xx.o
    0x080007e4   0x080007e4   0x00000050   Code   RO           73    i.USART1_IRQHandler  main.o
    0x08000834   0x08000834   0x0000001a   Code   RO          181    i.__ARM_common_switch8  main.o
    0x0800084e   0x0800084e   0x0000000e   Code   RO          221    i.__scatterload_copy  mc_p.l(handlers.o)
    0x0800085c   0x0800085c   0x00000002   Code   RO          222    i.__scatterload_null  mc_p.l(handlers.o)
    0x0800085e   0x0800085e   0x0000000e   Code   RO          223    i.__scatterload_zeroinit  mc_p.l(handlers.o)
    0x0800086c   0x0800086c   0x00000040   Code   RO           74    i.main              main.o
    0x080008ac   0x080008ac   0x00000020   Data   RO          219    Region$$Table       anon$$obj.o


    Execution Region RW_IRAM1 (Exec base: 0x20000000, Load base: 0x080008cc, Size: 0x00000430, Max: 0x00002000, ABSOLUTE)

    Exec Addr    Load Addr    Size         Type   Attr      Idx    E Section Name        Object

    0x20000000   0x080008cc   0x00000030   Data   RW           75    .data               main.o
    0x20000030        -       0x00000400   Zero   RW            1    STACK               startup_stm32l053xx.o


==============================================================================

Image component sizes


      Code (inc. data)   RO Data    RW Data    ZI Data      Debug   Object Name

      1798        338          0         48          0      18672   main.o
        32         10        192          0       1024        848   startup_stm32l053xx.o
        84         18          0          0          0     119769   system_stm32l0xx.o

    ----------------------------------------------------------------------
      1922        366        224         48       1024     139289   Object Totals
         0          0         32          0          0          0   (incl. Generated)
         8          0          0          0          0          0   (incl. Padding)

    ----------------------------------------------------------------------

      Code (inc. data)   RO Data    RW Data    ZI Data      Debug   Library Member Name

         0          0          0          0          0          0   entry.o
         0          0          0          0          0          0   entry10a.o
         0          0          0          0          0          0   entry11a.o
         8          4          0          0          0          0   entry2.o
         4          0          0          0          0          0   entry5.o
         0          0          0          0          0          0   entry7b.o
         0          0          0          0          0          0   entry8b.o
         8          4          0          0          0          0   entry9a.o
        30          0          0          0          0          0   handlers.o
        36          8          0          0          0         68   init.o
        18          0          0          0          0         60   strcpy.o

    ----------------------------------------------------------------------
       106         16          0          0          0        128   Library Totals
         2          0          0          0          0          0   (incl. Padding)

    ----------------------------------------------------------------------

      Code (inc. data)   RO Data    RW Data    ZI Data      Debug   Library Name

       104         16          0          0          0        128   mc_p.l

    ----------------------------------------------------------------------
       106         16          0          0          0        128   Library Totals

    ----------------------------------------------------------------------

==============================================================================


      Code (inc. data)   RO Data    RW Data    ZI Data      Debug   

      2028        382        224         48       1024     138865   Grand Totals
      2028        382        224         48       1024     138865   ELF Image Totals
      2028        382        224         48          0          0   ROM Totals

==============================================================================

    Total RO  Size (Code + RO Data)                 2252 (   2.20kB)
    Total RW  Size (RW Data + ZI Data)              1072 (   1.05kB)
    Total ROM Size (Code + RO Data + RW Data)       2300 (   2.25kB)

==============================================================================

