<html>
<body>
<pre>
<h1>礦ision Build Log</h1>
<h2>Project:</h2>
C:\Users\DYS7\Desktop\100步\1-2-41-睡眠模式测试程序\YT32B1_STM32F103_demo.uvproj
Project File Date:  07/14/2018

<h2>Output:</h2>
Build target 'Target 1'
compiling main.c...
linking...
Program Size: Code=7884 RO-data=2956 RW-data=44 ZI-data=1636  
FromELF: creating hex file...
"YT32B1_STM32F103_demo.axf" - 0 Error(s), 0 Warning(s).
Build target 'Target 1'
compiling main.c...
User\main.c(51): error:  #20: identifier "EABLE" is undefined
User\main.c:            NVIC_SystemLPConfig(NVIC_LP_SEVONPEND,EABLE);
User\main.c:                                                  ^
User\main.c: User\main.c: 0 warnings, 1 error
Target not created
