<html>
<body>
<pre>
<h1>礦ision Build Log</h1>
<h2>Project:</h2>
C:\Users\DYS7\Desktop\100步\1-2-16-按键滑动程序\YT32B1_STM32F103_demo.uvproj
Project File Date:  01/27/2018

<h2>Output:</h2>
Build target 'Target 1'
compiling main.c...
User\main.c(34): error:  #29: expected an expression
User\main.c:            if(!GPIO_ReadInputDataBit(TOUCH_KEYPORT,TOUCH_KEY_A | TOUCH_KEY_B |TOUCH_KEY_C |TOUCH_KEY_D |)){ //检测按键是否按下
User\main.c:                                                                                                         ^
User\main.c: User\main.c: 0 warnings, 1 error
Target not created
Build target 'Target 1'
compiling main.c...
linking...
Program Size: Code=13758 RO-data=806 RW-data=60 ZI-data=1836  
FromELF: creating hex file...
"YT32B1_STM32F103_demo.axf" - 0 Error(s), 0 Warning(s).
Build target 'Target 1'
compiling main.c...
User\main.c(28): warning:  #177-D: variable "a" was declared but never referenced
User\main.c:    u8 a=0,b,c=0;
User\main.c:       ^
User\main.c(28): warning:  #177-D: variable "b" was declared but never referenced
User\main.c:    u8 a=0,b,c=0;
User\main.c:           ^
User\main.c(28): warning:  #177-D: variable "c" was declared but never referenced
User\main.c:    u8 a=0,b,c=0;
User\main.c:             ^
User\main.c: User\main.c: 3 warnings, 0 errors
linking...
Program Size: Code=13718 RO-data=806 RW-data=60 ZI-data=1836  
FromELF: creating hex file...
"YT32B1_STM32F103_demo.axf" - 0 Error(s), 3 Warning(s).
Build target 'Target 1'
compiling main.c...
linking...
Program Size: Code=13746 RO-data=806 RW-data=60 ZI-data=1836  
FromELF: creating hex file...
"YT32B1_STM32F103_demo.axf" - 0 Error(s), 0 Warning(s).
Build target 'Target 1'
compiling main.c...
linking...
Program Size: Code=13746 RO-data=806 RW-data=60 ZI-data=1836  
FromELF: creating hex file...
"YT32B1_STM32F103_demo.axf" - 0 Error(s), 0 Warning(s).
Build target 'Target 1'
compiling main.c...
linking...
Program Size: Code=13746 RO-data=806 RW-data=60 ZI-data=1836  
FromELF: creating hex file...
"YT32B1_STM32F103_demo.axf" - 0 Error(s), 0 Warning(s).
Build target 'Target 1'
compiling main.c...
linking...
Program Size: Code=13786 RO-data=806 RW-data=60 ZI-data=1836  
FromELF: creating hex file...
"YT32B1_STM32F103_demo.axf" - 0 Error(s), 0 Warning(s).
Build target 'Target 1'
compiling main.c...
User\main.c(34): error:  #20: identifier "t" is undefined
User\main.c:            delay_us(t); //延时
User\main.c:                     ^
User\main.c: User\main.c: 0 warnings, 1 error
Target not created
Build target 'Target 1'
compiling main.c...
linking...
Program Size: Code=14030 RO-data=806 RW-data=60 ZI-data=1836  
FromELF: creating hex file...
"YT32B1_STM32F103_demo.axf" - 0 Error(s), 0 Warning(s).
Build target 'Target 1'
compiling main.c...
linking...
Program Size: Code=13990 RO-data=806 RW-data=60 ZI-data=1836  
FromELF: creating hex file...
"YT32B1_STM32F103_demo.axf" - 0 Error(s), 0 Warning(s).
Build target 'Target 1'
compiling main.c...
User\main.c(58): error:  #20: identifier "b" is undefined
User\main.c:                                            a++;b=1;
User\main.c:                                                ^
User\main.c(61): error:  #20: identifier "b" is undefined
User\main.c:                            if(b==0){
User\main.c:                               ^
User\main.c(71): error:  #20: identifier "b" is undefined
User\main.c:                                            a++;b=1;
User\main.c:                                                ^
User\main.c(75): error:  #20: identifier "b" is undefined
User\main.c:                                            a--;b=1;
User\main.c:                                                ^
User\main.c(78): error:  #20: identifier "b" is undefined
User\main.c:                            if(b==0){
User\main.c:                               ^
User\main.c(88): error:  #20: identifier "b" is undefined
User\main.c:                                            a++;b=1;
User\main.c:                                                ^
User\main.c(92): error:  #20: identifier "b" is undefined
User\main.c:                                            a--;b=1;
User\main.c:                                                ^
User\main.c(95): error:  #20: identifier "b" is undefined
User\main.c:                            if(b==0){
User\main.c:                               ^
User\main.c(105): error:  #20: identifier "b" is undefined
User\main.c:                                            a--;b=1;
User\main.c:                                                ^
User\main.c(108): error:  #20: identifier "b" is undefined
User\main.c:                            if(b==0){
User\main.c:                               ^
User\main.c: User\main.c: 0 warnings, 10 errors
Target not created
Build target 'Target 1'
compiling main.c...
linking...
Program Size: Code=14022 RO-data=806 RW-data=60 ZI-data=1836  
FromELF: creating hex file...
"YT32B1_STM32F103_demo.axf" - 0 Error(s), 0 Warning(s).
Build target 'Target 1'
compiling main.c...
linking...
Program Size: Code=14022 RO-data=806 RW-data=60 ZI-data=1836  
FromELF: creating hex file...
"YT32B1_STM32F103_demo.axf" - 0 Error(s), 0 Warning(s).
Build target 'Target 1'
compiling main.c...
linking...
Program Size: Code=14162 RO-data=806 RW-data=60 ZI-data=1836  
FromELF: creating hex file...
"YT32B1_STM32F103_demo.axf" - 0 Error(s), 0 Warning(s).
Build target 'Target 1'
compiling main.c...
linking...
Program Size: Code=14174 RO-data=806 RW-data=60 ZI-data=1836  
FromELF: creating hex file...
"YT32B1_STM32F103_demo.axf" - 0 Error(s), 0 Warning(s).
Build target 'Target 1'
compiling main.c...
linking...
Program Size: Code=14142 RO-data=806 RW-data=60 ZI-data=1836  
FromELF: creating hex file...
"YT32B1_STM32F103_demo.axf" - 0 Error(s), 0 Warning(s).
Build target 'Target 1'
compiling main.c...
User\main.c(69): warning:  #68-D: integer conversion resulted in a change of sign
User\main.c:                                            a=-100;b=1;
User\main.c:                                              ^
User\main.c(86): warning:  #68-D: integer conversion resulted in a change of sign
User\main.c:                                            a=-100;b=1;
User\main.c:                                              ^
User\main.c(99): warning:  #68-D: integer conversion resulted in a change of sign
User\main.c:                                            a=-100;b=1;
User\main.c:                                              ^
User\main.c: User\main.c: 3 warnings, 0 errors
linking...
Program Size: Code=14142 RO-data=806 RW-data=60 ZI-data=1836  
FromELF: creating hex file...
"YT32B1_STM32F103_demo.axf" - 0 Error(s), 3 Warning(s).
Build target 'Target 1'
compiling main.c...
User\main.c(86): warning:  #68-D: integer conversion resulted in a change of sign
User\main.c:                                            a=-100;b=1;
User\main.c:                                              ^
User\main.c(99): warning:  #68-D: integer conversion resulted in a change of sign
User\main.c:                                            a=-100;b=1;
User\main.c:                                              ^
User\main.c: User\main.c: 2 warnings, 0 errors
linking...
Program Size: Code=14142 RO-data=806 RW-data=60 ZI-data=1836  
FromELF: creating hex file...
"YT32B1_STM32F103_demo.axf" - 0 Error(s), 2 Warning(s).
Build target 'Target 1'
compiling main.c...
linking...
Program Size: Code=14158 RO-data=806 RW-data=60 ZI-data=1836  
FromELF: creating hex file...
"YT32B1_STM32F103_demo.axf" - 0 Error(s), 0 Warning(s).
Build target 'Target 1'
compiling main.c...
linking...
Program Size: Code=14158 RO-data=806 RW-data=60 ZI-data=1836  
FromELF: creating hex file...
"YT32B1_STM32F103_demo.axf" - 0 Error(s), 0 Warning(s).
Build target 'Target 1'
compiling main.c...
User\main.c(47): error:  #20: identifier "c" is undefined
User\main.c:                            while((!GPIO_ReadInputDataBit(TOUCH_KEYPORT,TOUCH_KEY_A))&&c<KEYA_SPEED1){ //循环判断长按，到时跳转
User\main.c:                                                                                       ^
User\main.c: User\main.c: 0 warnings, 1 error
Target not created
Build target 'Target 1'
compiling main.c...
User\main.c(58): error:  #20: identifier "b" is undefined
User\main.c:                                    for(b=0;b<KEYA_SPEED2;b++){//检测双击
User\main.c:                                        ^
User\main.c: User\main.c: 0 warnings, 1 error
Target not created
Build target 'Target 1'
compiling main.c...
linking...
Program Size: Code=13822 RO-data=806 RW-data=60 ZI-data=1836  
FromELF: creating hex file...
"YT32B1_STM32F103_demo.axf" - 0 Error(s), 0 Warning(s).
Build target 'Target 1'
compiling main.c...
linking...
Program Size: Code=13822 RO-data=806 RW-data=60 ZI-data=1836  
FromELF: creating hex file...
"YT32B1_STM32F103_demo.axf" - 0 Error(s), 0 Warning(s).
Build target 'Target 1'
compiling main.c...
linking...
Program Size: Code=13826 RO-data=806 RW-data=60 ZI-data=1836  
FromELF: creating hex file...
"YT32B1_STM32F103_demo.axf" - 0 Error(s), 0 Warning(s).
Build target 'Target 1'
compiling main.c...
User\main.c(37): warning:  #177-D: variable "k" was declared but never referenced
User\main.c:    u16 k=1000;
User\main.c:        ^
User\main.c: User\main.c: 1 warning, 0 errors
linking...
Program Size: Code=13818 RO-data=806 RW-data=60 ZI-data=1836  
FromELF: creating hex file...
"YT32B1_STM32F103_demo.axf" - 0 Error(s), 1 Warning(s).
Build target 'Target 1'
compiling main.c...
User\main.c(57): warning:  #225-D: the format string ends before this argument
User\main.c:                                            printf("&d \r",k); 
User\main.c:                                                           ^
User\main.c: User\main.c: 1 warning, 0 errors
linking...
Program Size: Code=13834 RO-data=806 RW-data=60 ZI-data=1836  
FromELF: creating hex file...
"YT32B1_STM32F103_demo.axf" - 0 Error(s), 1 Warning(s).
Build target 'Target 1'
compiling main.c...
linking...
Program Size: Code=13830 RO-data=806 RW-data=60 ZI-data=1836  
FromELF: creating hex file...
"YT32B1_STM32F103_demo.axf" - 0 Error(s), 0 Warning(s).
Build target 'Target 1'
compiling main.c...
linking...
Program Size: Code=13834 RO-data=806 RW-data=60 ZI-data=1836  
FromELF: creating hex file...
"YT32B1_STM32F103_demo.axf" - 0 Error(s), 0 Warning(s).
Build target 'Target 1'
compiling main.c...
User\main.c(54): warning:  #225-D: the format string ends before this argument
User\main.c:                                    printf("A键长按 \r\n",k);
User\main.c:                                                          ^
User\main.c(68): warning:  #225-D: the format string ends before this argument
User\main.c:                                                    printf("A键双击 \r\n",k);
User\main.c:                                                                          ^
User\main.c(75): warning:  #225-D: the format string ends before this argument
User\main.c:                                            printf("A键单击 \r\n",k);
User\main.c:                                                                  ^
User\main.c: User\main.c: 3 warnings, 0 errors
linking...
Program Size: Code=13902 RO-data=806 RW-data=60 ZI-data=1836  
FromELF: creating hex file...
"YT32B1_STM32F103_demo.axf" - 0 Error(s), 3 Warning(s).
Build target 'Target 1'
compiling main.c...
linking...
Program Size: Code=13898 RO-data=806 RW-data=60 ZI-data=1836  
FromELF: creating hex file...
"YT32B1_STM32F103_demo.axf" - 0 Error(s), 0 Warning(s).
Build target 'Target 1'
compiling main.c...
linking...
Program Size: Code=14186 RO-data=806 RW-data=60 ZI-data=1836  
FromELF: creating hex file...
"YT32B1_STM32F103_demo.axf" - 0 Error(s), 0 Warning(s).
Build target 'Target 1'
compiling main.c...
linking...
Program Size: Code=14606 RO-data=806 RW-data=60 ZI-data=1836  
FromELF: creating hex file...
"YT32B1_STM32F103_demo.axf" - 0 Error(s), 0 Warning(s).
Build target 'Target 1'
compiling main.c...
linking...
Program Size: Code=14726 RO-data=806 RW-data=60 ZI-data=1836  
FromELF: creating hex file...
"YT32B1_STM32F103_demo.axf" - 0 Error(s), 0 Warning(s).
Build target 'Target 1'
compiling main.c...
linking...
Program Size: Code=14734 RO-data=806 RW-data=60 ZI-data=1836  
FromELF: creating hex file...
"YT32B1_STM32F103_demo.axf" - 0 Error(s), 0 Warning(s).
Build target 'Target 1'
compiling main.c...
linking...
Program Size: Code=14794 RO-data=806 RW-data=60 ZI-data=1836  
FromELF: creating hex file...
"YT32B1_STM32F103_demo.axf" - 0 Error(s), 0 Warning(s).
Build target 'Target 1'
compiling main.c...
linking...
Program Size: Code=14786 RO-data=806 RW-data=60 ZI-data=1836  
FromELF: creating hex file...
"YT32B1_STM32F103_demo.axf" - 0 Error(s), 0 Warning(s).
Build target 'Target 1'
compiling main.c...
linking...
Program Size: Code=14794 RO-data=806 RW-data=60 ZI-data=1836  
FromELF: creating hex file...
"YT32B1_STM32F103_demo.axf" - 0 Error(s), 0 Warning(s).
Build target 'Target 1'
compiling main.c...
linking...
Program Size: Code=14794 RO-data=806 RW-data=60 ZI-data=1836  
FromELF: creating hex file...
"YT32B1_STM32F103_demo.axf" - 0 Error(s), 0 Warning(s).
Build target 'Target 1'
compiling main.c...
linking...
Program Size: Code=14758 RO-data=806 RW-data=60 ZI-data=1836  
FromELF: creating hex file...
"YT32B1_STM32F103_demo.axf" - 0 Error(s), 0 Warning(s).
