<html>
<body>
<pre>
<h1>µVision Build Log</h1>
<h2>Project:</h2>
C:\Users\DYS7\Desktop\100≤Ω\1-2-32-MP3”Ô“Ù≤•±®≥Ã–Ú\YT32B1_STM32F103_demo.uvproj
Project File Date:  04/19/2018

<h2>Output:</h2>
Build target 'Target 1'
compiling main.c...
linking...
Program Size: Code=18158 RO-data=3494 RW-data=64 ZI-data=2032  
FromELF: creating hex file...
"YT32B1_STM32F103_demo.axf" - 0 Error(s), 0 Warning(s).
Build target 'Target 1'
compiling main.c...
linking...
Program Size: Code=18218 RO-data=3494 RW-data=64 ZI-data=2032  
FromELF: creating hex file...
"YT32B1_STM32F103_demo.axf" - 0 Error(s), 0 Warning(s).
