<html>
<body>
<pre>
<h1>µVision Build Log</h1>
<h2>Tool Versions:</h2>
IDE-Version: ¶ÃVision V5.28.0.0
Copyright (C) 2019 ARM Ltd and ARM Germany GmbH. All rights reserved.
License Information: aaaa 1198368393@qq.com, aa, LIC=65ISZ-JVSKA-9UF4U-S8AYF-6HJE3-RF8M0
 
Tool Versions:
Toolchain:       MDK-ARM Plus  Version: 5.28.0.0
Toolchain Path:  D:\Software\KEIL5\ARM\ARMCC\Bin
C Compiler:      Armcc.exe V5.06 update 6 (build 750)
Assembler:       Armasm.exe V5.06 update 6 (build 750)
Linker/Locator:  ArmLink.exe V5.06 update 6 (build 750)
Library Manager: ArmAr.exe V5.06 update 6 (build 750)
Hex Converter:   FromElf.exe V5.06 update 6 (build 750)
CPU DLL:         SARMCM3.DLL V5.28.0.0
Dialog DLL:      DARMSTM.DLL V1.68.0.0
Target DLL:      UL2CM3.DLL V1.162.16.0
Dialog DLL:      TARMSTM.DLL V1.66.0.0
 
<h2>Project:</h2>
C:\Users\11983\Desktop\STM32œ‡πÿ\—ÛÃ“¿˝≥Ã\1-2-21-OLED∆¡∫∫◊÷”ÎÕº∆¨œ‘ æ≥Ã–Ú\1-2-21-OLED∆¡∫∫◊÷”ÎÕº∆¨œ‘ æ≥Ã–Ú\YT32B1_STM32F103_demo.uvprojx
Project File Date:  07/20/2023

<h2>Output:</h2>
*** Using Compiler 'V5.06 update 6 (build 750)', folder: 'D:\Software\KEIL5\ARM\ARMCC\Bin'
Rebuild target 'Target 1'
compiling core_cm3.c...
compiling stm32f10x_pwr.c...
compiling stm32f10x_usart.c...
assembling startup_stm32f10x_md.s...
compiling misc.c...
compiling stm32f10x_gpio.c...
compiling system_stm32f10x.c...
compiling stm32f10x_rcc.c...
compiling stm32f10x_flash.c...
compiling stm32f10x_i2c.c...
compiling stm32f10x_rtc.c...
compiling stm32f10x_bkp.c...
compiling stm32f10x_it.c...
compiling main.c...
compiling flash.c...
compiling delay.c...
compiling sys.c...
compiling key.c...
compiling rtc.c...
compiling buzzer.c...
compiling usart.c...
compiling i2c.c...
compiling led.c...
compiling touch_key.c...
compiling TM1640.c...
compiling encoder.c...
compiling lm75a.c...
compiling oled0561.c...
linking...
Program Size: Code=16400 RO-data=3496 RW-data=56 ZI-data=1832  
FromELF: creating hex file...
".\YT32B1_STM32F103_demo.axf" - 0 Error(s), 0 Warning(s).

<h2>Software Packages used:</h2>

Package Vendor: ARM
                http://www.keil.com/pack/ARM.CMSIS.5.5.1.pack
                ARM.CMSIS.5.5.1
                CMSIS (Cortex Microcontroller Software Interface Standard)
   * Component: CORE Version: 5.2.0

Package Vendor: Keil
                http://www.keil.com/pack/Keil.STM32F1xx_DFP.1.0.5.pack
                Keil.STM32F1xx_DFP.1.0.5
                STMicroelectronics STM32F1 Series Device Support, Drivers and Examples

<h2>Collection of Component include folders:</h2>
  .\RTE\_Target_1
  C:\Users\11983\AppData\Local\Arm\Packs\ARM\CMSIS\5.5.1\CMSIS\Core\Include
  C:\Users\11983\AppData\Local\Arm\Packs\Keil\STM32F1xx_DFP\1.0.5\Device\Include

<h2>Collection of Component Files used:</h2>

   * Component: ARM::CMSIS:CORE:5.2.0
Build Time Elapsed:  00:00:03
</pre>
</body>
</html>
