<html>
<body>
<pre>
<h1>礦ision Build Log</h1>
<h2>Project:</h2>
C:\Users\DYS7\Desktop\100步\1-2-20-温度值OLED屏显示程序\YT32B1_STM32F103_demo.uvproj
Project File Date:  02/11/2018

<h2>Output:</h2>
Build target 'Target 1'
compiling core_cm3.c...
compiling system_stm32f10x.c...
compiling misc.c...
compiling stm32f10x_gpio.c...
compiling stm32f10x_rcc.c...
compiling stm32f10x_usart.c...
compiling stm32f10x_bkp.c...
compiling stm32f10x_pwr.c...
compiling stm32f10x_rtc.c...
compiling stm32f10x_flash.c...
compiling stm32f10x_i2c.c...
compiling main.c...
User\main.c(25): warning:  #177-D: variable "c" was declared but never referenced
User\main.c:    u8 c=0x01;
User\main.c:       ^
User\main.c: User\main.c: 1 warning, 0 errors
compiling stm32f10x_it.c...
compiling delay.c...
compiling sys.c...
compiling flash.c...
compiling usart.c...
compiling rtc.c...
compiling i2c.c...
compiling led.c...
compiling key.c...
compiling buzzer.c...
compiling touch_key.c...
compiling TM1640.c...
compiling encoder.c...
compiling lm75a.c...
compiling oled0561.c...
Hardware\OLED0561\oled0561.c(23): error:  #5: cannot open source input file "ASCII_8x16.h": No such file or directory
Hardware\OLED0561\oled0561.c:   #include "ASCII_8x16.h" //引入字体 ASCII
Hardware\OLED0561\oled0561.c:                                           ^
Hardware\OLED0561\oled0561.c: Hardware\OLED0561\oled0561.c: 0 warnings, 1 error
Target not created
Build target 'Target 1'
compiling oled0561.c...
Hardware\OLED0561\oled0561.c(23): error:  #5: cannot open source input file "ASCII_8x16.h": No such file or directory
Hardware\OLED0561\oled0561.c:   #include "ASCII_8x16.h" //引入字体 ASCII
Hardware\OLED0561\oled0561.c:                                           ^
Hardware\OLED0561\oled0561.c: Hardware\OLED0561\oled0561.c: 0 warnings, 1 error
Target not created
Build target 'Target 1'
compiling oled0561.c...
linking...
Program Size: Code=15494 RO-data=806 RW-data=60 ZI-data=1836  
FromELF: creating hex file...
"YT32B1_STM32F103_demo.axf" - 0 Error(s), 0 Warning(s).
Build target 'Target 1'
compiling main.c...
User\main.c(30): warning:  #223-D: function "OLED_DISPLAY_8x16_BUFFER" declared implicitly
User\main.c:    OLED_DISPLAY_8x16_BUFFER(0,"   YoungTalk "); //显示字符串
User\main.c:    ^
User\main.c(36): error:  #20: identifier "Temp_buffer" is undefined
User\main.c:            if(Temp_buffer[0])OLED_DISPLAY_8x16(6,7*8,'-'); //如果第1组为1即是负温度
User\main.c:               ^
User\main.c(36): warning:  #223-D: function "OLED_DISPLAY_8x16" declared implicitly
User\main.c:            if(Temp_buffer[0])OLED_DISPLAY_8x16(6,7*8,'-'); //如果第1组为1即是负温度
User\main.c:                              ^
User\main.c(25): warning:  #177-D: variable "c" was declared but never referenced
User\main.c:    u8 c=0x01;
User\main.c:       ^
User\main.c: User\main.c: 3 warnings, 1 error
Target not created
Build target 'Target 1'
compiling main.c...
User\main.c(39): error:  #20: identifier "Temp_buffer" is undefined
User\main.c:            if(Temp_buffer[0])OLED_DISPLAY_8x16(6,7*8,'-'); //如果第1组为1即是负温度
User\main.c:               ^
User\main.c(26): warning:  #177-D: variable "c" was declared but never referenced
User\main.c:    u8 c=0x01;
User\main.c:       ^
User\main.c: User\main.c: 1 warning, 1 error
Target not created
Build target 'Target 1'
compiling main.c...
User\main.c(38): error:  #20: identifier "Temp_buffer" is undefined
User\main.c:            if(Temp_buffer[0])OLED_DISPLAY_8x16(6,7*8,'-'); //如果第1组为1即是负温度
User\main.c:               ^
User\main.c: User\main.c: 0 warnings, 1 error
Target not created
Build target 'Target 1'
compiling main.c...
linking...
Program Size: Code=16166 RO-data=2342 RW-data=60 ZI-data=1836  
FromELF: creating hex file...
"YT32B1_STM32F103_demo.axf" - 0 Error(s), 0 Warning(s).
Build target 'Target 1'
compiling main.c...
linking...
Program Size: Code=16174 RO-data=2342 RW-data=60 ZI-data=1836  
FromELF: creating hex file...
"YT32B1_STM32F103_demo.axf" - 0 Error(s), 0 Warning(s).
Build target 'Target 1'
compiling main.c...
compiling i2c.c...
compiling lm75a.c...
compiling oled0561.c...
linking...
Program Size: Code=16174 RO-data=2342 RW-data=60 ZI-data=1836  
FromELF: creating hex file...
"YT32B1_STM32F103_demo.axf" - 0 Error(s), 0 Warning(s).
Build target 'Target 1'
compiling main.c...
compiling i2c.c...
compiling lm75a.c...
compiling oled0561.c...
linking...
Program Size: Code=16182 RO-data=2342 RW-data=60 ZI-data=1836  
FromELF: creating hex file...
"YT32B1_STM32F103_demo.axf" - 0 Error(s), 0 Warning(s).
Build target 'Target 1'
compiling main.c...
linking...
Program Size: Code=16178 RO-data=2342 RW-data=60 ZI-data=1836  
FromELF: creating hex file...
"YT32B1_STM32F103_demo.axf" - 0 Error(s), 0 Warning(s).
Build target 'Target 1'
compiling main.c...
linking...
Program Size: Code=16178 RO-data=2342 RW-data=60 ZI-data=1836  
FromELF: creating hex file...
"YT32B1_STM32F103_demo.axf" - 0 Error(s), 0 Warning(s).
