<html>
<body>
<pre>
<h1>µVision Build Log</h1>
<h2>Project:</h2>
C:\Users\DYS7\Desktop\100≤Ω\1-2-36-º¸≈Ã÷–∂œ≤‚ ‘≥Ã–Ú\YT32B1_STM32F103_demo.uvproj
Project File Date:  05/21/2018

<h2>Output:</h2>
Build target 'Target 1'
compiling main.c...
compiling KEYPAD4x4.c...
linking...
Program Size: Code=8532 RO-data=2956 RW-data=44 ZI-data=1636  
FromELF: creating hex file...
"YT32B1_STM32F103_demo.axf" - 0 Error(s), 0 Warning(s).
Build target 'Target 1'
linking...
Program Size: Code=8532 RO-data=2956 RW-data=44 ZI-data=1636  
FromELF: creating hex file...
"YT32B1_STM32F103_demo.axf" - 0 Error(s), 0 Warning(s).
