<html>
<body>
<pre>
<h1>礦ision Build Log</h1>
<h2>Project:</h2>
C:\Users\DYS7\Desktop\100步\1-2-30-模拟摇杆ADC读取程序\YT32B1_STM32F103_demo.uvproj
Project File Date:  04/05/2018

<h2>Output:</h2>
Build target 'Target 1'
compiling main.c...
compiling adc.c...
linking...
Program Size: Code=17142 RO-data=3470 RW-data=52 ZI-data=2036  
FromELF: creating hex file...
"YT32B1_STM32F103_demo.axf" - 0 Error(s), 0 Warning(s).
Build target 'Target 1'
compiling main.c...
linking...
Program Size: Code=17142 RO-data=3470 RW-data=52 ZI-data=2036  
FromELF: creating hex file...
"YT32B1_STM32F103_demo.axf" - 0 Error(s), 0 Warning(s).
Build target 'Target 1'
compiling core_cm3.c...
compiling system_stm32f10x.c...
compiling misc.c...
compiling stm32f10x_gpio.c...
compiling stm32f10x_rcc.c...
compiling stm32f10x_usart.c...
compiling stm32f10x_bkp.c...
compiling stm32f10x_pwr.c...
compiling stm32f10x_rtc.c...
compiling stm32f10x_flash.c...
compiling stm32f10x_i2c.c...
compiling stm32f10x_adc.c...
compiling stm32f10x_dma.c...
compiling main.c...
compiling stm32f10x_it.c...
compiling delay.c...
compiling sys.c...
compiling usart.c...
compiling i2c.c...
compiling adc.c...
compiling led.c...
compiling key.c...
compiling touch_key.c...
compiling relay.c...
compiling oled0561.c...
compiling JoyStick.c...
linking...
Program Size: Code=17142 RO-data=3470 RW-data=52 ZI-data=2036  
FromELF: creating hex file...
"YT32B1_STM32F103_demo.axf" - 0 Error(s), 0 Warning(s).
Build target 'Target 1'
compiling main.c...
compiling JoyStick.c...
linking...
Program Size: Code=17218 RO-data=3470 RW-data=52 ZI-data=2036  
FromELF: creating hex file...
"YT32B1_STM32F103_demo.axf" - 0 Error(s), 0 Warning(s).
