<html>
<body>
<pre>
<h1>礦ision Build Log</h1>
<h2>Project:</h2>
E:\A01洋桃电子\！给用户的开发板配套资料\洋桃1号开发板资料包 V1.0\1B2-100步教学示例程序\1-2-35-阵列键盘测试程序\YT32B1_STM32F103_demo.uvproj
Project File Date:  05/19/2018

<h2>Output:</h2>
Build target 'Target 1'
compiling core_cm3.c...
compiling system_stm32f10x.c...
compiling misc.c...
compiling stm32f10x_gpio.c...
compiling stm32f10x_rcc.c...
compiling stm32f10x_usart.c...
compiling stm32f10x_bkp.c...
compiling stm32f10x_pwr.c...
compiling stm32f10x_rtc.c...
compiling stm32f10x_flash.c...
compiling stm32f10x_i2c.c...
compiling main.c...
compiling stm32f10x_it.c...
compiling delay.c...
compiling sys.c...
compiling i2c.c...
compiling relay.c...
compiling oled0561.c...
compiling KEYPAD4x4.c...
compiling led.c...
linking...
Program Size: Code=7742 RO-data=2958 RW-data=40 ZI-data=1632  
FromELF: creating hex file...
"YT32B1_STM32F103_demo.axf" - 0 Error(s), 0 Warning(s).
