<html>
<body>
<pre>
<h1>礦ision Build Log</h1>
<h2>Project:</h2>
C:\Users\DYS7\Desktop\100步\1-2-47-CRC功能测试程序\YT32B1_STM32F103_demo.uvproj
Project File Date:  07/22/2018

<h2>Output:</h2>
Build target 'Target 1'
compiling core_cm3.c...
compiling system_stm32f10x.c...
compiling misc.c...
compiling stm32f10x_gpio.c...
compiling stm32f10x_rcc.c...
compiling stm32f10x_usart.c...
compiling stm32f10x_pwr.c...
compiling stm32f10x_i2c.c...
compiling stm32f10x_rtc.c...
compiling stm32f10x_flash.c...
compiling stm32f10x_exti.c...
compiling stm32f10x_tim.c...
compiling stm32f10x_crc.c...
compiling main.c...
compiling stm32f10x_it.c...
compiling delay.c...
compiling sys.c...
compiling i2c.c...
compiling tim.c...
compiling crc.c...
compiling relay.c...
compiling oled0561.c...
compiling led.c...
compiling key.c...
linking...
YT32B1_STM32F103_demo.axf: Error: L6218E: Undefined symbol IWDG_Enable (referred from crc.o).
YT32B1_STM32F103_demo.axf: Error: L6218E: Undefined symbol IWDG_ReloadCounter (referred from crc.o).
YT32B1_STM32F103_demo.axf: Error: L6218E: Undefined symbol IWDG_SetPrescaler (referred from crc.o).
YT32B1_STM32F103_demo.axf: Error: L6218E: Undefined symbol IWDG_SetReload (referred from crc.o).
YT32B1_STM32F103_demo.axf: Error: L6218E: Undefined symbol IWDG_WriteAccessCmd (referred from crc.o).
YT32B1_STM32F103_demo.axf: Not enough information to list image symbols.
YT32B1_STM32F103_demo.axf: Finished: 1 information, 0 warning and 5 error messages.
Target not created
Build target 'Target 1'
compiling core_cm3.c...
compiling system_stm32f10x.c...
compiling misc.c...
compiling stm32f10x_gpio.c...
compiling stm32f10x_rcc.c...
compiling stm32f10x_usart.c...
compiling stm32f10x_pwr.c...
compiling stm32f10x_i2c.c...
compiling stm32f10x_rtc.c...
compiling stm32f10x_flash.c...
compiling stm32f10x_exti.c...
compiling stm32f10x_tim.c...
compiling stm32f10x_crc.c...
compiling main.c...
compiling stm32f10x_it.c...
compiling delay.c...
compiling sys.c...
compiling i2c.c...
compiling tim.c...
compiling relay.c...
compiling oled0561.c...
compiling led.c...
compiling key.c...
linking...
Program Size: Code=10992 RO-data=2956 RW-data=40 ZI-data=1632  
FromELF: creating hex file...
"YT32B1_STM32F103_demo.axf" - 0 Error(s), 0 Warning(s).
Build target 'Target 1'
compiling main.c...
User\main.c(28): warning:  #550-D: variable "a" was set but never used
User\main.c:    u32 a;
User\main.c:        ^
User\main.c(29): warning:  #177-D: variable "b" was declared but never referenced
User\main.c:    u32 b[3]={0x12345678,0x23456789,0x34567890};
User\main.c:        ^
User\main.c: User\main.c: 2 warnings, 0 errors
linking...
Program Size: Code=11112 RO-data=2968 RW-data=40 ZI-data=1632  
FromELF: creating hex file...
"YT32B1_STM32F103_demo.axf" - 0 Error(s), 2 Warning(s).
Build target 'Target 1'
compiling main.c...
User\main.c(28): warning:  #550-D: variable "a" was set but never used
User\main.c:    u32 a,b;
User\main.c:        ^
User\main.c(28): warning:  #550-D: variable "b" was set but never used
User\main.c:    u32 a,b;
User\main.c:          ^
User\main.c: User\main.c: 2 warnings, 0 errors
linking...
Program Size: Code=11120 RO-data=2968 RW-data=40 ZI-data=1632  
FromELF: creating hex file...
"YT32B1_STM32F103_demo.axf" - 0 Error(s), 2 Warning(s).
