<html>
<body>
<pre>
<h1>礦ision Build Log</h1>
<h2>Tool Versions:</h2>
IDE-Version: μVision V5.28.0.0
Copyright (C) 2019 ARM Ltd and ARM Germany GmbH. All rights reserved.
License Information: aaaa 1198368393@qq.com, aa, LIC=65ISZ-JVSKA-9UF4U-S8AYF-6HJE3-RF8M0
 
Tool Versions:
Toolchain:       MDK-ARM Plus  Version: 5.28.0.0
Toolchain Path:  D:\Software\KEIL5\ARM\ARMCC\Bin
C Compiler:      Armcc.exe V5.06 update 6 (build 750)
Assembler:       Armasm.exe V5.06 update 6 (build 750)
Linker/Locator:  ArmLink.exe V5.06 update 6 (build 750)
Library Manager: ArmAr.exe V5.06 update 6 (build 750)
Hex Converter:   FromElf.exe V5.06 update 6 (build 750)
CPU DLL:         SARMCM3.DLL V5.28.0.0
Dialog DLL:      DARMCM1.DLL V1.19.2.0
Target DLL:      STLink\ST-LINKIII-KEIL_SWO.dll V3.0.6.0
Dialog DLL:      TARMCM1.DLL V1.14.1.0
 
<h2>Project:</h2>
C:\Users\11983\Desktop\HC32L170x_工程文件\project\MDK\HC32L170x_test.uvprojx
Project File Date:  09/06/2023

<h2>Output:</h2>
*** Using Compiler 'V5.06 update 6 (build 750)', folder: 'D:\Software\KEIL5\ARM\ARMCC\Bin'
Rebuild target 'HC32L170x_test'
assembling startup_hc32l17x.s...
compiling system_hc32l17x.c...
compiling interrupts_hc32l17x.c...
compiling aes.c...
compiling debug.c...
compiling adc.c...
compiling ddl.c...
compiling bgr.c...
compiling dac.c...
compiling crc.c...
compiling bt.c...
compiling adt.c...
compiling flash.c...
compiling dmac.c...
compiling gpio.c...
compiling lpm.c...
compiling lvd.c...
compiling i2c.c...
compiling opa.c...
compiling lptim.c...
compiling lpuart.c...
compiling lcd.c...
compiling pca.c...
compiling pcnt.c...
compiling reset.c...
compiling ram.c...
compiling spi.c...
compiling rtc.c...
compiling main.c...
compiling sysctrl.c...
compiling trim.c...
compiling trng.c...
compiling uart.c...
compiling vc.c...
compiling timer3.c...
compiling wdt.c...
linking...
Program Size: Code=1296 RO-data=248 RW-data=4 ZI-data=1124  
FromELF: creating hex file...
".\Objects\HC32L170x_test.axf" - 0 Error(s), 0 Warning(s).

<h2>Software Packages used:</h2>

Package Vendor: ARM
                http://www.keil.com/pack/ARM.CMSIS.5.5.1.pack
                ARM.CMSIS.5.5.1
                CMSIS (Cortex Microcontroller Software Interface Standard)
   * Component: CORE Version: 5.2.0

Package Vendor: HDSC
                https://raw.githubusercontent.com/hdscmcu/pack/master/HDSC.HC32L17X.1.0.0.pack
                HDSC.HC32L17X.1.0.0
                HC32L17X ARM Cortex-M0+ Device Family Pack

<h2>Collection of Component include folders:</h2>
  .\RTE\_HC32L170x_test
  C:\Users\11983\AppData\Local\Arm\Packs\ARM\CMSIS\5.5.1\CMSIS\Core\Include
  C:\Users\11983\AppData\Local\Arm\Packs\HDSC\HC32L17X\1.0.0\Device\Include

<h2>Collection of Component Files used:</h2>

   * Component: ARM::CMSIS:CORE:5.2.0
Build Time Elapsed:  00:00:03
</pre>
</body>
</html>
