<html>
<body>
<pre>
<h1>礦ision Build Log</h1>
<h2>Project:</h2>
E:\A01洋桃电子\！给用户的开发板配套资料\洋桃1号开发板资料包 V1.0\1号板-3代码-《STM32入门100步》示例程序（共48个）\1-2-34-U盘读写文件程序\YT32B1_STM32F103_demo.uvproj
Project File Date:  03/06/2020

<h2>Output:</h2>
Build target 'Target 1'
compiling core_cm3.c...
compiling system_stm32f10x.c...
compiling misc.c...
compiling stm32f10x_gpio.c...
compiling stm32f10x_rcc.c...
compiling stm32f10x_usart.c...
compiling stm32f10x_bkp.c...
compiling stm32f10x_pwr.c...
compiling stm32f10x_rtc.c...
compiling stm32f10x_flash.c...
compiling stm32f10x_i2c.c...
compiling stm32f10x_spi.c...
assembling startup_stm32f10x_md.s...
compiling main.c...
compiling stm32f10x_it.c...
compiling delay.c...
compiling sys.c...
compiling i2c.c...
compiling spi.c...
compiling led.c...
compiling key.c...
compiling touch_key.c...
compiling relay.c...
compiling oled0561.c...
compiling ch376.c...
compiling filesys.c...
linking...
Program Size: Code=10606 RO-data=2958 RW-data=40 ZI-data=1760  
FromELF: creating hex file...
"YT32B1_STM32F103_demo.axf" - 0 Error(s), 0 Warning(s).
