<html>
<body>
<pre>
<h1>礦ision Build Log</h1>
<h2>Project:</h2>
E:\A01洋桃电子\！给用户的开发板配套资料\洋桃1号开发板资料包 V1.0\1号板-3代码-《STM32入门100步》示例程序（共48个）\1-2-33-U盘插拔测试程序\YT32B1_STM32F103_demo.uvproj
Project File Date:  03/05/2020

<h2>Output:</h2>
Build target 'Target 1'
compiling core_cm3.c...
compiling system_stm32f10x.c...
compiling misc.c...
compiling stm32f10x_gpio.c...
compiling stm32f10x_rcc.c...
compiling stm32f10x_usart.c...
compiling stm32f10x_bkp.c...
compiling stm32f10x_pwr.c...
compiling stm32f10x_rtc.c...
compiling stm32f10x_flash.c...
compiling stm32f10x_i2c.c...
compiling stm32f10x_spi.c...
assembling startup_stm32f10x_md.s...
compiling main.c...
compiling stm32f10x_it.c...
compiling delay.c...
compiling sys.c...
compiling i2c.c...
compiling spi.c...
compiling led.c...
compiling key.c...
compiling touch_key.c...
compiling relay.c...
compiling oled0561.c...
compiling ch376.c...
compiling filesys.c...
linking...
Program Size: Code=10226 RO-data=2958 RW-data=40 ZI-data=1632  
FromELF: creating hex file...
"YT32B1_STM32F103_demo.axf" - 0 Error(s), 0 Warning(s).
Build target 'Target 1'
compiling main.c...
compiling ch376.c...
Hardware\CH376\ch376.c(33): error:  #20: identifier "CH376_INT" is undefined
Hardware\CH376\ch376.c(35): error:  #20: identifier "CH376_INTPORT" is undefined
Hardware\CH376\ch376.c(97): error:  #20: identifier "CH376_INTPORT" is undefined
Hardware\CH376\ch376.c(97): error:  #20: identifier "CH376_INT" is undefined
compiling filesys.c...
Target not created
Build target 'Target 1'
compiling ch376.c...
Hardware\CH376\ch376.c(97): error:  #20: identifier "CH376_INTPORT" is undefined
Hardware\CH376\ch376.c(97): error:  #20: identifier "CH376_INT" is undefined
Target not created
Build target 'Target 1'
compiling ch376.c...
linking...
YT32B1_STM32F103_demo.axf: Error: L6218E: Undefined symbol CH376_PORT_INIT (referred from ch376.o).
YT32B1_STM32F103_demo.axf: Error: L6218E: Undefined symbol Query376Interrupt (referred from filesys.o).
Target not created
Build target 'Target 1'
compiling ch376.c...
linking...
YT32B1_STM32F103_demo.axf: Error: L6218E: Undefined symbol Query376Interrupt (referred from filesys.o).
Target not created
Build target 'Target 1'
compiling ch376.c...
Hardware\CH376\ch376.c(97): error:  #20: identifier "CH376_INTPORT" is undefined
Hardware\CH376\ch376.c(97): error:  #20: identifier "CH376_INT" is undefined
Target not created
Build target 'Target 1'
compiling ch376.c...
linking...
Program Size: Code=10174 RO-data=2958 RW-data=40 ZI-data=1632  
FromELF: creating hex file...
"YT32B1_STM32F103_demo.axf" - 0 Error(s), 0 Warning(s).
Build target 'Target 1'
compiling main.c...
compiling ch376.c...
compiling filesys.c...
linking...
Program Size: Code=10226 RO-data=2958 RW-data=40 ZI-data=1632  
FromELF: creating hex file...
"YT32B1_STM32F103_demo.axf" - 0 Error(s), 0 Warning(s).
