Component: ARM Compiler 5.06 update 6 (build 750) Tool: armlink [4d35ed]

==============================================================================

Section Cross References

    interrupts_hc32l17x.o(i.EnableNvic) refers to interrupts_hc32l17x.o(i.__NVIC_SetPriority) for __NVIC_SetPriority
    system_hc32l17x.o(i.$Sub$$main) refers to system_hc32l17x.o(i.SystemInit) for SystemInit
    system_hc32l17x.o(i.$Sub$$main) refers to main.o(i.main) for $Super$$main
    system_hc32l17x.o(i.SystemCoreClockUpdate) refers to sysctrl.o(i.Sysctrl_GetHClkFreq) for Sysctrl_GetHClkFreq
    system_hc32l17x.o(i.SystemCoreClockUpdate) refers to system_hc32l17x.o(.data) for SystemCoreClock
    system_hc32l17x.o(i.SystemInit) refers to system_hc32l17x.o(i.SystemCoreClockUpdate) for SystemCoreClockUpdate
    system_hc32l17x.o(i.SystemInit) refers to system_hc32l17x.o(i._InitHidePin) for _InitHidePin
    startup_hc32l17x.o(STACK) refers (Special) to heapauxi.o(.text) for __use_two_region_memory
    startup_hc32l17x.o(HEAP) refers (Special) to heapauxi.o(.text) for __use_two_region_memory
    startup_hc32l17x.o(RESET) refers (Special) to heapauxi.o(.text) for __use_two_region_memory
    startup_hc32l17x.o(RESET) refers to startup_hc32l17x.o(STACK) for __initial_sp
    startup_hc32l17x.o(RESET) refers to startup_hc32l17x.o(.text) for Reset_Handler
    startup_hc32l17x.o(RESET) refers to interrupts_hc32l17x.o(i.HardFault_Handler) for HardFault_Handler
    startup_hc32l17x.o(RESET) refers to interrupts_hc32l17x.o(i.SysTick_Handler) for SysTick_Handler
    startup_hc32l17x.o(RESET) refers to interrupts_hc32l17x.o(i.PORTA_IRQHandler) for PORTA_IRQHandler
    startup_hc32l17x.o(RESET) refers to interrupts_hc32l17x.o(i.PORTB_IRQHandler) for PORTB_IRQHandler
    startup_hc32l17x.o(RESET) refers to interrupts_hc32l17x.o(i.PORTC_E_IRQHandler) for PORTC_E_IRQHandler
    startup_hc32l17x.o(RESET) refers to interrupts_hc32l17x.o(i.PORTD_F_IRQHandler) for PORTD_F_IRQHandler
    startup_hc32l17x.o(RESET) refers to interrupts_hc32l17x.o(i.DMAC_IRQHandler) for DMAC_IRQHandler
    startup_hc32l17x.o(RESET) refers to interrupts_hc32l17x.o(i.TIM3_IRQHandler) for TIM3_IRQHandler
    startup_hc32l17x.o(RESET) refers to interrupts_hc32l17x.o(i.UART0_2_IRQHandler) for UART0_2_IRQHandler
    startup_hc32l17x.o(RESET) refers to interrupts_hc32l17x.o(i.UART1_3_IRQHandler) for UART1_3_IRQHandler
    startup_hc32l17x.o(RESET) refers to interrupts_hc32l17x.o(i.LPUART0_IRQHandler) for LPUART0_IRQHandler
    startup_hc32l17x.o(RESET) refers to interrupts_hc32l17x.o(i.LPUART1_IRQHandler) for LPUART1_IRQHandler
    startup_hc32l17x.o(RESET) refers to interrupts_hc32l17x.o(i.SPI0_IRQHandler) for SPI0_IRQHandler
    startup_hc32l17x.o(RESET) refers to interrupts_hc32l17x.o(i.SPI1_IRQHandler) for SPI1_IRQHandler
    startup_hc32l17x.o(RESET) refers to interrupts_hc32l17x.o(i.I2C0_IRQHandler) for I2C0_IRQHandler
    startup_hc32l17x.o(RESET) refers to interrupts_hc32l17x.o(i.I2C1_IRQHandler) for I2C1_IRQHandler
    startup_hc32l17x.o(RESET) refers to interrupts_hc32l17x.o(i.TIM0_IRQHandler) for TIM0_IRQHandler
    startup_hc32l17x.o(RESET) refers to interrupts_hc32l17x.o(i.TIM1_IRQHandler) for TIM1_IRQHandler
    startup_hc32l17x.o(RESET) refers to interrupts_hc32l17x.o(i.TIM2_IRQHandler) for TIM2_IRQHandler
    startup_hc32l17x.o(RESET) refers to interrupts_hc32l17x.o(i.LPTIM0_1_IRQHandler) for LPTIM0_1_IRQHandler
    startup_hc32l17x.o(RESET) refers to interrupts_hc32l17x.o(i.TIM4_IRQHandler) for TIM4_IRQHandler
    startup_hc32l17x.o(RESET) refers to interrupts_hc32l17x.o(i.TIM5_IRQHandler) for TIM5_IRQHandler
    startup_hc32l17x.o(RESET) refers to interrupts_hc32l17x.o(i.TIM6_IRQHandler) for TIM6_IRQHandler
    startup_hc32l17x.o(RESET) refers to interrupts_hc32l17x.o(i.PCA_IRQHandler) for PCA_IRQHandler
    startup_hc32l17x.o(RESET) refers to interrupts_hc32l17x.o(i.WDT_IRQHandler) for WDT_IRQHandler
    startup_hc32l17x.o(RESET) refers to interrupts_hc32l17x.o(i.RTC_IRQHandler) for RTC_IRQHandler
    startup_hc32l17x.o(RESET) refers to interrupts_hc32l17x.o(i.ADC_DAC_IRQHandler) for ADC_DAC_IRQHandler
    startup_hc32l17x.o(RESET) refers to interrupts_hc32l17x.o(i.PCNT_IRQHandler) for PCNT_IRQHandler
    startup_hc32l17x.o(RESET) refers to interrupts_hc32l17x.o(i.VC0_IRQHandler) for VC0_IRQHandler
    startup_hc32l17x.o(RESET) refers to interrupts_hc32l17x.o(i.VC1_2_IRQHandler) for VC1_2_IRQHandler
    startup_hc32l17x.o(RESET) refers to interrupts_hc32l17x.o(i.LVD_IRQHandler) for LVD_IRQHandler
    startup_hc32l17x.o(RESET) refers to interrupts_hc32l17x.o(i.LCD_IRQHandler) for LCD_IRQHandler
    startup_hc32l17x.o(RESET) refers to interrupts_hc32l17x.o(i.FLASH_RAM_IRQHandler) for FLASH_RAM_IRQHandler
    startup_hc32l17x.o(RESET) refers to interrupts_hc32l17x.o(i.CLKTRIM_IRQHandler) for CLKTRIM_IRQHandler
    startup_hc32l17x.o(.text) refers (Special) to heapauxi.o(.text) for __use_two_region_memory
[...]
    rtexit.o(.ARM.exidx) refers to rtexit.o(.ARM.Collect$$rtexit$$00000000) for .ARM.Collect$$rtexit$$00000000
    rt_raise.o(.text) refers to __raise.o(.text) for __raise
    rt_raise.o(.text) refers to sys_exit.o(.text) for _sys_exit
    defsig_exit.o(.text) refers to sys_exit.o(.text) for _sys_exit
    defsig_fpe_inner.o(.text) refers to defsig_general.o(.text) for __default_signal_display
    libinit2.o(.ARM.Collect$$libinit$$00000010) refers to libinit2.o(.ARM.Collect$$libinit$$0000000F) for .ARM.Collect$$libinit$$0000000F
    libinit2.o(.ARM.Collect$$libinit$$00000012) refers to libinit2.o(.ARM.Collect$$libinit$$0000000F) for .ARM.Collect$$libinit$$0000000F
    libinit2.o(.ARM.Collect$$libinit$$00000014) refers to libinit2.o(.ARM.Collect$$libinit$$0000000F) for .ARM.Collect$$libinit$$0000000F
    libinit2.o(.ARM.Collect$$libinit$$00000016) refers to libinit2.o(.ARM.Collect$$libinit$$0000000F) for .ARM.Collect$$libinit$$0000000F
    libinit2.o(.ARM.Collect$$libinit$$00000018) refers to libinit2.o(.ARM.Collect$$libinit$$0000000F) for .ARM.Collect$$libinit$$0000000F
    libinit2.o(.ARM.Collect$$libinit$$00000026) refers to argv_veneer.o(.text) for __ARM_argv_veneer
    libinit2.o(.ARM.Collect$$libinit$$00000027) refers to argv_veneer.o(.text) for __ARM_argv_veneer
    sys_exit.o(.text) refers (Special) to use_no_semi.o(.text) for __I$use$semihosting
    sys_exit.o(.text) refers (Special) to indicate_semi.o(.text) for __semihosting_library_function
    rtexit2.o(.ARM.Collect$$rtexit$$00000003) refers to libshutdown.o(.ARM.Collect$$libshutdown$$00000000) for __rt_lib_shutdown
    rtexit2.o(.ARM.Collect$$rtexit$$00000004) refers to sys_exit.o(.text) for _sys_exit
    rtexit2.o(.ARM.exidx) refers to rtexit2.o(.ARM.Collect$$rtexit$$00000001) for .ARM.Collect$$rtexit$$00000001
    rtexit2.o(.ARM.exidx) refers to rtexit2.o(.ARM.Collect$$rtexit$$00000003) for .ARM.Collect$$rtexit$$00000003
    rtexit2.o(.ARM.exidx) refers to rtexit2.o(.ARM.Collect$$rtexit$$00000004) for .ARM.Collect$$rtexit$$00000004
    __raise.o(.text) refers to defsig.o(CL$$defsig) for __default_signal_handler
    defsig_general.o(.text) refers to sys_wrch.o(.text) for _ttywrch
    sys_wrch.o(.text) refers (Special) to use_no_semi.o(.text) for __I$use$semihosting
    sys_wrch.o(.text) refers (Special) to indicate_semi.o(.text) for __semihosting_library_function
    defsig.o(CL$$defsig) refers to defsig_fpe_inner.o(.text) for __rt_SIGFPE_inner
    defsig.o(CL$$defsig) refers to defsig_rtmem_inner.o(.text) for __rt_SIGRTMEM_inner
    _get_argv_nomalloc.o(.text) refers (Special) to hrguard.o(.text) for __heap_region$guard
    _get_argv_nomalloc.o(.text) refers to defsig_rtmem_outer.o(.text) for __rt_SIGRTMEM
    _get_argv_nomalloc.o(.text) refers to sys_command.o(.text) for _sys_command_string
    libshutdown.o(.ARM.Collect$$libshutdown$$00000000) refers (Special) to libshutdown2.o(.ARM.Collect$$libshutdown$$00000002) for __rt_lib_shutdown_cpp_1
    libshutdown.o(.ARM.Collect$$libshutdown$$00000000) refers (Special) to libshutdown2.o(.ARM.Collect$$libshutdown$$00000007) for __rt_lib_shutdown_fp_trap_1
    libshutdown.o(.ARM.Collect$$libshutdown$$00000000) refers (Special) to libshutdown2.o(.ARM.Collect$$libshutdown$$0000000F) for __rt_lib_shutdown_heap_1
    libshutdown.o(.ARM.Collect$$libshutdown$$00000000) refers (Special) to libshutdown2.o(.ARM.Collect$$libshutdown$$00000010) for __rt_lib_shutdown_return
    libshutdown.o(.ARM.Collect$$libshutdown$$00000000) refers (Special) to libshutdown2.o(.ARM.Collect$$libshutdown$$0000000A) for __rt_lib_shutdown_signal_1
    libshutdown.o(.ARM.Collect$$libshutdown$$00000000) refers (Special) to libshutdown2.o(.ARM.Collect$$libshutdown$$00000004) for __rt_lib_shutdown_stdio_1
    libshutdown.o(.ARM.Collect$$libshutdown$$00000000) refers (Special) to libshutdown2.o(.ARM.Collect$$libshutdown$$0000000C) for __rt_lib_shutdown_user_alloc_1
    sys_command.o(.text) refers (Special) to use_no_semi.o(.text) for __I$use$semihosting
    sys_command.o(.text) refers (Special) to indicate_semi.o(.text) for __semihosting_library_function
    defsig_abrt_inner.o(.text) refers to defsig_general.o(.text) for __default_signal_display
    defsig_rtred_inner.o(.text) refers to defsig_general.o(.text) for __default_signal_display
    defsig_rtmem_inner.o(.text) refers to defsig_general.o(.text) for __default_signal_display
    defsig_rtmem_outer.o(.text) refers to defsig_rtmem_inner.o(.text) for __rt_SIGRTMEM_inner
    defsig_rtmem_outer.o(.text) refers to defsig_exit.o(.text) for __sig_exit
    defsig_rtmem_formal.o(.text) refers to rt_raise.o(.text) for __rt_raise
    defsig_stak_inner.o(.text) refers to defsig_general.o(.text) for __default_signal_display
    defsig_pvfn_inner.o(.text) refers to defsig_general.o(.text) for __default_signal_display
    defsig_cppl_inner.o(.text) refers to defsig_general.o(.text) for __default_signal_display
    defsig_segv_inner.o(.text) refers to defsig_general.o(.text) for __default_signal_display
    defsig_other.o(.text) refers to defsig_general.o(.text) for __default_signal_display


==============================================================================

Removing Unused input sections from the image.

    Removing interrupts_hc32l17x.o(.rev16_text), (4 bytes).
    Removing interrupts_hc32l17x.o(.revsh_text), (4 bytes).
    Removing interrupts_hc32l17x.o(i.EnableNvic), (128 bytes).
    Removing interrupts_hc32l17x.o(i.__NVIC_SetPriority), (120 bytes).
    Removing system_hc32l17x.o(.rev16_text), (4 bytes).
    Removing system_hc32l17x.o(.revsh_text), (4 bytes).
    Removing adc.o(.rev16_text), (4 bytes).
    Removing adc.o(.revsh_text), (4 bytes).
    Removing adc.o(i.Adc_CfgJqrChannel), (136 bytes).
    Removing adc.o(i.Adc_CfgSglChannel), (36 bytes).
    Removing adc.o(i.Adc_CfgSqrChannel), (440 bytes).
    Removing adc.o(i.Adc_ClrAccResult), (20 bytes).
    Removing adc.o(i.Adc_ClrIrqStatus), (16 bytes).
    Removing adc.o(i.Adc_Disable), (20 bytes).
    Removing adc.o(i.Adc_DisableIrq), (20 bytes).
    Removing adc.o(i.Adc_Enable), (20 bytes).
    Removing adc.o(i.Adc_EnableIrq), (24 bytes).
    Removing adc.o(i.Adc_GetAccResult), (12 bytes).
    Removing adc.o(i.Adc_GetIrqStatus), (24 bytes).
    Removing adc.o(i.Adc_GetJqrResult), (16 bytes).
    Removing adc.o(i.Adc_GetSglResult), (12 bytes).
    Removing adc.o(i.Adc_GetSqrResult), (16 bytes).
    Removing adc.o(i.Adc_Init), (108 bytes).
    Removing adc.o(i.Adc_JQR_Start), (12 bytes).
    Removing adc.o(i.Adc_JQR_Stop), (12 bytes).
    Removing adc.o(i.Adc_JqrExtTrigCfg), (32 bytes).
    Removing adc.o(i.Adc_JqrModeCfg), (84 bytes).
    Removing adc.o(i.Adc_SGL_Always_Start), (12 bytes).
    Removing adc.o(i.Adc_SGL_Always_Stop), (12 bytes).
    Removing adc.o(i.Adc_SGL_Start), (12 bytes).
    Removing adc.o(i.Adc_SGL_Stop), (12 bytes).
    Removing adc.o(i.Adc_SQR_Start), (12 bytes).
    Removing adc.o(i.Adc_SQR_Stop), (12 bytes).
    Removing adc.o(i.Adc_SglExtTrigCfg), (32 bytes).
    Removing adc.o(i.Adc_SqrExtTrigCfg), (32 bytes).
    Removing adc.o(i.Adc_SqrModeCfg), (116 bytes).
    Removing adc.o(i.Adc_ThresholdCfg), (116 bytes).
    Removing adt.o(.rev16_text), (4 bytes).
    Removing adt.o(.revsh_text), (4 bytes).
    Removing adt.o(i.Adt_AosTrigCfg), (104 bytes).
    Removing adt.o(i.Adt_CHxXPortCfg), (456 bytes).
    Removing adt.o(i.Adt_CfgDT), (42 bytes).
    Removing adt.o(i.Adt_CfgHwCaptureA), (40 bytes).
    Removing adt.o(i.Adt_CfgHwCaptureB), (42 bytes).
    Removing adt.o(i.Adt_CfgHwClear), (24 bytes).
    Removing adt.o(i.Adt_CfgHwCntDwn), (30 bytes).
    Removing adt.o(i.Adt_CfgHwCntUp), (30 bytes).
    Removing adt.o(i.Adt_CfgHwStart), (24 bytes).
    Removing adt.o(i.Adt_CfgHwStop), (24 bytes).
    Removing adt.o(i.Adt_CfgIrq), (36 bytes).
    Removing adt.o(i.Adt_CfgZMask), (78 bytes).
    Removing adt.o(i.Adt_ClearAllIrqFlag), (14 bytes).
    Removing adt.o(i.Adt_ClearBrakePort), (12 bytes).
    Removing adt.o(i.Adt_ClearCount), (14 bytes).
    Removing adt.o(i.Adt_ClearHwCaptureA), (12 bytes).
    Removing adt.o(i.Adt_ClearHwCaptureB), (12 bytes).
    Removing adt.o(i.Adt_ClearHwClear), (8 bytes).
    Removing adt.o(i.Adt_ClearHwCntDwn), (12 bytes).
    Removing adt.o(i.Adt_ClearHwCntUp), (12 bytes).
    Removing adt.o(i.Adt_ClearHwStart), (8 bytes).
    Removing adt.o(i.Adt_ClearHwStop), (8 bytes).
    Removing adt.o(i.Adt_ClearIrqFlag), (18 bytes).
    Removing adt.o(i.Adt_ClearPeriodBuf), (18 bytes).
    Removing adt.o(i.Adt_ClearPortBrakeFlag), (20 bytes).
    Removing adt.o(i.Adt_ClearSameBrakeFlag), (20 bytes).
    Removing adt.o(i.Adt_ClearValueBuf), (30 bytes).
    Removing adt.o(i.Adt_DeInit), (164 bytes).
    Removing adt.o(i.Adt_Disable1Cfg), (156 bytes).
    Removing adt.o(i.Adt_Disable3Cfg), (104 bytes).
    Removing adt.o(i.Adt_DisableHwClear), (14 bytes).
    Removing adt.o(i.Adt_DisableHwStart), (14 bytes).
    Removing adt.o(i.Adt_DisableHwStop), (14 bytes).
    Removing adt.o(i.Adt_EnableBrakePort), (56 bytes).
    Removing adt.o(i.Adt_EnableHwClear), (16 bytes).
    Removing adt.o(i.Adt_EnableHwStart), (16 bytes).
    Removing adt.o(i.Adt_EnableHwStop), (16 bytes).
    Removing adt.o(i.Adt_EnableValueBuf), (54 bytes).
    Removing adt.o(i.Adt_GetCaptureBuf), (30 bytes).
    Removing adt.o(i.Adt_GetCaptureValue), (30 bytes).
    Removing adt.o(i.Adt_GetCount), (8 bytes).
    Removing adt.o(i.Adt_GetIrqFlag), (20 bytes).
    Removing adt.o(i.Adt_GetPortBrakeFlag), (16 bytes).
    Removing adt.o(i.Adt_GetSameBrakeFlag), (16 bytes).
    Removing adt.o(i.Adt_GetState), (18 bytes).
    Removing adt.o(i.Adt_GetSwSyncState), (84 bytes).
    Removing adt.o(i.Adt_GetVperNum), (10 bytes).
    Removing adt.o(i.Adt_Init), (84 bytes).
    Removing adt.o(i.Adt_IrqTrigCfg), (352 bytes).
    Removing adt.o(i.Adt_PortTrigCfg), (376 bytes).
    Removing adt.o(i.Adt_PwmDitherCfg), (94 bytes).
    Removing adt.o(i.Adt_SetCompareValue), (42 bytes).
    Removing adt.o(i.Adt_SetCount), (18 bytes).
    Removing adt.o(i.Adt_SetDTDA), (8 bytes).
    Removing adt.o(i.Adt_SetDTUA), (8 bytes).
    Removing adt.o(i.Adt_SetPeriod), (8 bytes).
    Removing adt.o(i.Adt_SetPeriodBuf), (20 bytes).
    Removing adt.o(i.Adt_SetSpecilCompareValue), (48 bytes).
    Removing adt.o(i.Adt_SetValidPeriod), (130 bytes).
    Removing adt.o(i.Adt_StartCount), (16 bytes).
    Removing adt.o(i.Adt_StopCount), (14 bytes).
    Removing adt.o(i.Adt_SwBrake), (32 bytes).
    Removing adt.o(i.Adt_SwSyncClear), (56 bytes).
    Removing adt.o(i.Adt_SwSyncStart), (56 bytes).
    Removing adt.o(i.Adt_SwSyncStop), (56 bytes).
    Removing aes.o(.rev16_text), (4 bytes).
    Removing aes.o(.revsh_text), (4 bytes).
    Removing aes.o(i.AES_Decrypt), (212 bytes).
    Removing aes.o(i.AES_Encrypt), (212 bytes).
    Removing bgr.o(.rev16_text), (4 bytes).
    Removing bgr.o(.revsh_text), (4 bytes).
    Removing bgr.o(i.Bgr_BgrDisable), (20 bytes).
    Removing bgr.o(i.Bgr_BgrEnable), (28 bytes).
    Removing bgr.o(i.Bgr_TempSensorDisable), (20 bytes).
    Removing bgr.o(i.Bgr_TempSensorEnable), (28 bytes).
    Removing bt.o(.rev16_text), (4 bytes).
    Removing bt.o(.revsh_text), (4 bytes).
    Removing bt.o(i.Bt_ClearAllIntFlag), (24 bytes).
    Removing bt.o(i.Bt_ClearIntFlag), (28 bytes).
    Removing bt.o(i.Bt_GetIntFlag), (28 bytes).
    Removing bt.o(i.Bt_M0_ARRSet), (32 bytes).
    Removing bt.o(i.Bt_M0_Cnt16Get), (24 bytes).
    Removing bt.o(i.Bt_M0_Cnt16Set), (32 bytes).
    Removing bt.o(i.Bt_M0_Cnt32Get), (20 bytes).
    Removing bt.o(i.Bt_M0_Cnt32Set), (24 bytes).
    Removing bt.o(i.Bt_M0_EnTOG_Output), (36 bytes).
    Removing bt.o(i.Bt_M0_Enable_Output), (36 bytes).
    Removing bt.o(i.Bt_M0_Run), (28 bytes).
    Removing bt.o(i.Bt_M0_Stop), (28 bytes).
    Removing bt.o(i.Bt_M1_Cnt16Get), (24 bytes).
    Removing bt.o(i.Bt_M1_Cnt16Set), (32 bytes).
    Removing bt.o(i.Bt_M1_Input_Cfg), (152 bytes).
    Removing bt.o(i.Bt_M1_PWC_CapValueGet), (24 bytes).
    Removing bt.o(i.Bt_M1_PWC_Edge_Sel), (132 bytes).
    Removing bt.o(i.Bt_M1_Run), (28 bytes).
    Removing bt.o(i.Bt_M1_Stop), (28 bytes).
    Removing bt.o(i.Bt_M23_ARRSet), (48 bytes).
    Removing bt.o(i.Bt_M23_BrakeInput_Cfg), (172 bytes).
    Removing bt.o(i.Bt_M23_CCR_Get), (40 bytes).
    Removing bt.o(i.Bt_M23_CCR_Set), (60 bytes).
    Removing bt.o(i.Bt_M23_Cnt16Get), (24 bytes).
    Removing bt.o(i.Bt_M23_Cnt16Set), (32 bytes).
    Removing bt.o(i.Bt_M23_DT_Cfg), (52 bytes).
    Removing bt.o(i.Bt_M23_ETRInput_Cfg), (60 bytes).
    Removing bt.o(i.Bt_M23_EnDMA), (112 bytes).
    Removing bt.o(i.Bt_M23_EnPWM_Output), (56 bytes).
    Removing bt.o(i.Bt_M23_EnSwBk), (32 bytes).
    Removing bt.o(i.Bt_M23_EnSwTrig), (32 bytes).
    Removing bt.o(i.Bt_M23_EnSwTrigCapCmpA), (28 bytes).
    Removing bt.o(i.Bt_M23_EnSwTrigCapCmpB), (28 bytes).
    Removing bt.o(i.Bt_M23_EnSwUev), (32 bytes).
    Removing bt.o(i.Bt_M23_GateFuncSel), (76 bytes).
    Removing bt.o(i.Bt_M23_MasterSlave_Set), (96 bytes).
    Removing bt.o(i.Bt_M23_OCRefClr), (60 bytes).
    Removing bt.o(i.Bt_M23_PortInput_Cfg), (144 bytes).
    Removing bt.o(i.Bt_M23_PortOutput_Cfg), (184 bytes).
    Removing bt.o(i.Bt_M23_Run), (28 bytes).
    Removing bt.o(i.Bt_M23_SetValidPeriod), (32 bytes).
    Removing bt.o(i.Bt_M23_Stop), (28 bytes).
    Removing bt.o(i.Bt_M23_TrigADC_Cfg), (92 bytes).
    Removing bt.o(i.Bt_Mode0_DisableIrq), (28 bytes).
    Removing bt.o(i.Bt_Mode0_EnableIrq), (28 bytes).
    Removing bt.o(i.Bt_Mode0_Init), (152 bytes).
    Removing bt.o(i.Bt_Mode1_DisableIrq), (60 bytes).
    Removing bt.o(i.Bt_Mode1_EnableIrq), (64 bytes).
    Removing bt.o(i.Bt_Mode1_Init), (96 bytes).
    Removing bt.o(i.Bt_Mode23_DisableIrq), (112 bytes).
    Removing bt.o(i.Bt_Mode23_EnableIrq), (124 bytes).
    Removing bt.o(i.Bt_Mode23_Init), (168 bytes).
    Removing crc.o(.rev16_text), (4 bytes).
    Removing crc.o(.revsh_text), (4 bytes).
    Removing crc.o(i.CRC16_Check16), (84 bytes).
    Removing crc.o(i.CRC16_Check32), (76 bytes).
    Removing crc.o(i.CRC16_Check8), (88 bytes).
    Removing crc.o(i.CRC16_Get16), (68 bytes).
    Removing crc.o(i.CRC16_Get32), (76 bytes).
    Removing crc.o(i.CRC16_Get8), (60 bytes).
    Removing crc.o(i.CRC32_Check16), (84 bytes).
    Removing crc.o(i.CRC32_Check32), (80 bytes).
    Removing crc.o(i.CRC32_Check8), (92 bytes).
    Removing crc.o(i.CRC32_Get16), (60 bytes).
    Removing crc.o(i.CRC32_Get32), (68 bytes).
    Removing crc.o(i.CRC32_Get8), (56 bytes).
    Removing dac.o(.rev16_text), (4 bytes).
    Removing dac.o(.revsh_text), (4 bytes).
    Removing dac.o(i.Dac_Cmd), (20 bytes).
    Removing dac.o(i.Dac_DmaCmd), (20 bytes).
    Removing dac.o(i.Dac_DmaITCfg), (20 bytes).
    Removing dac.o(i.Dac_GetDataOutputValue), (16 bytes).
    Removing dac.o(i.Dac_GetITStatus), (16 bytes).
    Removing dac.o(i.Dac_Init), (228 bytes).
    Removing dac.o(i.Dac_SetChannelData), (108 bytes).
    Removing dac.o(i.Dac_SoftwareTriggerCmd), (20 bytes).
    Removing ddl.o(.rev16_text), (4 bytes).
    Removing ddl.o(.revsh_text), (4 bytes).
    Removing ddl.o(i.GetBit), (12 bytes).
    Removing ddl.o(i.Log2), (24 bytes).
    Removing ddl.o(i.SetBit), (30 bytes).
    Removing ddl.o(i.ddl_memclr), (32 bytes).
    Removing ddl.o(i.delay100us), (92 bytes).
    Removing ddl.o(i.delay10us), (92 bytes).
    Removing ddl.o(i.delay1ms), (88 bytes).
    Removing debug.o(.rev16_text), (4 bytes).
    Removing debug.o(.revsh_text), (4 bytes).
    Removing debug.o(i.Debug_ActiveDisable), (20 bytes).
    Removing debug.o(i.Debug_ActiveEnable), (20 bytes).
    Removing dmac.o(.rev16_text), (4 bytes).
    Removing dmac.o(.revsh_text), (4 bytes).
    Removing dmac.o(i.Dma_ClrStat), (24 bytes).
    Removing dmac.o(i.Dma_Disable), (20 bytes).
    Removing dmac.o(i.Dma_DisableChannel), (24 bytes).
    Removing dmac.o(i.Dma_DisableChannelErrIrq), (24 bytes).
    Removing dmac.o(i.Dma_DisableChannelIrq), (24 bytes).
    Removing dmac.o(i.Dma_DisableContinusTranfer), (24 bytes).
    Removing dmac.o(i.Dma_Enable), (20 bytes).
    Removing dmac.o(i.Dma_EnableChannel), (24 bytes).
    Removing dmac.o(i.Dma_EnableChannelErrIrq), (24 bytes).
    Removing dmac.o(i.Dma_EnableChannelIrq), (24 bytes).
    Removing dmac.o(i.Dma_EnableContinusTranfer), (24 bytes).
    Removing dmac.o(i.Dma_GetStat), (24 bytes).
    Removing dmac.o(i.Dma_HaltTranfer), (28 bytes).
    Removing dmac.o(i.Dma_InitChannel), (160 bytes).
    Removing dmac.o(i.Dma_PauseChannelTranfer), (24 bytes).
    Removing dmac.o(i.Dma_RecoverChannelTranfer), (24 bytes).
    Removing dmac.o(i.Dma_RecoverTranfer), (20 bytes).
    Removing dmac.o(i.Dma_SetBlockSize), (32 bytes).
    Removing dmac.o(i.Dma_SetChPriority), (24 bytes).
    Removing dmac.o(i.Dma_SetDestinationAddress), (12 bytes).
    Removing dmac.o(i.Dma_SetSourceAddress), (12 bytes).
    Removing dmac.o(i.Dma_SetTransferCnt), (28 bytes).
    Removing dmac.o(i.Dma_SetTransferWidth), (28 bytes).
    Removing dmac.o(i.Dma_SwStart), (24 bytes).
    Removing dmac.o(i.Dma_SwStop), (24 bytes).
    Removing flash.o(.rev16_text), (4 bytes).
    Removing flash.o(.revsh_text), (4 bytes).
    Removing flash.o(i.Flash_ChipErase), (160 bytes).
    Removing flash.o(i.Flash_ClearIntFlag), (24 bytes).
    Removing flash.o(i.Flash_DisableIrq), (60 bytes).
    Removing flash.o(i.Flash_EnableIrq), (60 bytes).
    Removing flash.o(i.Flash_GetIntFlag), (24 bytes).
    Removing flash.o(i.Flash_Init), (200 bytes).
    Removing flash.o(i.Flash_LockAll), (40 bytes).
    Removing flash.o(i.Flash_LockSet), (36 bytes).
    Removing flash.o(i.Flash_SectorErase), (176 bytes).
    Removing flash.o(i.Flash_UnlockAll), (44 bytes).
    Removing flash.o(i.Flash_WaitCycle), (52 bytes).
    Removing flash.o(i.Flash_WriteByte), (176 bytes).
    Removing flash.o(i.Flash_WriteHalfWord), (176 bytes).
    Removing flash.o(i.Flash_WriteWord), (176 bytes).
    Removing flash.o(.constdata), (32 bytes).
    Removing gpio.o(.rev16_text), (4 bytes).
    Removing gpio.o(.revsh_text), (4 bytes).
    Removing gpio.o(i.Gpio_ClearIrq), (28 bytes).
    Removing gpio.o(i.Gpio_ClrIO), (28 bytes).
    Removing gpio.o(i.Gpio_ClrPort), (16 bytes).
    Removing gpio.o(i.Gpio_DisableIrq), (36 bytes).
    Removing gpio.o(i.Gpio_EnableIrq), (36 bytes).
    Removing gpio.o(i.Gpio_GetInputData), (16 bytes).
    Removing gpio.o(i.Gpio_GetInputIO), (24 bytes).
    Removing gpio.o(i.Gpio_GetIrqStatus), (24 bytes).
    Removing gpio.o(i.Gpio_Init), (156 bytes).
    Removing gpio.o(i.Gpio_ReadOutputIO), (24 bytes).
    Removing gpio.o(i.Gpio_SetAfMode), (20 bytes).
    Removing gpio.o(i.Gpio_SetAfMode_Lite), (24 bytes).
    Removing gpio.o(i.Gpio_SetAnalogMode), (28 bytes).
    Removing gpio.o(i.Gpio_SetClrPort), (16 bytes).
    Removing gpio.o(i.Gpio_SetIO), (28 bytes).
    Removing gpio.o(i.Gpio_SetPort), (16 bytes).
    Removing gpio.o(i.Gpio_SfExtClkCfg), (28 bytes).
    Removing gpio.o(i.Gpio_SfHClkOutputCfg), (60 bytes).
    Removing gpio.o(i.Gpio_SfIrPolCfg), (36 bytes).
    Removing gpio.o(i.Gpio_SfIrqModeCfg), (28 bytes).
    Removing gpio.o(i.Gpio_SfPClkOutputCfg), (60 bytes).
    Removing gpio.o(i.Gpio_SfPcaCfg), (40 bytes).
    Removing gpio.o(i.Gpio_SfSsnCfg), (60 bytes).
    Removing gpio.o(i.Gpio_SfTimCCfg), (40 bytes).
    Removing gpio.o(i.Gpio_SfTimECfg), (84 bytes).
    Removing gpio.o(i.Gpio_SfTimGCfg), (84 bytes).
    Removing gpio.o(i.Gpio_WriteOutputIO), (28 bytes).
    Removing i2c.o(.rev16_text), (4 bytes).
    Removing i2c.o(.revsh_text), (4 bytes).
    Removing i2c.o(i.I2C_ClearFunc), (26 bytes).
    Removing i2c.o(i.I2C_ClearIrq), (16 bytes).
    Removing i2c.o(i.I2C_GetIrq), (20 bytes).
    Removing i2c.o(i.I2C_GetState), (10 bytes).
    Removing i2c.o(i.I2C_Init), (164 bytes).
    Removing i2c.o(i.I2C_ReadByte), (10 bytes).
    Removing i2c.o(i.I2C_SetBaud), (10 bytes).
    Removing i2c.o(i.I2C_SetFunc), (26 bytes).
    Removing i2c.o(i.I2C_WriteByte), (10 bytes).
    Removing lcd.o(.rev16_text), (4 bytes).
    Removing lcd.o(.revsh_text), (4 bytes).
    Removing lcd.o(i.Lcd_ClearDisp), (28 bytes).
    Removing lcd.o(i.Lcd_ClearItPendingBit), (20 bytes).
    Removing lcd.o(i.Lcd_FullDisp), (32 bytes).
    Removing lcd.o(i.Lcd_GetItStatus), (16 bytes).
    Removing lcd.o(i.Lcd_GetSegCom), (274 bytes).
    Removing lcd.o(i.Lcd_Init), (188 bytes).
    Removing lcd.o(i.Lcd_SetSegCom), (16 bytes).
    Removing lcd.o(i.Lcd_WriteRam), (36 bytes).
    Removing lpm.o(.rev16_text), (4 bytes).
    Removing lpm.o(.revsh_text), (4 bytes).
    Removing lpm.o(i.Lpm_GotoDeepSleep), (36 bytes).
    Removing lpm.o(i.Lpm_GotoSleep), (36 bytes).
    Removing lptim.o(.rev16_text), (4 bytes).
    Removing lptim.o(.revsh_text), (4 bytes).
    Removing lptim.o(i.Lptim_ClrItStatus), (18 bytes).
    Removing lptim.o(i.Lptim_Cmd), (20 bytes).
    Removing lptim.o(i.Lptim_ConfIt), (20 bytes).
    Removing lptim.o(i.Lptim_GetItStatus), (16 bytes).
    Removing lptim.o(i.Lptim_Init), (192 bytes).
    Removing lpuart.o(.rev16_text), (4 bytes).
    Removing lpuart.o(.revsh_text), (4 bytes).
    Removing lpuart.o(i.LPUart_ClrIsr), (8 bytes).
    Removing lpuart.o(i.LPUart_ClrStatus), (22 bytes).
    Removing lpuart.o(i.LPUart_DisableFunc), (20 bytes).
    Removing lpuart.o(i.LPUart_DisableIrq), (20 bytes).
    Removing lpuart.o(i.LPUart_EnableFunc), (20 bytes).
    Removing lpuart.o(i.LPUart_EnableIrq), (20 bytes).
    Removing lpuart.o(i.LPUart_GetIsr), (8 bytes).
    Removing lpuart.o(i.LPUart_GetRb8), (10 bytes).
    Removing lpuart.o(i.LPUart_GetStatus), (24 bytes).
    Removing lpuart.o(i.LPUart_HdModeDisable), (12 bytes).
    Removing lpuart.o(i.LPUart_HdModeEnable), (14 bytes).
    Removing lpuart.o(i.LPUart_Init), (152 bytes).
    Removing lpuart.o(i.LPUart_ReceiveData), (8 bytes).
    Removing lpuart.o(i.LPUart_SelSclk), (28 bytes).
    Removing lpuart.o(i.LPUart_SendData), (58 bytes).
    Removing lpuart.o(i.LPUart_SendDataIt), (18 bytes).
    Removing lpuart.o(i.LPUart_SetMultiMode), (34 bytes).
    Removing lpuart.o(i.LPUart_SetSaddr), (8 bytes).
    Removing lpuart.o(i.LPUart_SetTb8), (20 bytes).
    Removing lpuart.o(.constdata), (12 bytes).
    Removing lvd.o(.rev16_text), (4 bytes).
    Removing lvd.o(.revsh_text), (4 bytes).
    Removing lvd.o(i.Lvd_ClearIrq), (20 bytes).
    Removing lvd.o(i.Lvd_Disable), (20 bytes).
    Removing lvd.o(i.Lvd_DisableIrq), (20 bytes).
    Removing lvd.o(i.Lvd_Enable), (20 bytes).
    Removing lvd.o(i.Lvd_EnableIrq), (24 bytes).
    Removing lvd.o(i.Lvd_GetFilterResult), (16 bytes).
    Removing lvd.o(i.Lvd_GetIrqStat), (16 bytes).
    Removing lvd.o(i.Lvd_Init), (40 bytes).
    Removing opa.o(.rev16_text), (4 bytes).
    Removing opa.o(.revsh_text), (4 bytes).
    Removing opa.o(i.Opa_Cmd), (20 bytes).
    Removing opa.o(i.Opa_CmdBuf), (20 bytes).
    Removing opa.o(i.Opa_CmdOnex), (24 bytes).
    Removing opa.o(i.Opa_SetZero), (116 bytes).
    Removing opa.o(i.Opa_ZeroBitCtrl), (24 bytes).
    Removing pca.o(.rev16_text), (4 bytes).
    Removing pca.o(.revsh_text), (4 bytes).
    Removing pca.o(i.Pca_ClrItStatus), (20 bytes).
    Removing pca.o(i.Pca_ConfModulexIt), (100 bytes).
    Removing pca.o(i.Pca_ConfPcaIt), (20 bytes).
    Removing pca.o(i.Pca_GetCarr), (12 bytes).
    Removing pca.o(i.Pca_GetCcap), (68 bytes).
    Removing pca.o(i.Pca_GetCcapHL), (104 bytes).
    Removing pca.o(i.Pca_GetCnt), (12 bytes).
    Removing pca.o(i.Pca_GetItStatus), (20 bytes).
    Removing pca.o(i.Pca_GetOut), (20 bytes).
    Removing pca.o(i.Pca_M0Init), (288 bytes).
    Removing pca.o(i.Pca_M1Init), (288 bytes).
    Removing pca.o(i.Pca_M2Init), (288 bytes).
    Removing pca.o(i.Pca_M3Init), (288 bytes).
    Removing pca.o(i.Pca_M4Init), (292 bytes).
    Removing pca.o(i.Pca_Set4Wdte), (20 bytes).
    Removing pca.o(i.Pca_SetCarr), (24 bytes).
    Removing pca.o(i.Pca_SetCcap), (116 bytes).
    Removing pca.o(i.Pca_SetCcapHL), (208 bytes).
    Removing pca.o(i.Pca_SetCidl), (20 bytes).
    Removing pca.o(i.Pca_SetCnt), (68 bytes).
    Removing pca.o(i.Pca_StartPca), (20 bytes).
    Removing pcnt.o(.rev16_text), (4 bytes).
    Removing pcnt.o(.revsh_text), (4 bytes).
    Removing pcnt.o(i.Pcnt_ClrItStatus), (20 bytes).
    Removing pcnt.o(i.Pcnt_Cmd), (28 bytes).
    Removing pcnt.o(i.Pcnt_GetBuf), (12 bytes).
    Removing pcnt.o(i.Pcnt_GetCnt), (12 bytes).
    Removing pcnt.o(i.Pcnt_GetItStatus), (20 bytes).
    Removing pcnt.o(i.Pcnt_GetTop), (12 bytes).
    Removing pcnt.o(i.Pcnt_Init), (280 bytes).
    Removing pcnt.o(i.Pcnt_ItCfg), (44 bytes).
    Removing pcnt.o(i.Pcnt_SetB2C), (68 bytes).
    Removing pcnt.o(i.Pcnt_SetB2T), (68 bytes).
    Removing pcnt.o(i.Pcnt_SetBuf), (24 bytes).
    Removing pcnt.o(i.Pcnt_SetT2C), (64 bytes).
    Removing ram.o(.rev16_text), (4 bytes).
    Removing ram.o(.revsh_text), (4 bytes).
    Removing ram.o(i.Ram_ClearIntFlag), (12 bytes).
    Removing ram.o(i.Ram_DisableIrq), (20 bytes).
    Removing ram.o(i.Ram_EnableIrq), (20 bytes).
    Removing ram.o(i.Ram_ErrAddrGet), (12 bytes).
    Removing ram.o(i.Ram_GetIntFlag), (24 bytes).
    Removing reset.o(.rev16_text), (4 bytes).
    Removing reset.o(.revsh_text), (4 bytes).
    Removing reset.o(i.Reset_ClearFlag), (16 bytes).
    Removing reset.o(i.Reset_ClearFlagAll), (12 bytes).
    Removing reset.o(i.Reset_GetFlag), (24 bytes).
    Removing reset.o(i.Reset_RstPeripheral0), (24 bytes).
    Removing reset.o(i.Reset_RstPeripheral1), (24 bytes).
    Removing reset.o(i.Reset_RstPeripheralAll), (24 bytes).
    Removing rtc.o(.rev16_text), (4 bytes).
    Removing rtc.o(.revsh_text), (4 bytes).
    Removing rtc.o(i.Check_BCD_Format), (34 bytes).
    Removing rtc.o(i.Get_Month2_Day), (26 bytes).
    Removing rtc.o(i.Rtc_AlmEnCmd), (20 bytes).
    Removing rtc.o(i.Rtc_AlmIeCmd), (40 bytes).
    Removing rtc.o(i.Rtc_CheckLeapYear), (60 bytes).
    Removing rtc.o(i.Rtc_ClearAlmfItStatus), (20 bytes).
    Removing rtc.o(i.Rtc_ClearPrdfItStatus), (20 bytes).
    Removing rtc.o(i.Rtc_Cmd), (20 bytes).
    Removing rtc.o(i.Rtc_CompCfg), (60 bytes).
    Removing rtc.o(i.Rtc_GetAlarmTime), (32 bytes).
    Removing rtc.o(i.Rtc_GetAlmfItStatus), (16 bytes).
    Removing rtc.o(i.Rtc_GetPridItStatus), (16 bytes).
    Removing rtc.o(i.Rtc_Hz1Cmd), (32 bytes).
    Removing rtc.o(i.Rtc_Init), (88 bytes).
    Removing rtc.o(i.Rtc_ReadDateTime), (180 bytes).
    Removing rtc.o(i.Rtc_SetAlarmTime), (144 bytes).
    Removing rtc.o(i.Rtc_SetCyc), (108 bytes).
    Removing rtc.o(i.Rtc_SetTime), (148 bytes).
    Removing rtc.o(i.Rtc_StartWait), (60 bytes).
    Removing rtc.o(.constdata), (36 bytes).
    Removing spi.o(.rev16_text), (4 bytes).
    Removing spi.o(.revsh_text), (4 bytes).
    Removing spi.o(i.Spi_ClearStatus), (8 bytes).
    Removing spi.o(i.Spi_FuncDisable), (12 bytes).
    Removing spi.o(i.Spi_FuncEnable), (12 bytes).
    Removing spi.o(i.Spi_GetStatus), (18 bytes).
    Removing spi.o(i.Spi_Init), (36 bytes).
    Removing spi.o(i.Spi_IrqDisable), (14 bytes).
    Removing spi.o(i.Spi_IrqEnable), (14 bytes).
    Removing spi.o(i.Spi_RWByte), (34 bytes).
    Removing spi.o(i.Spi_ReceiveBuf), (64 bytes).
    Removing spi.o(i.Spi_ReceiveData), (8 bytes).
    Removing spi.o(i.Spi_SendBuf), (76 bytes).
    Removing spi.o(i.Spi_SendData), (8 bytes).
    Removing spi.o(i.Spi_SetCS), (4 bytes).
    Removing spi.o(i.Spi_Slave_DummyWriteData), (16 bytes).
    Removing sysctrl.o(.rev16_text), (4 bytes).
    Removing sysctrl.o(.revsh_text), (4 bytes).
    Removing sysctrl.o(i.Sysctrl_ClkDeInit), (72 bytes).
    Removing sysctrl.o(i.Sysctrl_ClkInit), (106 bytes).
    Removing sysctrl.o(i.Sysctrl_ClkSourceEnable), (364 bytes).
    Removing sysctrl.o(i.Sysctrl_GetPClkFreq), (32 bytes).
    Removing sysctrl.o(i.Sysctrl_GetPeripheralGate), (60 bytes).
    Removing sysctrl.o(i.Sysctrl_SetFunc), (28 bytes).
    Removing sysctrl.o(i.Sysctrl_SetHCLKDiv), (40 bytes).
    Removing sysctrl.o(i.Sysctrl_SetPCLKDiv), (40 bytes).
    Removing sysctrl.o(i.Sysctrl_SetPLLFreq), (276 bytes).
    Removing sysctrl.o(i.Sysctrl_SetPLLStableTime), (36 bytes).
    Removing sysctrl.o(i.Sysctrl_SetPeripheralGate), (80 bytes).
    Removing sysctrl.o(i.Sysctrl_SetRCHTrim), (40 bytes).
    Removing sysctrl.o(i.Sysctrl_SetRCLStableTime), (36 bytes).
    Removing sysctrl.o(i.Sysctrl_SetRCLTrim), (40 bytes).
    Removing sysctrl.o(i.Sysctrl_SetRTCAdjustClkFreq), (40 bytes).
    Removing sysctrl.o(i.Sysctrl_SetXTHFreq), (32 bytes).
    Removing sysctrl.o(i.Sysctrl_SetXTHStableTime), (32 bytes).
    Removing sysctrl.o(i.Sysctrl_SetXTLStableTime), (32 bytes).
    Removing sysctrl.o(i.Sysctrl_SysClkSwitch), (44 bytes).
    Removing sysctrl.o(i.Sysctrl_XTHDriverCfg), (28 bytes).
    Removing sysctrl.o(i.Sysctrl_XTLDriverCfg), (52 bytes).
    Removing sysctrl.o(i._SysctrlUnlock), (24 bytes).
    Removing sysctrl.o(.data), (1 bytes).
    Removing timer3.o(.rev16_text), (4 bytes).
    Removing timer3.o(.revsh_text), (4 bytes).
    Removing timer3.o(i.Tim3_ClearAllIntFlag), (16 bytes).
    Removing timer3.o(i.Tim3_ClearIntFlag), (20 bytes).
    Removing timer3.o(i.Tim3_GetIntFlag), (24 bytes).
    Removing timer3.o(i.Tim3_M0_ARRSet), (28 bytes).
    Removing timer3.o(i.Tim3_M0_Cnt16Get), (16 bytes).
    Removing timer3.o(i.Tim3_M0_Cnt16Set), (28 bytes).
    Removing timer3.o(i.Tim3_M0_Cnt32Get), (12 bytes).
    Removing timer3.o(i.Tim3_M0_Cnt32Set), (20 bytes).
    Removing timer3.o(i.Tim3_M0_EnTOG), (32 bytes).
    Removing timer3.o(i.Tim3_M0_Enable_Output), (36 bytes).
    Removing timer3.o(i.Tim3_M0_Run), (24 bytes).
    Removing timer3.o(i.Tim3_M0_Stop), (20 bytes).
    Removing timer3.o(i.Tim3_M1_Cnt16Get), (16 bytes).
    Removing timer3.o(i.Tim3_M1_Cnt16Set), (28 bytes).
    Removing timer3.o(i.Tim3_M1_Input_Cfg), (172 bytes).
    Removing timer3.o(i.Tim3_M1_PWC_CapValueGet), (16 bytes).
    Removing timer3.o(i.Tim3_M1_PWC_Edge_Sel), (152 bytes).
    Removing timer3.o(i.Tim3_M1_Run), (24 bytes).
    Removing timer3.o(i.Tim3_M1_Stop), (20 bytes).
    Removing timer3.o(i.Tim3_M23_ARRSet), (48 bytes).
    Removing timer3.o(i.Tim3_M23_BrakeInput_Cfg), (280 bytes).
    Removing timer3.o(i.Tim3_M23_CCR_Get), (96 bytes).
    Removing timer3.o(i.Tim3_M23_CCR_Set), (168 bytes).
    Removing timer3.o(i.Tim3_M23_Cnt16Get), (16 bytes).
    Removing timer3.o(i.Tim3_M23_Cnt16Set), (28 bytes).
    Removing timer3.o(i.Tim3_M23_DT_Cfg), (56 bytes).
    Removing timer3.o(i.Tim3_M23_ETRInput_Cfg), (60 bytes).
    Removing timer3.o(i.Tim3_M23_EnDMA), (216 bytes).
    Removing timer3.o(i.Tim3_M23_EnPWM_Output), (56 bytes).
    Removing timer3.o(i.Tim3_M23_EnSwBk), (24 bytes).
    Removing timer3.o(i.Tim3_M23_EnSwTrig), (24 bytes).
    Removing timer3.o(i.Tim3_M23_EnSwTrigCapCmpA), (76 bytes).
    Removing timer3.o(i.Tim3_M23_EnSwTrigCapCmpB), (76 bytes).
    Removing timer3.o(i.Tim3_M23_EnSwUev), (24 bytes).
    Removing timer3.o(i.Tim3_M23_GateFuncSel), (84 bytes).
    Removing timer3.o(i.Tim3_M23_MasterSlave_Set), (104 bytes).
    Removing timer3.o(i.Tim3_M23_OCRefClr), (60 bytes).
    Removing timer3.o(i.Tim3_M23_PortInput_Cfg), (544 bytes).
    Removing timer3.o(i.Tim3_M23_PortOutput_Cfg), (692 bytes).
    Removing timer3.o(i.Tim3_M23_Run), (24 bytes).
    Removing timer3.o(i.Tim3_M23_SetValidPeriod), (28 bytes).
    Removing timer3.o(i.Tim3_M23_Stop), (20 bytes).
    Removing timer3.o(i.Tim3_M23_TrigADC_Cfg), (188 bytes).
    Removing timer3.o(i.Tim3_Mode0_DisableIrq), (24 bytes).
    Removing timer3.o(i.Tim3_Mode0_EnableIrq), (24 bytes).
    Removing timer3.o(i.Tim3_Mode0_Init), (172 bytes).
    Removing timer3.o(i.Tim3_Mode1_DisableIrq), (60 bytes).
    Removing timer3.o(i.Tim3_Mode1_EnableIrq), (64 bytes).
    Removing timer3.o(i.Tim3_Mode1_Init), (104 bytes).
    Removing timer3.o(i.Tim3_Mode23_DisableIrq), (188 bytes).
    Removing timer3.o(i.Tim3_Mode23_EnableIrq), (204 bytes).
    Removing timer3.o(i.Tim3_Mode23_Init), (192 bytes).
    Removing trim.o(.rev16_text), (4 bytes).
    Removing trim.o(.revsh_text), (4 bytes).
    Removing trim.o(i.Trim_CalCntGet), (12 bytes).
    Removing trim.o(i.Trim_ClearIntFlag), (20 bytes).
    Removing trim.o(i.Trim_DisableIrq), (20 bytes).
    Removing trim.o(i.Trim_EnableIrq), (20 bytes).
    Removing trim.o(i.Trim_GetIntFlag), (24 bytes).
    Removing trim.o(i.Trim_Init), (40 bytes).
    Removing trim.o(i.Trim_RefCntGet), (12 bytes).
    Removing trim.o(i.Trim_Run), (20 bytes).
    Removing trim.o(i.Trim_Stop), (20 bytes).
    Removing trng.o(.rev16_text), (4 bytes).
    Removing trng.o(.revsh_text), (4 bytes).
    Removing trng.o(i.Trng_Generate), (168 bytes).
    Removing trng.o(i.Trng_GetData0), (12 bytes).
    Removing trng.o(i.Trng_GetData1), (12 bytes).
    Removing trng.o(i.Trng_Init), (168 bytes).
    Removing uart.o(.rev16_text), (4 bytes).
    Removing uart.o(.revsh_text), (4 bytes).
    Removing uart.o(i.Uart_ClrIsr), (8 bytes).
    Removing uart.o(i.Uart_ClrStatus), (22 bytes).
    Removing uart.o(i.Uart_DisableFunc), (20 bytes).
    Removing uart.o(i.Uart_DisableIrq), (20 bytes).
    Removing uart.o(i.Uart_EnableFunc), (20 bytes).
    Removing uart.o(i.Uart_EnableIrq), (20 bytes).
    Removing uart.o(i.Uart_GetIsr), (8 bytes).
    Removing uart.o(i.Uart_GetRb8), (10 bytes).
    Removing uart.o(i.Uart_GetStatus), (24 bytes).
    Removing uart.o(i.Uart_HdModeDisable), (12 bytes).
    Removing uart.o(i.Uart_HdModeEnable), (14 bytes).
    Removing uart.o(i.Uart_Init), (148 bytes).
    Removing uart.o(i.Uart_ReceiveData), (8 bytes).
    Removing uart.o(i.Uart_SendDataIt), (18 bytes).
    Removing uart.o(i.Uart_SendDataPoll), (58 bytes).
    Removing uart.o(i.Uart_SetMultiMode), (34 bytes).
    Removing uart.o(i.Uart_SetSaddr), (8 bytes).
    Removing uart.o(i.Uart_SetTb8), (20 bytes).
    Removing uart.o(.constdata), (8 bytes).
    Removing vc.o(.rev16_text), (4 bytes).
    Removing vc.o(.revsh_text), (4 bytes).
    Removing vc.o(i.Vc_CfgItType), (140 bytes).
    Removing vc.o(i.Vc_ClearItStatus), (20 bytes).
    Removing vc.o(i.Vc_Cmd), (72 bytes).
    Removing vc.o(i.Vc_DacInit), (96 bytes).
    Removing vc.o(i.Vc_GetItStatus), (24 bytes).
    Removing vc.o(i.Vc_Init), (484 bytes).
    Removing vc.o(i.Vc_ItCfg), (72 bytes).
    Removing wdt.o(.rev16_text), (4 bytes).
    Removing wdt.o(.revsh_text), (4 bytes).
    Removing wdt.o(i.Wdt_Feed), (16 bytes).
    Removing wdt.o(i.Wdt_GetIrqStatus), (24 bytes).
    Removing wdt.o(i.Wdt_Init), (44 bytes).
    Removing wdt.o(i.Wdt_IrqClr), (16 bytes).
    Removing wdt.o(i.Wdt_ReadWdtValue), (16 bytes).
    Removing wdt.o(i.Wdt_ReadwdtStatus), (24 bytes).
    Removing wdt.o(i.Wdt_Start), (16 bytes).
    Removing wdt.o(i.Wdt_WriteWdtLoad), (24 bytes).

575 unused section(s) (total 29163 bytes) removed from the image.

==============================================================================

Image Symbol Table

    Local Symbols

    Symbol Name                              Value     Ov Type        Size  Object(Section)

    RESET                                    0x00000000   Section      192  startup_hc32l17x.o(RESET)
    ../clib/angel/boardlib.s                 0x00000000   Number         0  boardshut.o ABSOLUTE
    ../clib/angel/boardlib.s                 0x00000000   Number         0  boardinit3.o ABSOLUTE
    ../clib/angel/boardlib.s                 0x00000000   Number         0  boardinit2.o ABSOLUTE
    ../clib/angel/boardlib.s                 0x00000000   Number         0  boardinit1.o ABSOLUTE
    ../clib/angel/handlers.s                 0x00000000   Number         0  __scatter_zi.o ABSOLUTE
    ../clib/angel/handlers.s                 0x00000000   Number         0  __scatter_copy.o ABSOLUTE
    ../clib/angel/kernel.s                   0x00000000   Number         0  __rtentry.o ABSOLUTE
    ../clib/angel/kernel.s                   0x00000000   Number         0  __rtentry2.o ABSOLUTE
    ../clib/angel/kernel.s                   0x00000000   Number         0  __rtentry4.o ABSOLUTE
    ../clib/angel/kernel.s                   0x00000000   Number         0  rtexit2.o ABSOLUTE
    ../clib/angel/kernel.s                   0x00000000   Number         0  rtexit.o ABSOLUTE
    ../clib/angel/rt.s                       0x00000000   Number         0  aeabi_idiv0.o ABSOLUTE
    ../clib/angel/rt.s                       0x00000000   Number         0  aeabi_idiv0_sigfpe.o ABSOLUTE
    ../clib/angel/rt.s                       0x00000000   Number         0  rt_div0.o ABSOLUTE
    ../clib/angel/rt.s                       0x00000000   Number         0  rt_raise.o ABSOLUTE
    ../clib/angel/scatterp.s                 0x00000000   Number         0  __scatter.o ABSOLUTE
    ../clib/angel/startup.s                  0x00000000   Number         0  __main.o ABSOLUTE
    ../clib/angel/sys.s                      0x00000000   Number         0  use_no_semi.o ABSOLUTE
    ../clib/angel/sys.s                      0x00000000   Number         0  indicate_semi.o ABSOLUTE
    ../clib/angel/sys.s                      0x00000000   Number         0  sys_stackheap_outer.o ABSOLUTE
    ../clib/angel/sys.s                      0x00000000   Number         0  tempstk.o ABSOLUTE
    ../clib/angel/sys.s                      0x00000000   Number         0  libspace.o ABSOLUTE
    ../clib/angel/sysapp.c                   0x00000000   Number         0  sys_command.o ABSOLUTE
    ../clib/angel/sysapp.c                   0x00000000   Number         0  sys_exit.o ABSOLUTE
    ../clib/angel/sysapp.c                   0x00000000   Number         0  sys_wrch.o ABSOLUTE
    ../clib/armsys.c                         0x00000000   Number         0  no_argv.o ABSOLUTE
    ../clib/armsys.c                         0x00000000   Number         0  argv_veneer.o ABSOLUTE
    ../clib/armsys.c                         0x00000000   Number         0  _get_argv_nomalloc.o ABSOLUTE
    ../clib/division.s                       0x00000000   Number         0  aeabi_sdiv_div0.o ABSOLUTE
    ../clib/division.s                       0x00000000   Number         0  aeabi_sdiv.o ABSOLUTE
    ../clib/heapalloc.c                      0x00000000   Number         0  hrguard.o ABSOLUTE
    ../clib/heapaux.c                        0x00000000   Number         0  heapauxi.o ABSOLUTE
    ../clib/libinit.s                        0x00000000   Number         0  libshutdown.o ABSOLUTE
    ../clib/libinit.s                        0x00000000   Number         0  libinit.o ABSOLUTE
    ../clib/libinit.s                        0x00000000   Number         0  libshutdown2.o ABSOLUTE
    ../clib/libinit.s                        0x00000000   Number         0  libinit2.o ABSOLUTE
    ../clib/memcpset.c                       0x00000000   Number         0  rt_memclr.o ABSOLUTE
    ../clib/memcpset.c                       0x00000000   Number         0  rt_memcpy.o ABSOLUTE
    ../clib/memcpset.c                       0x00000000   Number         0  rt_memcpy.o ABSOLUTE
    ../clib/signal.c                         0x00000000   Number         0  defsig_general.o ABSOLUTE
    ../clib/signal.c                         0x00000000   Number         0  defsig_rtmem_formal.o ABSOLUTE
    ../clib/signal.c                         0x00000000   Number         0  defsig_pvfn_inner.o ABSOLUTE
    ../clib/signal.c                         0x00000000   Number         0  defsig_fpe_formal.o ABSOLUTE
    ../clib/signal.c                         0x00000000   Number         0  __raise.o ABSOLUTE
    ../clib/signal.c                         0x00000000   Number         0  defsig_cppl_inner.o ABSOLUTE
    ../clib/signal.c                         0x00000000   Number         0  defsig_segv_inner.o ABSOLUTE
    ../clib/signal.c                         0x00000000   Number         0  defsig_fpe_outer.o ABSOLUTE
    ../clib/signal.c                         0x00000000   Number         0  defsig_other.o ABSOLUTE
    ../clib/signal.c                         0x00000000   Number         0  defsig_stak_inner.o ABSOLUTE
    ../clib/signal.c                         0x00000000   Number         0  defsig_rtmem_outer.o ABSOLUTE
    ../clib/signal.c                         0x00000000   Number         0  defsig_exit.o ABSOLUTE
    ../clib/signal.c                         0x00000000   Number         0  defsig_rtred_inner.o ABSOLUTE
    ../clib/signal.c                         0x00000000   Number         0  defsig_fpe_inner.o ABSOLUTE
    ../clib/signal.c                         0x00000000   Number         0  defsig_rtmem_inner.o ABSOLUTE
    ../clib/signal.c                         0x00000000   Number         0  defsig_abrt_inner.o ABSOLUTE
    ../clib/signal.s                         0x00000000   Number         0  defsig.o ABSOLUTE
    ../clib/stdlib.c                         0x00000000   Number         0  exit.o ABSOLUTE
    ../fplib/cfplib/fdiv.c                   0x00000000   Number         0  fdiv.o ABSOLUTE
    ../fplib/cfplib/ffix.c                   0x00000000   Number         0  ffixui.o ABSOLUTE
    ../fplib/cfplib/fflt.c                   0x00000000   Number         0  fflti.o ABSOLUTE
    ../fplib/cfplib/fpinit.c                 0x00000000   Number         0  fpinit.o ABSOLUTE
    ../fplib/faddsub6m.s                     0x00000000   Number         0  faddsub.o ABSOLUTE
    ../fplib/usenofp.s                       0x00000000   Number         0  usenofp.o ABSOLUTE
    ..\..\common\interrupts_hc32l17x.c       0x00000000   Number         0  interrupts_hc32l17x.o ABSOLUTE
    ..\..\common\startup_hc32l17x.s          0x00000000   Number         0  startup_hc32l17x.o ABSOLUTE
    ..\..\common\system_hc32l17x.c           0x00000000   Number         0  system_hc32l17x.o ABSOLUTE
    ..\..\driver\src\adc.c                   0x00000000   Number         0  adc.o ABSOLUTE
    ..\..\driver\src\adt.c                   0x00000000   Number         0  adt.o ABSOLUTE
    ..\..\driver\src\aes.c                   0x00000000   Number         0  aes.o ABSOLUTE
    ..\..\driver\src\bgr.c                   0x00000000   Number         0  bgr.o ABSOLUTE
    ..\..\driver\src\bt.c                    0x00000000   Number         0  bt.o ABSOLUTE
    ..\..\driver\src\crc.c                   0x00000000   Number         0  crc.o ABSOLUTE
    ..\..\driver\src\dac.c                   0x00000000   Number         0  dac.o ABSOLUTE
    ..\..\driver\src\ddl.c                   0x00000000   Number         0  ddl.o ABSOLUTE
    ..\..\driver\src\debug.c                 0x00000000   Number         0  debug.o ABSOLUTE
    ..\..\driver\src\dmac.c                  0x00000000   Number         0  dmac.o ABSOLUTE
    ..\..\driver\src\flash.c                 0x00000000   Number         0  flash.o ABSOLUTE
    ..\..\driver\src\gpio.c                  0x00000000   Number         0  gpio.o ABSOLUTE
    ..\..\driver\src\i2c.c                   0x00000000   Number         0  i2c.o ABSOLUTE
    ..\..\driver\src\lcd.c                   0x00000000   Number         0  lcd.o ABSOLUTE
    ..\..\driver\src\lpm.c                   0x00000000   Number         0  lpm.o ABSOLUTE
    ..\..\driver\src\lptim.c                 0x00000000   Number         0  lptim.o ABSOLUTE
    ..\..\driver\src\lpuart.c                0x00000000   Number         0  lpuart.o ABSOLUTE
    ..\..\driver\src\lvd.c                   0x00000000   Number         0  lvd.o ABSOLUTE
    ..\..\driver\src\opa.c                   0x00000000   Number         0  opa.o ABSOLUTE
    ..\..\driver\src\pca.c                   0x00000000   Number         0  pca.o ABSOLUTE
    ..\..\driver\src\pcnt.c                  0x00000000   Number         0  pcnt.o ABSOLUTE
    ..\..\driver\src\ram.c                   0x00000000   Number         0  ram.o ABSOLUTE
    ..\..\driver\src\reset.c                 0x00000000   Number         0  reset.o ABSOLUTE
    ..\..\driver\src\rtc.c                   0x00000000   Number         0  rtc.o ABSOLUTE
    ..\..\driver\src\spi.c                   0x00000000   Number         0  spi.o ABSOLUTE
    ..\..\driver\src\sysctrl.c               0x00000000   Number         0  sysctrl.o ABSOLUTE
    ..\..\driver\src\timer3.c                0x00000000   Number         0  timer3.o ABSOLUTE
    ..\..\driver\src\trim.c                  0x00000000   Number         0  trim.o ABSOLUTE
    ..\..\driver\src\trng.c                  0x00000000   Number         0  trng.o ABSOLUTE
    ..\..\driver\src\uart.c                  0x00000000   Number         0  uart.o ABSOLUTE
    ..\..\driver\src\vc.c                    0x00000000   Number         0  vc.o ABSOLUTE
    ..\..\driver\src\wdt.c                   0x00000000   Number         0  wdt.o ABSOLUTE
    ..\\..\\common\\interrupts_hc32l17x.c    0x00000000   Number         0  interrupts_hc32l17x.o ABSOLUTE
    ..\\..\\common\\system_hc32l17x.c        0x00000000   Number         0  system_hc32l17x.o ABSOLUTE
    ..\\..\\driver\\src\\adc.c               0x00000000   Number         0  adc.o ABSOLUTE
    ..\\..\\driver\\src\\adt.c               0x00000000   Number         0  adt.o ABSOLUTE
    ..\\..\\driver\\src\\aes.c               0x00000000   Number         0  aes.o ABSOLUTE
    ..\\..\\driver\\src\\bgr.c               0x00000000   Number         0  bgr.o ABSOLUTE
    ..\\..\\driver\\src\\bt.c                0x00000000   Number         0  bt.o ABSOLUTE
    ..\\..\\driver\\src\\crc.c               0x00000000   Number         0  crc.o ABSOLUTE
    ..\\..\\driver\\src\\dac.c               0x00000000   Number         0  dac.o ABSOLUTE
    ..\\..\\driver\\src\\ddl.c               0x00000000   Number         0  ddl.o ABSOLUTE
    ..\\..\\driver\\src\\debug.c             0x00000000   Number         0  debug.o ABSOLUTE
    ..\\..\\driver\\src\\dmac.c              0x00000000   Number         0  dmac.o ABSOLUTE
    ..\\..\\driver\\src\\flash.c             0x00000000   Number         0  flash.o ABSOLUTE
    ..\\..\\driver\\src\\gpio.c              0x00000000   Number         0  gpio.o ABSOLUTE
    ..\\..\\driver\\src\\i2c.c               0x00000000   Number         0  i2c.o ABSOLUTE
    ..\\..\\driver\\src\\lcd.c               0x00000000   Number         0  lcd.o ABSOLUTE
    ..\\..\\driver\\src\\lpm.c               0x00000000   Number         0  lpm.o ABSOLUTE
    ..\\..\\driver\\src\\lptim.c             0x00000000   Number         0  lptim.o ABSOLUTE
    ..\\..\\driver\\src\\lpuart.c            0x00000000   Number         0  lpuart.o ABSOLUTE
    ..\\..\\driver\\src\\lvd.c               0x00000000   Number         0  lvd.o ABSOLUTE
    ..\\..\\driver\\src\\opa.c               0x00000000   Number         0  opa.o ABSOLUTE
    ..\\..\\driver\\src\\pca.c               0x00000000   Number         0  pca.o ABSOLUTE
    ..\\..\\driver\\src\\pcnt.c              0x00000000   Number         0  pcnt.o ABSOLUTE
    ..\\..\\driver\\src\\ram.c               0x00000000   Number         0  ram.o ABSOLUTE
    ..\\..\\driver\\src\\reset.c             0x00000000   Number         0  reset.o ABSOLUTE
    ..\\..\\driver\\src\\rtc.c               0x00000000   Number         0  rtc.o ABSOLUTE
    ..\\..\\driver\\src\\spi.c               0x00000000   Number         0  spi.o ABSOLUTE
    ..\\..\\driver\\src\\sysctrl.c           0x00000000   Number         0  sysctrl.o ABSOLUTE
    ..\\..\\driver\\src\\timer3.c            0x00000000   Number         0  timer3.o ABSOLUTE
    ..\\..\\driver\\src\\trim.c              0x00000000   Number         0  trim.o ABSOLUTE
    ..\\..\\driver\\src\\trng.c              0x00000000   Number         0  trng.o ABSOLUTE
    ..\\..\\driver\\src\\uart.c              0x00000000   Number         0  uart.o ABSOLUTE
    ..\\..\\driver\\src\\vc.c                0x00000000   Number         0  vc.o ABSOLUTE
    ..\\..\\driver\\src\\wdt.c               0x00000000   Number         0  wdt.o ABSOLUTE
    ..\source\main.c                         0x00000000   Number         0  main.o ABSOLUTE
    dc.s                                     0x00000000   Number         0  dc.o ABSOLUTE
    !!!main                                  0x000000c0   Section        8  __main.o(!!!main)
    !!!scatter                               0x000000c8   Section       60  __scatter.o(!!!scatter)
    !!handler_copy                           0x00000104   Section       26  __scatter_copy.o(!!handler_copy)
    !!handler_zi                             0x00000120   Section       28  __scatter_zi.o(!!handler_zi)
    .ARM.Collect$$libinit$$00000000          0x0000013c   Section        2  libinit.o(.ARM.Collect$$libinit$$00000000)
    .ARM.Collect$$libinit$$00000002          0x0000013e   Section        0  libinit2.o(.ARM.Collect$$libinit$$00000002)
    .ARM.Collect$$libinit$$00000004          0x0000013e   Section        0  libinit2.o(.ARM.Collect$$libinit$$00000004)
    .ARM.Collect$$libinit$$0000000A          0x0000013e   Section        0  libinit2.o(.ARM.Collect$$libinit$$0000000A)
    .ARM.Collect$$libinit$$0000000C          0x0000013e   Section        0  libinit2.o(.ARM.Collect$$libinit$$0000000C)
    .ARM.Collect$$libinit$$0000000E          0x0000013e   Section        0  libinit2.o(.ARM.Collect$$libinit$$0000000E)
    .ARM.Collect$$libinit$$00000011          0x0000013e   Section        0  libinit2.o(.ARM.Collect$$libinit$$00000011)
    .ARM.Collect$$libinit$$00000013          0x0000013e   Section        0  libinit2.o(.ARM.Collect$$libinit$$00000013)
    .ARM.Collect$$libinit$$00000015          0x0000013e   Section        0  libinit2.o(.ARM.Collect$$libinit$$00000015)
    .ARM.Collect$$libinit$$00000017          0x0000013e   Section        0  libinit2.o(.ARM.Collect$$libinit$$00000017)
    .ARM.Collect$$libinit$$00000019          0x0000013e   Section        0  libinit2.o(.ARM.Collect$$libinit$$00000019)
    .ARM.Collect$$libinit$$0000001B          0x0000013e   Section        0  libinit2.o(.ARM.Collect$$libinit$$0000001B)
    .ARM.Collect$$libinit$$0000001D          0x0000013e   Section        0  libinit2.o(.ARM.Collect$$libinit$$0000001D)
    .ARM.Collect$$libinit$$0000001F          0x0000013e   Section        0  libinit2.o(.ARM.Collect$$libinit$$0000001F)
    .ARM.Collect$$libinit$$00000021          0x0000013e   Section        0  libinit2.o(.ARM.Collect$$libinit$$00000021)
    .ARM.Collect$$libinit$$00000023          0x0000013e   Section        0  libinit2.o(.ARM.Collect$$libinit$$00000023)
    .ARM.Collect$$libinit$$00000025          0x0000013e   Section        0  libinit2.o(.ARM.Collect$$libinit$$00000025)
    .ARM.Collect$$libinit$$0000002C          0x0000013e   Section        0  libinit2.o(.ARM.Collect$$libinit$$0000002C)
    .ARM.Collect$$libinit$$0000002E          0x0000013e   Section        0  libinit2.o(.ARM.Collect$$libinit$$0000002E)
    .ARM.Collect$$libinit$$00000030          0x0000013e   Section        0  libinit2.o(.ARM.Collect$$libinit$$00000030)
    .ARM.Collect$$libinit$$00000032          0x0000013e   Section        0  libinit2.o(.ARM.Collect$$libinit$$00000032)
    .ARM.Collect$$libinit$$00000033          0x0000013e   Section        2  libinit2.o(.ARM.Collect$$libinit$$00000033)
    .ARM.Collect$$libshutdown$$00000000      0x00000140   Section        2  libshutdown.o(.ARM.Collect$$libshutdown$$00000000)
    .ARM.Collect$$libshutdown$$00000002      0x00000142   Section        0  libshutdown2.o(.ARM.Collect$$libshutdown$$00000002)
    .ARM.Collect$$libshutdown$$00000004      0x00000142   Section        0  libshutdown2.o(.ARM.Collect$$libshutdown$$00000004)
    .ARM.Collect$$libshutdown$$00000007      0x00000142   Section        0  libshutdown2.o(.ARM.Collect$$libshutdown$$00000007)
    .ARM.Collect$$libshutdown$$0000000A      0x00000142   Section        0  libshutdown2.o(.ARM.Collect$$libshutdown$$0000000A)
    .ARM.Collect$$libshutdown$$0000000C      0x00000142   Section        0  libshutdown2.o(.ARM.Collect$$libshutdown$$0000000C)
    .ARM.Collect$$libshutdown$$0000000F      0x00000142   Section        0  libshutdown2.o(.ARM.Collect$$libshutdown$$0000000F)
    .ARM.Collect$$libshutdown$$00000010      0x00000142   Section        2  libshutdown2.o(.ARM.Collect$$libshutdown$$00000010)
    .ARM.Collect$$rtentry$$00000000          0x00000144   Section        0  __rtentry.o(.ARM.Collect$$rtentry$$00000000)
    .ARM.Collect$$rtentry$$00000002          0x00000144   Section        0  __rtentry2.o(.ARM.Collect$$rtentry$$00000002)
    .ARM.Collect$$rtentry$$00000004          0x00000144   Section        6  __rtentry4.o(.ARM.Collect$$rtentry$$00000004)
    .ARM.Collect$$rtentry$$00000009          0x0000014a   Section        0  __rtentry2.o(.ARM.Collect$$rtentry$$00000009)
    .ARM.Collect$$rtentry$$0000000A          0x0000014a   Section        4  __rtentry2.o(.ARM.Collect$$rtentry$$0000000A)
    .ARM.Collect$$rtentry$$0000000C          0x0000014e   Section        0  __rtentry2.o(.ARM.Collect$$rtentry$$0000000C)
    .ARM.Collect$$rtentry$$0000000D          0x0000014e   Section        8  __rtentry2.o(.ARM.Collect$$rtentry$$0000000D)
    .ARM.Collect$$rtexit$$00000000           0x00000156   Section        2  rtexit.o(.ARM.Collect$$rtexit$$00000000)
    .ARM.Collect$$rtexit$$00000002           0x00000158   Section        0  rtexit2.o(.ARM.Collect$$rtexit$$00000002)
    .ARM.Collect$$rtexit$$00000003           0x00000158   Section        4  rtexit2.o(.ARM.Collect$$rtexit$$00000003)
    .ARM.Collect$$rtexit$$00000004           0x0000015c   Section        6  rtexit2.o(.ARM.Collect$$rtexit$$00000004)
    .emb_text                                0x00000164   Section       56  rt_memcpy.o(.emb_text)
    .text                                    0x0000019c   Section       88  startup_hc32l17x.o(.text)
    .text                                    0x000001f4   Section        0  heapauxi.o(.text)
    .text                                    0x000001fa   Section       62  sys_stackheap_outer.o(.text)
    .text                                    0x00000238   Section        0  exit.o(.text)
    .text                                    0x00000248   Section        8  libspace.o(.text)
    .text                                    0x00000250   Section        0  sys_exit.o(.text)
    .text                                    0x0000025c   Section        2  use_no_semi.o(.text)
    .text                                    0x0000025e   Section        0  indicate_semi.o(.text)
    i.$Sub$$main                             0x0000025e   Section        0  system_hc32l17x.o(i.$Sub$$main)
    i.ADC_DAC_IRQHandler                     0x0000026c   Section        0  interrupts_hc32l17x.o(i.ADC_DAC_IRQHandler)
    i.CLKTRIM_IRQHandler                     0x00000278   Section        0  interrupts_hc32l17x.o(i.CLKTRIM_IRQHandler)
    i.DMAC_IRQHandler                        0x00000280   Section        0  interrupts_hc32l17x.o(i.DMAC_IRQHandler)
    i.FLASH_RAM_IRQHandler                   0x00000288   Section        0  interrupts_hc32l17x.o(i.FLASH_RAM_IRQHandler)
    i.HardFault_Handler                      0x00000294   Section        0  interrupts_hc32l17x.o(i.HardFault_Handler)
    i.I2C0_IRQHandler                        0x000002a4   Section        0  interrupts_hc32l17x.o(i.I2C0_IRQHandler)
    i.I2C1_IRQHandler                        0x000002ac   Section        0  interrupts_hc32l17x.o(i.I2C1_IRQHandler)
    i.LCD_IRQHandler                         0x000002b4   Section        0  interrupts_hc32l17x.o(i.LCD_IRQHandler)
    i.LPTIM0_1_IRQHandler                    0x000002bc   Section        0  interrupts_hc32l17x.o(i.LPTIM0_1_IRQHandler)
    i.LPUART0_IRQHandler                     0x000002c8   Section        0  interrupts_hc32l17x.o(i.LPUART0_IRQHandler)
    i.LPUART1_IRQHandler                     0x000002d0   Section        0  interrupts_hc32l17x.o(i.LPUART1_IRQHandler)
    i.LVD_IRQHandler                         0x000002d8   Section        0  interrupts_hc32l17x.o(i.LVD_IRQHandler)
    i.PCA_IRQHandler                         0x000002e0   Section        0  interrupts_hc32l17x.o(i.PCA_IRQHandler)
    i.PCNT_IRQHandler                        0x000002e8   Section        0  interrupts_hc32l17x.o(i.PCNT_IRQHandler)
    i.PORTA_IRQHandler                       0x000002f0   Section        0  interrupts_hc32l17x.o(i.PORTA_IRQHandler)
    i.PORTB_IRQHandler                       0x000002f8   Section        0  interrupts_hc32l17x.o(i.PORTB_IRQHandler)
    i.PORTC_E_IRQHandler                     0x00000300   Section        0  interrupts_hc32l17x.o(i.PORTC_E_IRQHandler)
    i.PORTD_F_IRQHandler                     0x0000030c   Section        0  interrupts_hc32l17x.o(i.PORTD_F_IRQHandler)
    i.RTC_IRQHandler                         0x00000318   Section        0  interrupts_hc32l17x.o(i.RTC_IRQHandler)
    i.SPI0_IRQHandler                        0x00000320   Section        0  interrupts_hc32l17x.o(i.SPI0_IRQHandler)
    i.SPI1_IRQHandler                        0x00000328   Section        0  interrupts_hc32l17x.o(i.SPI1_IRQHandler)
    i.SysTick_Handler                        0x00000330   Section        0  interrupts_hc32l17x.o(i.SysTick_Handler)
    i.Sysctrl_GetHClkFreq                    0x00000338   Section        0  sysctrl.o(i.Sysctrl_GetHClkFreq)
    i.SystemCoreClockUpdate                  0x000004ac   Section        0  system_hc32l17x.o(i.SystemCoreClockUpdate)
    i.SystemInit                             0x000004bc   Section        0  system_hc32l17x.o(i.SystemInit)
    i.TIM0_IRQHandler                        0x000004fc   Section        0  interrupts_hc32l17x.o(i.TIM0_IRQHandler)
    i.TIM1_IRQHandler                        0x00000504   Section        0  interrupts_hc32l17x.o(i.TIM1_IRQHandler)
    i.TIM2_IRQHandler                        0x0000050c   Section        0  interrupts_hc32l17x.o(i.TIM2_IRQHandler)
    i.TIM3_IRQHandler                        0x00000514   Section        0  interrupts_hc32l17x.o(i.TIM3_IRQHandler)
    i.TIM4_IRQHandler                        0x0000051c   Section        0  interrupts_hc32l17x.o(i.TIM4_IRQHandler)
    i.TIM5_IRQHandler                        0x00000524   Section        0  interrupts_hc32l17x.o(i.TIM5_IRQHandler)
    i.TIM6_IRQHandler                        0x0000052c   Section        0  interrupts_hc32l17x.o(i.TIM6_IRQHandler)
    i.UART0_2_IRQHandler                     0x00000534   Section        0  interrupts_hc32l17x.o(i.UART0_2_IRQHandler)
    i.UART1_3_IRQHandler                     0x00000540   Section        0  interrupts_hc32l17x.o(i.UART1_3_IRQHandler)
    i.VC0_IRQHandler                         0x0000054c   Section        0  interrupts_hc32l17x.o(i.VC0_IRQHandler)
    i.VC1_2_IRQHandler                       0x00000554   Section        0  interrupts_hc32l17x.o(i.VC1_2_IRQHandler)
    i.WDT_IRQHandler                         0x00000560   Section        0  interrupts_hc32l17x.o(i.WDT_IRQHandler)
    i._InitHidePin                           0x00000568   Section        0  system_hc32l17x.o(i._InitHidePin)
    _InitHidePin                             0x00000569   Thumb Code    60  system_hc32l17x.o(i._InitHidePin)
    i.__ARM_common_switch8                   0x000005b0   Section        0  adc.o(i.__ARM_common_switch8)
    i.main                                   0x000005cc   Section        0  main.o(i.main)
    .constdata                               0x000005d0   Section       24  sysctrl.o(.constdata)
    .data                                    0x20000000   Section        4  system_hc32l17x.o(.data)
    .bss                                     0x20000004   Section       96  libspace.o(.bss)
    HEAP                                     0x20000068   Section      512  startup_hc32l17x.o(HEAP)
    Heap_Mem                                 0x20000068   Data         512  startup_hc32l17x.o(HEAP)
    STACK                                    0x20000268   Section      512  startup_hc32l17x.o(STACK)
    Stack_Mem                                0x20000268   Data         512  startup_hc32l17x.o(STACK)
    __initial_sp                             0x20000468   Data           0  startup_hc32l17x.o(STACK)

    Global Symbols

    Symbol Name                              Value     Ov Type        Size  Object(Section)

    BuildAttributes$$THM_ISAv3M$S$PE$A:L22$X:L11$S22$IEEE1$IW$USESV6$~STKCKD$USESV7$~SHL$OSPACE$ROPI$EBA8$UX$STANDARDLIB$REQ8$PRES8$EABIv2 0x00000000   Number         0  anon$$obj.o ABSOLUTE
    __ARM_use_no_argv                        0x00000000   Number         0  main.o ABSOLUTE
    __Vectors                                0x00000000   Data           0  startup_hc32l17x.o(RESET)
    Adc_IRQHandler                            - Undefined Weak Reference
    ClkTrim_IRQHandler                        - Undefined Weak Reference
    Dac_IRQHandler                            - Undefined Weak Reference
    Dmac_IRQHandler                           - Undefined Weak Reference
    Flash_IRQHandler                          - Undefined Weak Reference
    I2c0_IRQHandler                           - Undefined Weak Reference
    I2c1_IRQHandler                           - Undefined Weak Reference
    Lcd_IRQHandler                            - Undefined Weak Reference
    LpTim0_IRQHandler                         - Undefined Weak Reference
    LpTim1_IRQHandler                         - Undefined Weak Reference
    LpUart0_IRQHandler                        - Undefined Weak Reference
    LpUart1_IRQHandler                        - Undefined Weak Reference
    Lvd_IRQHandler                            - Undefined Weak Reference
    Pca_IRQHandler                            - Undefined Weak Reference
    Pcnt_IRQHandler                           - Undefined Weak Reference
    PortA_IRQHandler                          - Undefined Weak Reference
    PortB_IRQHandler                          - Undefined Weak Reference
    PortC_IRQHandler                          - Undefined Weak Reference
    PortD_IRQHandler                          - Undefined Weak Reference
    PortE_IRQHandler                          - Undefined Weak Reference
    PortF_IRQHandler                          - Undefined Weak Reference
    Ram_IRQHandler                            - Undefined Weak Reference
    Rtc_IRQHandler                            - Undefined Weak Reference
    Spi0_IRQHandler                           - Undefined Weak Reference
    Spi1_IRQHandler                           - Undefined Weak Reference
    SysTick_IRQHandler                        - Undefined Weak Reference
    Tim0_IRQHandler                           - Undefined Weak Reference
    Tim1_IRQHandler                           - Undefined Weak Reference
    Tim2_IRQHandler                           - Undefined Weak Reference
    Tim3_IRQHandler                           - Undefined Weak Reference
    Tim4_IRQHandler                           - Undefined Weak Reference
    Tim5_IRQHandler                           - Undefined Weak Reference
    Tim6_IRQHandler                           - Undefined Weak Reference
    Uart0_IRQHandler                          - Undefined Weak Reference
    Uart1_IRQHandler                          - Undefined Weak Reference
    Uart2_IRQHandler                          - Undefined Weak Reference
    Uart3_IRQHandler                          - Undefined Weak Reference
    Vc0_IRQHandler                            - Undefined Weak Reference
    Vc1_IRQHandler                            - Undefined Weak Reference
    Vc2_IRQHandler                            - Undefined Weak Reference
    Wdt_IRQHandler                            - Undefined Weak Reference
    __ARM_exceptions_init                     - Undefined Weak Reference
    __alloca_initialize                       - Undefined Weak Reference
    __arm_preinit_                            - Undefined Weak Reference
    __cpp_initialize__aeabi_                  - Undefined Weak Reference
    __cxa_finalize                            - Undefined Weak Reference
    __rt_locale                               - Undefined Weak Reference
    __sigvec_lookup                           - Undefined Weak Reference
    _atexit_init                              - Undefined Weak Reference
    _call_atexit_fns                          - Undefined Weak Reference
    _clock_init                               - Undefined Weak Reference
    _fp_trap_init                             - Undefined Weak Reference
    _fp_trap_shutdown                         - Undefined Weak Reference
    _get_lc_collate                           - Undefined Weak Reference
    _get_lc_ctype                             - Undefined Weak Reference
    _get_lc_monetary                          - Undefined Weak Reference
    _get_lc_numeric                           - Undefined Weak Reference
    _get_lc_time                              - Undefined Weak Reference
    _getenv_init                              - Undefined Weak Reference
    _handle_redirection                       - Undefined Weak Reference
    _init_alloc                               - Undefined Weak Reference
    _init_user_alloc                          - Undefined Weak Reference
    _initio                                   - Undefined Weak Reference
    _rand_init                                - Undefined Weak Reference
    _signal_finish                            - Undefined Weak Reference
    _signal_init                              - Undefined Weak Reference
    _terminate_alloc                          - Undefined Weak Reference
    _terminate_user_alloc                     - Undefined Weak Reference
    _terminateio                              - Undefined Weak Reference
    __Vectors_End                            0x000000c0   Data           0  startup_hc32l17x.o(RESET)
    __Vectors_Size                           0x000000c0   Number         0  startup_hc32l17x.o ABSOLUTE
    __main                                   0x000000c1   Thumb Code     8  __main.o(!!!main)
    __scatterload                            0x000000c9   Thumb Code     0  __scatter.o(!!!scatter)
    __scatterload_rt2                        0x000000c9   Thumb Code    52  __scatter.o(!!!scatter)
    __scatterload_rt2_thumb_only             0x000000c9   Thumb Code     0  __scatter.o(!!!scatter)
    __scatterload_null                       0x000000d9   Thumb Code     0  __scatter.o(!!!scatter)
    __scatterload_copy                       0x00000105   Thumb Code    26  __scatter_copy.o(!!handler_copy)
    __scatterload_zeroinit                   0x00000121   Thumb Code    28  __scatter_zi.o(!!handler_zi)
    __rt_lib_init                            0x0000013d   Thumb Code     0  libinit.o(.ARM.Collect$$libinit$$00000000)
    __rt_lib_init_alloca_1                   0x0000013f   Thumb Code     0  libinit2.o(.ARM.Collect$$libinit$$0000002E)
    __rt_lib_init_argv_1                     0x0000013f   Thumb Code     0  libinit2.o(.ARM.Collect$$libinit$$0000002C)
    __rt_lib_init_atexit_1                   0x0000013f   Thumb Code     0  libinit2.o(.ARM.Collect$$libinit$$0000001B)
    __rt_lib_init_clock_1                    0x0000013f   Thumb Code     0  libinit2.o(.ARM.Collect$$libinit$$00000021)
    __rt_lib_init_cpp_1                      0x0000013f   Thumb Code     0  libinit2.o(.ARM.Collect$$libinit$$00000032)
    __rt_lib_init_exceptions_1               0x0000013f   Thumb Code     0  libinit2.o(.ARM.Collect$$libinit$$00000030)
    __rt_lib_init_fp_1                       0x0000013f   Thumb Code     0  libinit2.o(.ARM.Collect$$libinit$$00000002)
    __rt_lib_init_fp_trap_1                  0x0000013f   Thumb Code     0  libinit2.o(.ARM.Collect$$libinit$$0000001F)
    __rt_lib_init_getenv_1                   0x0000013f   Thumb Code     0  libinit2.o(.ARM.Collect$$libinit$$00000023)
    __rt_lib_init_heap_1                     0x0000013f   Thumb Code     0  libinit2.o(.ARM.Collect$$libinit$$0000000A)
    __rt_lib_init_lc_collate_1               0x0000013f   Thumb Code     0  libinit2.o(.ARM.Collect$$libinit$$00000011)
    __rt_lib_init_lc_ctype_1                 0x0000013f   Thumb Code     0  libinit2.o(.ARM.Collect$$libinit$$00000013)
    __rt_lib_init_lc_monetary_1              0x0000013f   Thumb Code     0  libinit2.o(.ARM.Collect$$libinit$$00000015)
    __rt_lib_init_lc_numeric_1               0x0000013f   Thumb Code     0  libinit2.o(.ARM.Collect$$libinit$$00000017)
    __rt_lib_init_lc_time_1                  0x0000013f   Thumb Code     0  libinit2.o(.ARM.Collect$$libinit$$00000019)
    __rt_lib_init_preinit_1                  0x0000013f   Thumb Code     0  libinit2.o(.ARM.Collect$$libinit$$00000004)
    __rt_lib_init_rand_1                     0x0000013f   Thumb Code     0  libinit2.o(.ARM.Collect$$libinit$$0000000E)
    __rt_lib_init_return                     0x0000013f   Thumb Code     0  libinit2.o(.ARM.Collect$$libinit$$00000033)
    __rt_lib_init_signal_1                   0x0000013f   Thumb Code     0  libinit2.o(.ARM.Collect$$libinit$$0000001D)
    __rt_lib_init_stdio_1                    0x0000013f   Thumb Code     0  libinit2.o(.ARM.Collect$$libinit$$00000025)
    __rt_lib_init_user_alloc_1               0x0000013f   Thumb Code     0  libinit2.o(.ARM.Collect$$libinit$$0000000C)
    __rt_lib_shutdown                        0x00000141   Thumb Code     0  libshutdown.o(.ARM.Collect$$libshutdown$$00000000)
    __rt_lib_shutdown_cpp_1                  0x00000143   Thumb Code     0  libshutdown2.o(.ARM.Collect$$libshutdown$$00000002)
    __rt_lib_shutdown_fp_trap_1              0x00000143   Thumb Code     0  libshutdown2.o(.ARM.Collect$$libshutdown$$00000007)
    __rt_lib_shutdown_heap_1                 0x00000143   Thumb Code     0  libshutdown2.o(.ARM.Collect$$libshutdown$$0000000F)
    __rt_lib_shutdown_return                 0x00000143   Thumb Code     0  libshutdown2.o(.ARM.Collect$$libshutdown$$00000010)
    __rt_lib_shutdown_signal_1               0x00000143   Thumb Code     0  libshutdown2.o(.ARM.Collect$$libshutdown$$0000000A)
    __rt_lib_shutdown_stdio_1                0x00000143   Thumb Code     0  libshutdown2.o(.ARM.Collect$$libshutdown$$00000004)
    __rt_lib_shutdown_user_alloc_1           0x00000143   Thumb Code     0  libshutdown2.o(.ARM.Collect$$libshutdown$$0000000C)
    __rt_entry                               0x00000145   Thumb Code     0  __rtentry.o(.ARM.Collect$$rtentry$$00000000)
    __rt_entry_presh_1                       0x00000145   Thumb Code     0  __rtentry2.o(.ARM.Collect$$rtentry$$00000002)
    __rt_entry_sh                            0x00000145   Thumb Code     0  __rtentry4.o(.ARM.Collect$$rtentry$$00000004)
    __rt_entry_li                            0x0000014b   Thumb Code     0  __rtentry2.o(.ARM.Collect$$rtentry$$0000000A)
    __rt_entry_postsh_1                      0x0000014b   Thumb Code     0  __rtentry2.o(.ARM.Collect$$rtentry$$00000009)
    __rt_entry_main                          0x0000014f   Thumb Code     0  __rtentry2.o(.ARM.Collect$$rtentry$$0000000D)
    __rt_entry_postli_1                      0x0000014f   Thumb Code     0  __rtentry2.o(.ARM.Collect$$rtentry$$0000000C)
    __rt_exit                                0x00000157   Thumb Code     0  rtexit.o(.ARM.Collect$$rtexit$$00000000)
    __rt_exit_ls                             0x00000159   Thumb Code     0  rtexit2.o(.ARM.Collect$$rtexit$$00000003)
    __rt_exit_prels_1                        0x00000159   Thumb Code     0  rtexit2.o(.ARM.Collect$$rtexit$$00000002)
    __rt_exit_exit                           0x0000015d   Thumb Code     0  rtexit2.o(.ARM.Collect$$rtexit$$00000004)
    __aeabi_memcpy4                          0x00000165   Thumb Code    56  rt_memcpy.o(.emb_text)
    __aeabi_memcpy8                          0x00000165   Thumb Code     0  rt_memcpy.o(.emb_text)
    Reset_Handler                            0x0000019d   Thumb Code    26  startup_hc32l17x.o(.text)
    NMI_Handler                              0x000001b7   Thumb Code     2  startup_hc32l17x.o(.text)
    SVC_Handler                              0x000001bb   Thumb Code     2  startup_hc32l17x.o(.text)
    PendSV_Handler                           0x000001bd   Thumb Code     2  startup_hc32l17x.o(.text)
    __user_initial_stackheap                 0x000001c5   Thumb Code     0  startup_hc32l17x.o(.text)
    __use_two_region_memory                  0x000001f5   Thumb Code     2  heapauxi.o(.text)
    __rt_heap_escrow$2region                 0x000001f7   Thumb Code     2  heapauxi.o(.text)
    __rt_heap_expand$2region                 0x000001f9   Thumb Code     2  heapauxi.o(.text)
    __user_setup_stackheap                   0x000001fb   Thumb Code    62  sys_stackheap_outer.o(.text)
    exit                                     0x00000239   Thumb Code    16  exit.o(.text)
    __user_libspace                          0x00000249   Thumb Code     8  libspace.o(.text)
    __user_perproc_libspace                  0x00000249   Thumb Code     0  libspace.o(.text)
    __user_perthread_libspace                0x00000249   Thumb Code     0  libspace.o(.text)
    _sys_exit                                0x00000251   Thumb Code     8  sys_exit.o(.text)
    __I$use$semihosting                      0x0000025d   Thumb Code     0  use_no_semi.o(.text)
    __use_no_semihosting_swi                 0x0000025d   Thumb Code     2  use_no_semi.o(.text)
    __semihosting_library_function           0x0000025f   Thumb Code     0  indicate_semi.o(.text)
    main                                     0x0000025f   Thumb Code    14  system_hc32l17x.o(i.$Sub$$main)
    ADC_DAC_IRQHandler                       0x0000026d   Thumb Code    12  interrupts_hc32l17x.o(i.ADC_DAC_IRQHandler)
    CLKTRIM_IRQHandler                       0x00000279   Thumb Code     8  interrupts_hc32l17x.o(i.CLKTRIM_IRQHandler)
    DMAC_IRQHandler                          0x00000281   Thumb Code     8  interrupts_hc32l17x.o(i.DMAC_IRQHandler)
    FLASH_RAM_IRQHandler                     0x00000289   Thumb Code    12  interrupts_hc32l17x.o(i.FLASH_RAM_IRQHandler)
    HardFault_Handler                        0x00000295   Thumb Code    16  interrupts_hc32l17x.o(i.HardFault_Handler)
    I2C0_IRQHandler                          0x000002a5   Thumb Code     8  interrupts_hc32l17x.o(i.I2C0_IRQHandler)
    I2C1_IRQHandler                          0x000002ad   Thumb Code     8  interrupts_hc32l17x.o(i.I2C1_IRQHandler)
    LCD_IRQHandler                           0x000002b5   Thumb Code     8  interrupts_hc32l17x.o(i.LCD_IRQHandler)
    LPTIM0_1_IRQHandler                      0x000002bd   Thumb Code    12  interrupts_hc32l17x.o(i.LPTIM0_1_IRQHandler)
    LPUART0_IRQHandler                       0x000002c9   Thumb Code     8  interrupts_hc32l17x.o(i.LPUART0_IRQHandler)
    LPUART1_IRQHandler                       0x000002d1   Thumb Code     8  interrupts_hc32l17x.o(i.LPUART1_IRQHandler)
    LVD_IRQHandler                           0x000002d9   Thumb Code     8  interrupts_hc32l17x.o(i.LVD_IRQHandler)
    PCA_IRQHandler                           0x000002e1   Thumb Code     8  interrupts_hc32l17x.o(i.PCA_IRQHandler)
    PCNT_IRQHandler                          0x000002e9   Thumb Code     8  interrupts_hc32l17x.o(i.PCNT_IRQHandler)
    PORTA_IRQHandler                         0x000002f1   Thumb Code     8  interrupts_hc32l17x.o(i.PORTA_IRQHandler)
    PORTB_IRQHandler                         0x000002f9   Thumb Code     8  interrupts_hc32l17x.o(i.PORTB_IRQHandler)
    PORTC_E_IRQHandler                       0x00000301   Thumb Code    12  interrupts_hc32l17x.o(i.PORTC_E_IRQHandler)
    PORTD_F_IRQHandler                       0x0000030d   Thumb Code    12  interrupts_hc32l17x.o(i.PORTD_F_IRQHandler)
    RTC_IRQHandler                           0x00000319   Thumb Code     8  interrupts_hc32l17x.o(i.RTC_IRQHandler)
    SPI0_IRQHandler                          0x00000321   Thumb Code     8  interrupts_hc32l17x.o(i.SPI0_IRQHandler)
    SPI1_IRQHandler                          0x00000329   Thumb Code     8  interrupts_hc32l17x.o(i.SPI1_IRQHandler)
    SysTick_Handler                          0x00000331   Thumb Code     8  interrupts_hc32l17x.o(i.SysTick_Handler)
    Sysctrl_GetHClkFreq                      0x00000339   Thumb Code   354  sysctrl.o(i.Sysctrl_GetHClkFreq)
    SystemCoreClockUpdate                    0x000004ad   Thumb Code    12  system_hc32l17x.o(i.SystemCoreClockUpdate)
    SystemInit                               0x000004bd   Thumb Code    56  system_hc32l17x.o(i.SystemInit)
    TIM0_IRQHandler                          0x000004fd   Thumb Code     8  interrupts_hc32l17x.o(i.TIM0_IRQHandler)
    TIM1_IRQHandler                          0x00000505   Thumb Code     8  interrupts_hc32l17x.o(i.TIM1_IRQHandler)
    TIM2_IRQHandler                          0x0000050d   Thumb Code     8  interrupts_hc32l17x.o(i.TIM2_IRQHandler)
    TIM3_IRQHandler                          0x00000515   Thumb Code     8  interrupts_hc32l17x.o(i.TIM3_IRQHandler)
    TIM4_IRQHandler                          0x0000051d   Thumb Code     8  interrupts_hc32l17x.o(i.TIM4_IRQHandler)
    TIM5_IRQHandler                          0x00000525   Thumb Code     8  interrupts_hc32l17x.o(i.TIM5_IRQHandler)
    TIM6_IRQHandler                          0x0000052d   Thumb Code     8  interrupts_hc32l17x.o(i.TIM6_IRQHandler)
    UART0_2_IRQHandler                       0x00000535   Thumb Code    12  interrupts_hc32l17x.o(i.UART0_2_IRQHandler)
    UART1_3_IRQHandler                       0x00000541   Thumb Code    12  interrupts_hc32l17x.o(i.UART1_3_IRQHandler)
    VC0_IRQHandler                           0x0000054d   Thumb Code     8  interrupts_hc32l17x.o(i.VC0_IRQHandler)
    VC1_2_IRQHandler                         0x00000555   Thumb Code    12  interrupts_hc32l17x.o(i.VC1_2_IRQHandler)
    WDT_IRQHandler                           0x00000561   Thumb Code     8  interrupts_hc32l17x.o(i.WDT_IRQHandler)
    __ARM_common_switch8                     0x000005b1   Thumb Code    28  adc.o(i.__ARM_common_switch8)
    $Super$$main                             0x000005cd   Thumb Code     4  main.o(i.main)
    Region$$Table$$Base                      0x000005e8   Number         0  anon$$obj.o(Region$$Table)
    Region$$Table$$Limit                     0x00000608   Number         0  anon$$obj.o(Region$$Table)
    SystemCoreClock                          0x20000000   Data           4  system_hc32l17x.o(.data)
    __libspace_start                         0x20000004   Data          96  libspace.o(.bss)
    __temporary_stack_top$libspace           0x20000064   Data           0  libspace.o(.bss)



==============================================================================

Memory Map of the image

  Image Entry point : 0x000000c1

  Load Region LR_IROM1 (Base: 0x00000000, Size: 0x0000060c, Max: 0x00020000, ABSOLUTE)

    Execution Region ER_IROM1 (Exec base: 0x00000000, Load base: 0x00000000, Size: 0x00000608, Max: 0x00020000, ABSOLUTE)

    Exec Addr    Load Addr    Size         Type   Attr      Idx    E Section Name        Object

    0x00000000   0x00000000   0x000000c0   Data   RO          338    RESET               startup_hc32l17x.o
    0x000000c0   0x000000c0   0x00000008   Code   RO         4067  * !!!main             c_p.l(__main.o)
    0x000000c8   0x000000c8   0x0000003c   Code   RO         4250    !!!scatter          c_p.l(__scatter.o)
    0x00000104   0x00000104   0x0000001a   Code   RO         4252    !!handler_copy      c_p.l(__scatter_copy.o)
    0x0000011e   0x0000011e   0x00000002   PAD
    0x00000120   0x00000120   0x0000001c   Code   RO         4254    !!handler_zi        c_p.l(__scatter_zi.o)
    0x0000013c   0x0000013c   0x00000002   Code   RO         4119    .ARM.Collect$$libinit$$00000000  c_p.l(libinit.o)
    0x0000013e   0x0000013e   0x00000000   Code   RO         4133    .ARM.Collect$$libinit$$00000002  c_p.l(libinit2.o)
    0x0000013e   0x0000013e   0x00000000   Code   RO         4135    .ARM.Collect$$libinit$$00000004  c_p.l(libinit2.o)
    0x0000013e   0x0000013e   0x00000000   Code   RO         4138    .ARM.Collect$$libinit$$0000000A  c_p.l(libinit2.o)
    0x0000013e   0x0000013e   0x00000000   Code   RO         4140    .ARM.Collect$$libinit$$0000000C  c_p.l(libinit2.o)
    0x0000013e   0x0000013e   0x00000000   Code   RO         4142    .ARM.Collect$$libinit$$0000000E  c_p.l(libinit2.o)
    0x0000013e   0x0000013e   0x00000000   Code   RO         4145    .ARM.Collect$$libinit$$00000011  c_p.l(libinit2.o)
    0x0000013e   0x0000013e   0x00000000   Code   RO         4147    .ARM.Collect$$libinit$$00000013  c_p.l(libinit2.o)
    0x0000013e   0x0000013e   0x00000000   Code   RO         4149    .ARM.Collect$$libinit$$00000015  c_p.l(libinit2.o)
    0x0000013e   0x0000013e   0x00000000   Code   RO         4151    .ARM.Collect$$libinit$$00000017  c_p.l(libinit2.o)
    0x0000013e   0x0000013e   0x00000000   Code   RO         4153    .ARM.Collect$$libinit$$00000019  c_p.l(libinit2.o)
    0x0000013e   0x0000013e   0x00000000   Code   RO         4155    .ARM.Collect$$libinit$$0000001B  c_p.l(libinit2.o)
    0x0000013e   0x0000013e   0x00000000   Code   RO         4157    .ARM.Collect$$libinit$$0000001D  c_p.l(libinit2.o)
    0x0000013e   0x0000013e   0x00000000   Code   RO         4159    .ARM.Collect$$libinit$$0000001F  c_p.l(libinit2.o)
    0x0000013e   0x0000013e   0x00000000   Code   RO         4161    .ARM.Collect$$libinit$$00000021  c_p.l(libinit2.o)
    0x0000013e   0x0000013e   0x00000000   Code   RO         4163    .ARM.Collect$$libinit$$00000023  c_p.l(libinit2.o)
    0x0000013e   0x0000013e   0x00000000   Code   RO         4165    .ARM.Collect$$libinit$$00000025  c_p.l(libinit2.o)
    0x0000013e   0x0000013e   0x00000000   Code   RO         4169    .ARM.Collect$$libinit$$0000002C  c_p.l(libinit2.o)
    0x0000013e   0x0000013e   0x00000000   Code   RO         4171    .ARM.Collect$$libinit$$0000002E  c_p.l(libinit2.o)
    0x0000013e   0x0000013e   0x00000000   Code   RO         4173    .ARM.Collect$$libinit$$00000030  c_p.l(libinit2.o)
    0x0000013e   0x0000013e   0x00000000   Code   RO         4175    .ARM.Collect$$libinit$$00000032  c_p.l(libinit2.o)
    0x0000013e   0x0000013e   0x00000002   Code   RO         4176    .ARM.Collect$$libinit$$00000033  c_p.l(libinit2.o)
    0x00000140   0x00000140   0x00000002   Code   RO         4207    .ARM.Collect$$libshutdown$$00000000  c_p.l(libshutdown.o)
    0x00000142   0x00000142   0x00000000   Code   RO         4233    .ARM.Collect$$libshutdown$$00000002  c_p.l(libshutdown2.o)
    0x00000142   0x00000142   0x00000000   Code   RO         4235    .ARM.Collect$$libshutdown$$00000004  c_p.l(libshutdown2.o)
    0x00000142   0x00000142   0x00000000   Code   RO         4238    .ARM.Collect$$libshutdown$$00000007  c_p.l(libshutdown2.o)
    0x00000142   0x00000142   0x00000000   Code   RO         4241    .ARM.Collect$$libshutdown$$0000000A  c_p.l(libshutdown2.o)
    0x00000142   0x00000142   0x00000000   Code   RO         4243    .ARM.Collect$$libshutdown$$0000000C  c_p.l(libshutdown2.o)
    0x00000142   0x00000142   0x00000000   Code   RO         4246    .ARM.Collect$$libshutdown$$0000000F  c_p.l(libshutdown2.o)
    0x00000142   0x00000142   0x00000002   Code   RO         4247    .ARM.Collect$$libshutdown$$00000010  c_p.l(libshutdown2.o)
    0x00000144   0x00000144   0x00000000   Code   RO         4082    .ARM.Collect$$rtentry$$00000000  c_p.l(__rtentry.o)
    0x00000144   0x00000144   0x00000000   Code   RO         4089    .ARM.Collect$$rtentry$$00000002  c_p.l(__rtentry2.o)
    0x00000144   0x00000144   0x00000006   Code   RO         4101    .ARM.Collect$$rtentry$$00000004  c_p.l(__rtentry4.o)
    0x0000014a   0x0000014a   0x00000000   Code   RO         4091    .ARM.Collect$$rtentry$$00000009  c_p.l(__rtentry2.o)
    0x0000014a   0x0000014a   0x00000004   Code   RO         4092    .ARM.Collect$$rtentry$$0000000A  c_p.l(__rtentry2.o)
    0x0000014e   0x0000014e   0x00000000   Code   RO         4094    .ARM.Collect$$rtentry$$0000000C  c_p.l(__rtentry2.o)
    0x0000014e   0x0000014e   0x00000008   Code   RO         4095    .ARM.Collect$$rtentry$$0000000D  c_p.l(__rtentry2.o)
    0x00000156   0x00000156   0x00000002   Code   RO         4124    .ARM.Collect$$rtexit$$00000000  c_p.l(rtexit.o)
    0x00000158   0x00000158   0x00000000   Code   RO         4180    .ARM.Collect$$rtexit$$00000002  c_p.l(rtexit2.o)
    0x00000158   0x00000158   0x00000004   Code   RO         4181    .ARM.Collect$$rtexit$$00000003  c_p.l(rtexit2.o)
    0x0000015c   0x0000015c   0x00000006   Code   RO         4182    .ARM.Collect$$rtexit$$00000004  c_p.l(rtexit2.o)
    0x00000162   0x00000162   0x00000002   PAD
    0x00000164   0x00000164   0x00000038   Code   RO         4055    .emb_text           c_p.l(rt_memcpy.o)
    0x0000019c   0x0000019c   0x00000058   Code   RO          339    .text               startup_hc32l17x.o
    0x000001f4   0x000001f4   0x00000006   Code   RO         4065    .text               c_p.l(heapauxi.o)
    0x000001fa   0x000001fa   0x0000003e   Code   RO         4105    .text               c_p.l(sys_stackheap_outer.o)
    0x00000238   0x00000238   0x00000010   Code   RO         4108    .text               c_p.l(exit.o)
    0x00000248   0x00000248   0x00000008   Code   RO         4120    .text               c_p.l(libspace.o)
    0x00000250   0x00000250   0x0000000c   Code   RO         4177    .text               c_p.l(sys_exit.o)
    0x0000025c   0x0000025c   0x00000002   Code   RO         4196    .text               c_p.l(use_no_semi.o)
    0x0000025e   0x0000025e   0x00000000   Code   RO         4198    .text               c_p.l(indicate_semi.o)
    0x0000025e   0x0000025e   0x0000000e   Code   RO          288    i.$Sub$$main        system_hc32l17x.o
    0x0000026c   0x0000026c   0x0000000c   Code   RO            3    i.ADC_DAC_IRQHandler  interrupts_hc32l17x.o
    0x00000278   0x00000278   0x00000008   Code   RO            4    i.CLKTRIM_IRQHandler  interrupts_hc32l17x.o
    0x00000280   0x00000280   0x00000008   Code   RO            5    i.DMAC_IRQHandler   interrupts_hc32l17x.o
    0x00000288   0x00000288   0x0000000c   Code   RO            7    i.FLASH_RAM_IRQHandler  interrupts_hc32l17x.o
    0x00000294   0x00000294   0x00000010   Code   RO            8    i.HardFault_Handler  interrupts_hc32l17x.o
    0x000002a4   0x000002a4   0x00000008   Code   RO            9    i.I2C0_IRQHandler   interrupts_hc32l17x.o
    0x000002ac   0x000002ac   0x00000008   Code   RO           10    i.I2C1_IRQHandler   interrupts_hc32l17x.o
    0x000002b4   0x000002b4   0x00000008   Code   RO           11    i.LCD_IRQHandler    interrupts_hc32l17x.o
    0x000002bc   0x000002bc   0x0000000c   Code   RO           12    i.LPTIM0_1_IRQHandler  interrupts_hc32l17x.o
    0x000002c8   0x000002c8   0x00000008   Code   RO           13    i.LPUART0_IRQHandler  interrupts_hc32l17x.o
    0x000002d0   0x000002d0   0x00000008   Code   RO           14    i.LPUART1_IRQHandler  interrupts_hc32l17x.o
    0x000002d8   0x000002d8   0x00000008   Code   RO           15    i.LVD_IRQHandler    interrupts_hc32l17x.o
    0x000002e0   0x000002e0   0x00000008   Code   RO           16    i.PCA_IRQHandler    interrupts_hc32l17x.o
    0x000002e8   0x000002e8   0x00000008   Code   RO           17    i.PCNT_IRQHandler   interrupts_hc32l17x.o
    0x000002f0   0x000002f0   0x00000008   Code   RO           18    i.PORTA_IRQHandler  interrupts_hc32l17x.o
    0x000002f8   0x000002f8   0x00000008   Code   RO           19    i.PORTB_IRQHandler  interrupts_hc32l17x.o
    0x00000300   0x00000300   0x0000000c   Code   RO           20    i.PORTC_E_IRQHandler  interrupts_hc32l17x.o
    0x0000030c   0x0000030c   0x0000000c   Code   RO           21    i.PORTD_F_IRQHandler  interrupts_hc32l17x.o
    0x00000318   0x00000318   0x00000008   Code   RO           22    i.RTC_IRQHandler    interrupts_hc32l17x.o
    0x00000320   0x00000320   0x00000008   Code   RO           23    i.SPI0_IRQHandler   interrupts_hc32l17x.o
    0x00000328   0x00000328   0x00000008   Code   RO           24    i.SPI1_IRQHandler   interrupts_hc32l17x.o
    0x00000330   0x00000330   0x00000008   Code   RO           25    i.SysTick_Handler   interrupts_hc32l17x.o
    0x00000338   0x00000338   0x00000174   Code   RO         3159    i.Sysctrl_GetHClkFreq  sysctrl.o
    0x000004ac   0x000004ac   0x00000010   Code   RO          289    i.SystemCoreClockUpdate  system_hc32l17x.o
    0x000004bc   0x000004bc   0x00000040   Code   RO          290    i.SystemInit        system_hc32l17x.o
    0x000004fc   0x000004fc   0x00000008   Code   RO           26    i.TIM0_IRQHandler   interrupts_hc32l17x.o
    0x00000504   0x00000504   0x00000008   Code   RO           27    i.TIM1_IRQHandler   interrupts_hc32l17x.o
    0x0000050c   0x0000050c   0x00000008   Code   RO           28    i.TIM2_IRQHandler   interrupts_hc32l17x.o
    0x00000514   0x00000514   0x00000008   Code   RO           29    i.TIM3_IRQHandler   interrupts_hc32l17x.o
    0x0000051c   0x0000051c   0x00000008   Code   RO           30    i.TIM4_IRQHandler   interrupts_hc32l17x.o
    0x00000524   0x00000524   0x00000008   Code   RO           31    i.TIM5_IRQHandler   interrupts_hc32l17x.o
    0x0000052c   0x0000052c   0x00000008   Code   RO           32    i.TIM6_IRQHandler   interrupts_hc32l17x.o
    0x00000534   0x00000534   0x0000000c   Code   RO           33    i.UART0_2_IRQHandler  interrupts_hc32l17x.o
    0x00000540   0x00000540   0x0000000c   Code   RO           34    i.UART1_3_IRQHandler  interrupts_hc32l17x.o
    0x0000054c   0x0000054c   0x00000008   Code   RO           35    i.VC0_IRQHandler    interrupts_hc32l17x.o
    0x00000554   0x00000554   0x0000000c   Code   RO           36    i.VC1_2_IRQHandler  interrupts_hc32l17x.o
    0x00000560   0x00000560   0x00000008   Code   RO           37    i.WDT_IRQHandler    interrupts_hc32l17x.o
    0x00000568   0x00000568   0x00000048   Code   RO          291    i._InitHidePin      system_hc32l17x.o
    0x000005b0   0x000005b0   0x0000001c   Code   RO          528    i.__ARM_common_switch8  adc.o
    0x000005cc   0x000005cc   0x00000004   Code   RO         4027    i.main              main.o
    0x000005d0   0x000005d0   0x00000018   Data   RO         3179    .constdata          sysctrl.o
    0x000005e8   0x000005e8   0x00000020   Data   RO         4248    Region$$Table       anon$$obj.o


    Execution Region RW_IRAM1 (Exec base: 0x20000000, Load base: 0x00000608, Size: 0x00000468, Max: 0x00004000, ABSOLUTE)

    Exec Addr    Load Addr    Size         Type   Attr      Idx    E Section Name        Object

    0x20000000   0x00000608   0x00000004   Data   RW          292    .data               system_hc32l17x.o
    0x20000004        -       0x00000060   Zero   RW         4121    .bss                c_p.l(libspace.o)
    0x20000064   0x0000060c   0x00000004   PAD
    0x20000068        -       0x00000200   Zero   RW          337    HEAP                startup_hc32l17x.o
    0x20000268        -       0x00000200   Zero   RW          336    STACK               startup_hc32l17x.o


==============================================================================

Image component sizes


      Code (inc. data)   RO Data    RW Data    ZI Data      Debug   Object Name

        28          0          0          0          0         76   adc.o
       312          0          0          0          0      25964   interrupts_hc32l17x.o
         4          0          0          0          0        403   main.o
        88         40        192          0       1024        644   startup_hc32l17x.o
       372         26         24          0          0       2134   sysctrl.o
       166         24          0          4          0       2096   system_hc32l17x.o

    ----------------------------------------------------------------------
       970         90        248          4       1024      31317   Object Totals
         0          0         32          0          0          0   (incl. Generated)
         0          0          0          0          0          0   (incl. Padding)

    ----------------------------------------------------------------------

      Code (inc. data)   RO Data    RW Data    ZI Data      Debug   Library Member Name

         8          0          0          0          0         68   __main.o
         0          0          0          0          0          0   __rtentry.o
        12          0          0          0          0          0   __rtentry2.o
         6          0          0          0          0          0   __rtentry4.o
        60          8          0          0          0          0   __scatter.o
        26          0          0          0          0          0   __scatter_copy.o
        28          0          0          0          0          0   __scatter_zi.o
        16          0          0          0          0         68   exit.o
         6          0          0          0          0        136   heapauxi.o
         0          0          0          0          0          0   indicate_semi.o
         2          0          0          0          0          0   libinit.o
         2          0          0          0          0          0   libinit2.o
         2          0          0          0          0          0   libshutdown.o
         2          0          0          0          0          0   libshutdown2.o
         8          4          0          0         96         68   libspace.o
        56          0          0          0          0         68   rt_memcpy.o
         2          0          0          0          0          0   rtexit.o
        10          0          0          0          0          0   rtexit2.o
        12          4          0          0          0         60   sys_exit.o
        62          0          0          0          0         80   sys_stackheap_outer.o
         2          0          0          0          0         68   use_no_semi.o

    ----------------------------------------------------------------------
       326         16          0          0        100        616   Library Totals
         4          0          0          0          4          0   (incl. Padding)

    ----------------------------------------------------------------------

      Code (inc. data)   RO Data    RW Data    ZI Data      Debug   Library Name

       322         16          0          0         96        616   c_p.l

    ----------------------------------------------------------------------
       326         16          0          0        100        616   Library Totals

    ----------------------------------------------------------------------

==============================================================================


      Code (inc. data)   RO Data    RW Data    ZI Data      Debug   

      1296        106        248          4       1124      30073   Grand Totals
      1296        106        248          4       1124      30073   ELF Image Totals
      1296        106        248          4          0          0   ROM Totals

==============================================================================

    Total RO  Size (Code + RO Data)                 1544 (   1.51kB)
    Total RW  Size (RW Data + ZI Data)              1128 (   1.10kB)
    Total ROM Size (Code + RO Data + RW Data)       1548 (   1.51kB)

==============================================================================

